Component: ARM Compiler 5.06 update 6 (build 750) Tool: armlink [4d35ed]

==============================================================================

Section Cross References

    startup_stm32l476xx.o(RESET) refers to startup_stm32l476xx.o(STACK) for __initial_sp
    startup_stm32l476xx.o(RESET) refers to startup_stm32l476xx.o(.text) for Reset_Handler
    startup_stm32l476xx.o(RESET) refers to stm32l4xx_it.o(i.NMI_Handler) for NMI_Handler
    startup_stm32l476xx.o(RESET) refers to stm32l4xx_it.o(i.HardFault_Handler) for HardFault_Handler
    startup_stm32l476xx.o(RESET) refers to stm32l4xx_it.o(i.MemManage_Handler) for MemManage_Handler
    startup_stm32l476xx.o(RESET) refers to stm32l4xx_it.o(i.BusFault_Handler) for BusFault_Handler
    startup_stm32l476xx.o(RESET) refers to stm32l4xx_it.o(i.UsageFault_Handler) for UsageFault_Handler
    startup_stm32l476xx.o(RESET) refers to stm32l4xx_it.o(i.SVC_Handler) for SVC_Handler
    startup_stm32l476xx.o(RESET) refers to stm32l4xx_it.o(i.DebugMon_Handler) for DebugMon_Handler
    startup_stm32l476xx.o(RESET) refers to los_dispatch_keil.o(.text) for PendSV_Handler
    startup_stm32l476xx.o(RESET) refers to los_hwi.o(i.SysTick_Handler) for SysTick_Handler
    startup_stm32l476xx.o(.text) refers to system_stm32l4xx.o(i.SystemInit) for SystemInit
    startup_stm32l476xx.o(.text) refers to entry.o(.ARM.Collect$$$$00000000) for __main
    main.o(i.SystemClock_Config) refers to memseta.o(.text) for __aeabi_memclr4
    main.o(i.SystemClock_Config) refers to stm32l4xx_hal_rcc.o(i.HAL_RCC_OscConfig) for HAL_RCC_OscConfig
    main.o(i.SystemClock_Config) refers to stm32l4xx_hal_rcc.o(i.HAL_RCC_ClockConfig) for HAL_RCC_ClockConfig
    main.o(i.SystemClock_Config) refers to stm32l4xx_hal_rcc_ex.o(i.HAL_RCCEx_PeriphCLKConfig) for HAL_RCCEx_PeriphCLKConfig
    main.o(i.SystemClock_Config) refers to stm32l4xx_hal_pwr_ex.o(i.HAL_PWREx_ControlVoltageScaling) for HAL_PWREx_ControlVoltageScaling
    main.o(i.main) refers to stm32l4xx_hal.o(i.HAL_Init) for HAL_Init
    main.o(i.main) refers to main.o(i.SystemClock_Config) for SystemClock_Config
    main.o(i.main) refers to gpio.o(i.MX_GPIO_Init) for MX_GPIO_Init
    main.o(i.main) refers to usart.o(i.MX_USART1_UART_Init) for MX_USART1_UART_Init
    main.o(i.main) refers to los_init.o(i.LOS_KernelInit) for LOS_KernelInit
    main.o(i.main) refers to los_inspect_entry.o(i.LOS_Inspect_Entry) for LOS_Inspect_Entry
    main.o(i.main) refers to los_init.o(i.LOS_Start) for LOS_Start
    gpio.o(i.MX_GPIO_Init) refers to memseta.o(.text) for __aeabi_memclr4
    gpio.o(i.MX_GPIO_Init) refers to stm32l4xx_hal_gpio.o(i.HAL_GPIO_WritePin) for HAL_GPIO_WritePin
    gpio.o(i.MX_GPIO_Init) refers to stm32l4xx_hal_gpio.o(i.HAL_GPIO_Init) for HAL_GPIO_Init
    usart.o(i.HAL_UART_MspDeInit) refers to stm32l4xx_hal_gpio.o(i.HAL_GPIO_DeInit) for HAL_GPIO_DeInit
    usart.o(i.HAL_UART_MspInit) refers to memseta.o(.text) for __aeabi_memclr4
    usart.o(i.HAL_UART_MspInit) refers to stm32l4xx_hal_gpio.o(i.HAL_GPIO_Init) for HAL_GPIO_Init
    usart.o(i.MX_USART1_UART_Init) refers to stm32l4xx_hal_uart.o(i.HAL_UART_Init) for HAL_UART_Init
    usart.o(i.MX_USART1_UART_Init) refers to main.o(i.Error_Handler) for Error_Handler
    usart.o(i.MX_USART1_UART_Init) refers to usart.o(.bss) for .bss
    usart.o(i.fputc) refers to stm32l4xx_hal_uart.o(i.HAL_UART_Transmit) for HAL_UART_Transmit
    usart.o(i.fputc) refers to usart.o(.bss) for .bss
    stm32l4xx_hal_uart.o(i.HAL_HalfDuplex_Init) refers to usart.o(i.HAL_UART_MspInit) for HAL_UART_MspInit
    stm32l4xx_hal_uart.o(i.HAL_HalfDuplex_Init) refers to stm32l4xx_hal_uart.o(i.UART_SetConfig) for UART_SetConfig
    stm32l4xx_hal_uart.o(i.HAL_HalfDuplex_Init) refers to stm32l4xx_hal_uart.o(i.UART_AdvFeatureConfig) for UART_AdvFeatureConfig
    stm32l4xx_hal_uart.o(i.HAL_HalfDuplex_Init) refers to stm32l4xx_hal_uart.o(i.UART_CheckIdleState) for UART_CheckIdleState
    stm32l4xx_hal_uart.o(i.HAL_LIN_Init) refers to usart.o(i.HAL_UART_MspInit) for HAL_UART_MspInit
    stm32l4xx_hal_uart.o(i.HAL_LIN_Init) refers to stm32l4xx_hal_uart.o(i.UART_SetConfig) for UART_SetConfig
    stm32l4xx_hal_uart.o(i.HAL_LIN_Init) refers to stm32l4xx_hal_uart.o(i.UART_AdvFeatureConfig) for UART_AdvFeatureConfig
    stm32l4xx_hal_uart.o(i.HAL_LIN_Init) refers to stm32l4xx_hal_uart.o(i.UART_CheckIdleState) for UART_CheckIdleState
    stm32l4xx_hal_uart.o(i.HAL_MultiProcessor_DisableMuteMode) refers to stm32l4xx_hal_uart.o(i.UART_CheckIdleState) for UART_CheckIdleState
    stm32l4xx_hal_uart.o(i.HAL_MultiProcessor_EnableMuteMode) refers to stm32l4xx_hal_uart.o(i.UART_CheckIdleState) for UART_CheckIdleState
    stm32l4xx_hal_uart.o(i.HAL_MultiProcessor_Init) refers to usart.o(i.HAL_UART_MspInit) for HAL_UART_MspInit
    stm32l4xx_hal_uart.o(i.HAL_MultiProcessor_Init) refers to stm32l4xx_hal_uart.o(i.UART_SetConfig) for UART_SetConfig
[...]
    i.LOS_MemboxAlloc                        0x08002e98   Section        0  los_membox.o(i.LOS_MemboxAlloc)
    i.LOS_MemboxClr                          0x08002ed0   Section        0  los_membox.o(i.LOS_MemboxClr)
    i.LOS_MemboxFree                         0x08002ee8   Section        0  los_membox.o(i.LOS_MemboxFree)
    i.LOS_MemboxInit                         0x08002f44   Section        0  los_membox.o(i.LOS_MemboxInit)
    i.LOS_MuxCreate                          0x08002fa4   Section        0  los_mux.o(i.LOS_MuxCreate)
    i.LOS_MuxDelete                          0x0800302c   Section        0  los_mux.o(i.LOS_MuxDelete)
    i.LOS_MuxPend                            0x080030c4   Section        0  los_mux.o(i.LOS_MuxPend)
    i.LOS_MuxPost                            0x08003214   Section        0  los_mux.o(i.LOS_MuxPost)
    i.LOS_QueueCreate                        0x080032d4   Section        0  los_queue.o(i.LOS_QueueCreate)
    i.LOS_QueueDelete                        0x08003398   Section        0  los_queue.o(i.LOS_QueueDelete)
    i.LOS_QueueRead                          0x08003430   Section        0  los_queue.o(i.LOS_QueueRead)
    i.LOS_QueueReadCopy                      0x08003456   Section        0  los_queue.o(i.LOS_QueueReadCopy)
    i.LOS_QueueWrite                         0x08003478   Section        0  los_queue.o(i.LOS_QueueWrite)
    i.LOS_QueueWriteCopy                     0x080034a4   Section        0  los_queue.o(i.LOS_QueueWriteCopy)
    i.LOS_Schedule                           0x080034cc   Section        0  los_hw.o(i.LOS_Schedule)
    i.LOS_SemCreate                          0x0800350c   Section        0  los_sem.o(i.LOS_SemCreate)
    i.LOS_SemDelete                          0x08003518   Section        0  los_sem.o(i.LOS_SemDelete)
    i.LOS_SemPend                            0x080035a8   Section        0  los_sem.o(i.LOS_SemPend)
    i.LOS_SemPost                            0x080036f0   Section        0  los_sem.o(i.LOS_SemPost)
    i.LOS_Start                              0x0800379c   Section        0  los_init.o(i.LOS_Start)
    i.LOS_SwtmrCreate                        0x080037d8   Section        0  los_swtmr.o(i.LOS_SwtmrCreate)
    i.LOS_SwtmrDelete                        0x0800388c   Section        0  los_swtmr.o(i.LOS_SwtmrDelete)
    i.LOS_SwtmrStart                         0x08003900   Section        0  los_swtmr.o(i.LOS_SwtmrStart)
    i.LOS_SwtmrStop                          0x080039c8   Section        0  los_swtmr.o(i.LOS_SwtmrStop)
    i.LOS_TaskCreate                         0x08003a38   Section        0  los_task.o(i.LOS_TaskCreate)
    i.LOS_TaskCreateOnly                     0x08003aa8   Section        0  los_task.o(i.LOS_TaskCreateOnly)
    i.LOS_TaskDelay                          0x08003bf8   Section        0  los_task.o(i.LOS_TaskDelay)
    i.LOS_TaskDelete                         0x08003c64   Section        0  los_task.o(i.LOS_TaskDelete)
    i.LOS_TaskLock                           0x08003d9c   Section        0  los_task.o(i.LOS_TaskLock)
    i.LOS_TaskResume                         0x08003db8   Section        0  los_task.o(i.LOS_TaskResume)
    i.LOS_TaskSuspend                        0x08003e44   Section        0  los_task.o(i.LOS_TaskSuspend)
    i.LOS_TaskUnlock                         0x08003ef8   Section        0  los_task.o(i.LOS_TaskUnlock)
    i.LOS_TaskYield                          0x08003f28   Section        0  los_task.o(i.LOS_TaskYield)
    i.LOS_TickCountGet                       0x08003f98   Section        0  los_sys.o(i.LOS_TickCountGet)
    i.MX_GPIO_Init                           0x08003fa4   Section        0  gpio.o(i.MX_GPIO_Init)
    i.MX_USART1_UART_Init                    0x08004010   Section        0  usart.o(i.MX_USART1_UART_Init)
    i.MemManage_Handler                      0x0800404c   Section        0  stm32l4xx_it.o(i.MemManage_Handler)
    i.NMI_Handler                            0x0800404e   Section        0  stm32l4xx_it.o(i.NMI_Handler)
    i.NVIC_SetPriority                       0x08004050   Section        0  stm32l4xx_hal_cortex.o(i.NVIC_SetPriority)
    NVIC_SetPriority                         0x08004051   Thumb Code    32  stm32l4xx_hal_cortex.o(i.NVIC_SetPriority)
    i.RCCEx_PLLSAI1_Config                   0x08004070   Section        0  stm32l4xx_hal_rcc_ex.o(i.RCCEx_PLLSAI1_Config)
    RCCEx_PLLSAI1_Config                     0x08004071   Thumb Code   278  stm32l4xx_hal_rcc_ex.o(i.RCCEx_PLLSAI1_Config)
    i.RCCEx_PLLSAI2_Config                   0x0800419c   Section        0  stm32l4xx_hal_rcc_ex.o(i.RCCEx_PLLSAI2_Config)
    RCCEx_PLLSAI2_Config                     0x0800419d   Thumb Code   250  stm32l4xx_hal_rcc_ex.o(i.RCCEx_PLLSAI2_Config)
    i.RCC_SetFlashLatencyFromMSIRange        0x080042a4   Section        0  stm32l4xx_hal_rcc.o(i.RCC_SetFlashLatencyFromMSIRange)
    RCC_SetFlashLatencyFromMSIRange          0x080042a5   Thumb Code   116  stm32l4xx_hal_rcc.o(i.RCC_SetFlashLatencyFromMSIRange)
    i.SVC_Handler                            0x08004320   Section        0  stm32l4xx_it.o(i.SVC_Handler)
    i.SysTick_Handler                        0x08004324   Section        0  los_hwi.o(i.SysTick_Handler)
    i.SystemClock_Config                     0x08004348   Section        0  main.o(i.SystemClock_Config)
    i.SystemInit                             0x080043b4   Section        0  system_stm32l4xx.o(i.SystemInit)
    i.Timer1_Callback                        0x080043f8   Section        0  los_api_timer.o(i.Timer1_Callback)
    Timer1_Callback                          0x080043f9   Thumb Code    36  los_api_timer.o(i.Timer1_Callback)
    i.Timer2_Callback                        0x0800444c   Section        0  los_api_timer.o(i.Timer2_Callback)
    Timer2_Callback                          0x0800444d   Thumb Code    54  los_api_timer.o(i.Timer2_Callback)
    i.UART_AdvFeatureConfig                  0x080044d0   Section        0  stm32l4xx_hal_uart.o(i.UART_AdvFeatureConfig)
    i.UART_CheckIdleState                    0x08004598   Section        0  stm32l4xx_hal_uart.o(i.UART_CheckIdleState)
    i.UART_SetConfig                         0x080045f4   Section        0  stm32l4xx_hal_uart.o(i.UART_SetConfig)
    i.UART_WaitOnFlagUntilTimeout            0x08004894   Section        0  stm32l4xx_hal_uart.o(i.UART_WaitOnFlagUntilTimeout)
    i.UsageFault_Handler                     0x080048f8   Section        0  stm32l4xx_it.o(i.UsageFault_Handler)
    i.__0printf$8                            0x080048fc   Section        0  printf8.o(i.__0printf$8)
    i.__scatterload_copy                     0x0800491c   Section       14  handlers.o(i.__scatterload_copy)
    i.__scatterload_null                     0x0800492a   Section        2  handlers.o(i.__scatterload_null)
    i.__scatterload_zeroinit                 0x0800492c   Section       14  handlers.o(i.__scatterload_zeroinit)
    i._printf_core                           0x0800493c   Section        0  printf8.o(i._printf_core)
    _printf_core                             0x0800493d   Thumb Code   996  printf8.o(i._printf_core)
    i._printf_post_padding                   0x08004d52   Section        0  printf8.o(i._printf_post_padding)
    _printf_post_padding                     0x08004d53   Thumb Code    36  printf8.o(i._printf_post_padding)
    i._printf_pre_padding                    0x08004d76   Section        0  printf8.o(i._printf_pre_padding)
    _printf_pre_padding                      0x08004d77   Thumb Code    46  printf8.o(i._printf_pre_padding)
    i.fputc                                  0x08004da4   Section        0  usart.o(i.fputc)
    i.main                                   0x08004dbc   Section        0  main.o(i.main)
    i.osAlarmHeapInfo                        0x08004de2   Section        0  los_heap.o(i.osAlarmHeapInfo)
    i.osAtomicBitsetClearBit                 0x08004dfc   Section        0  los_slab.o(i.osAtomicBitsetClearBit)
    i.osAtomicBitsetFindClearAndSet          0x08004e1a   Section        0  los_slab.o(i.osAtomicBitsetFindClearAndSet)
    i.osAtomicBitsetGetBit                   0x08004e5c   Section        0  los_slab.o(i.osAtomicBitsetGetBit)
    i.osAtomicBitsetInit                     0x08004e7e   Section        0  los_slab.o(i.osAtomicBitsetInit)
    i.osHeapAlloc                            0x08004eac   Section        0  los_heap.o(i.osHeapAlloc)
    i.osHeapAllocAlign                       0x08004fcc   Section        0  los_heap.o(i.osHeapAllocAlign)
    i.osHeapFree                             0x08005008   Section        0  los_heap.o(i.osHeapFree)
    i.osHeapInit                             0x0800510c   Section        0  los_heap.o(i.osHeapInit)
    i.osHeapPrvGetNext                       0x08005146   Section        0  los_heap.o(i.osHeapPrvGetNext)
    i.osHeapStatisticsGet                    0x0800515c   Section        0  los_heap.o(i.osHeapStatisticsGet)
    i.osIdleTask                             0x080051a4   Section        0  los_task.o(i.osIdleTask)
    i.osIdleTaskCreate                       0x080051a8   Section        0  los_task.o(i.osIdleTaskCreate)
    i.osIntNumGet                            0x080051e8   Section        0  los_hwi.o(i.osIntNumGet)
    i.osMemSystemInit                        0x080051f0   Section        0  los_memory.o(i.osMemSystemInit)
    i.osMuxInit                              0x08005204   Section        0  los_mux.o(i.osMuxInit)
    i.osPriqueueDequeue                      0x0800525c   Section        0  los_priqueue.o(i.osPriqueueDequeue)
    i.osPriqueueEnqueue                      0x08005294   Section        0  los_priqueue.o(i.osPriqueueEnqueue)
    i.osPriqueueInit                         0x080052c4   Section        0  los_priqueue.o(i.osPriqueueInit)
    i.osPriqueueSize                         0x080052f8   Section        0  los_priqueue.o(i.osPriqueueSize)
    i.osPriqueueTop                          0x0800531c   Section        0  los_priqueue.o(i.osPriqueueTop)
    i.osQueueBufferOperate                   0x08005338   Section        0  los_queue.o(i.osQueueBufferOperate)
    osQueueBufferOperate                     0x08005339   Thumb Code   168  los_queue.o(i.osQueueBufferOperate)
    i.osQueueInit                            0x08005408   Section        0  los_queue.o(i.osQueueInit)
    i.osQueueOperate                         0x08005464   Section        0  los_queue.o(i.osQueueOperate)
    i.osQueueReadParameterCheck              0x080055d4   Section        0  los_queue.o(i.osQueueReadParameterCheck)
    osQueueReadParameterCheck                0x080055d5   Thumb Code    48  los_queue.o(i.osQueueReadParameterCheck)
    i.osQueueWriteParameterCheck             0x08005608   Section        0  los_queue.o(i.osQueueWriteParameterCheck)
    osQueueWriteParameterCheck               0x08005609   Thumb Code    46  los_queue.o(i.osQueueWriteParameterCheck)
    i.osSchedule                             0x0800563c   Section        0  los_hw.o(i.osSchedule)
    i.osSemCreate                            0x08005640   Section        0  los_sem.o(i.osSemCreate)
    i.osSemInit                              0x080056dc   Section        0  los_sem.o(i.osSemInit)
    i.osSlabAllocatorAlloc                   0x08005730   Section        0  los_slab.o(i.osSlabAllocatorAlloc)
    i.osSlabAllocatorFree                    0x0800574c   Section        0  los_slab.o(i.osSlabAllocatorFree)
    i.osSlabAllocatorNew                     0x08005784   Section        0  los_slab.o(i.osSlabAllocatorNew)
    i.osSlabBlockHeadFill                    0x080057ca   Section        0  los_slabmem.o(i.osSlabBlockHeadFill)
    i.osSlabCtrlHdrGet                       0x080057de   Section        0  los_memory.o(i.osSlabCtrlHdrGet)
    i.osSlabMemAlloc                         0x080057e2   Section        0  los_slabmem.o(i.osSlabMemAlloc)
    i.osSlabMemFree                          0x08005844   Section        0  los_slabmem.o(i.osSlabMemFree)
    i.osSlabMemInit                          0x080058a4   Section        0  los_slabmem.o(i.osSlabMemInit)
    i.osSwTmrInit                            0x080058fc   Section        0  los_swtmr.o(i.osSwTmrInit)
    i.osSwTmrStart                           0x0800597c   Section        0  los_swtmr.o(i.osSwTmrStart)
    i.osSwTmrTask                            0x08005b0c   Section        0  los_swtmr.o(i.osSwTmrTask)
    i.osSwTmrTaskCreate                      0x08005b48   Section        0  los_swtmr.o(i.osSwTmrTaskCreate)
    i.osSwTmrTimeoutHandle                   0x08005b88   Section        0  los_swtmr.o(i.osSwTmrTimeoutHandle)
    osSwTmrTimeoutHandle                     0x08005b89   Thumb Code    98  los_swtmr.o(i.osSwTmrTimeoutHandle)
    i.osSwtmrDelete                          0x08005bf0   Section        0  los_swtmr.o(i.osSwtmrDelete)
    osSwtmrDelete                            0x08005bf1   Thumb Code    26  los_swtmr.o(i.osSwtmrDelete)
    i.osSwtmrScan                            0x08005c14   Section        0  los_swtmr.o(i.osSwtmrScan)
    i.osSwtmrStop                            0x08005c30   Section        0  los_swtmr.o(i.osSwtmrStop)
    i.osTaskAdd2TimerList                    0x08005c84   Section        0  los_task.o(i.osTaskAdd2TimerList)
    i.osTaskEntry                            0x08005d08   Section        0  los_task.o(i.osTaskEntry)
    i.osTaskExit                             0x08005d34   Section        0  los_hw.o(i.osTaskExit)
    i.osTaskInit                             0x08005d38   Section        0  los_task.o(i.osTaskInit)
    i.osTaskMonInit                          0x08005e0c   Section        0  los_task.o(i.osTaskMonInit)
    i.osTaskPriModify                        0x08005e38   Section        0  los_task.o(i.osTaskPriModify)
    i.osTaskScan                             0x08005e68   Section        0  los_task.o(i.osTaskScan)
    i.osTaskSwitchCheck                      0x08005f1c   Section        0  los_task.o(i.osTaskSwitchCheck)
    i.osTaskWait                             0x08006058   Section        0  los_task.o(i.osTaskWait)
    i.osTaskWake                             0x080060a4   Section        0  los_task.o(i.osTaskWake)
    i.osTickHandler                          0x080060e4   Section        0  los_tick.o(i.osTickHandler)
    i.osTickStart                            0x0800610c   Section        0  los_hw_tick.o(i.osTickStart)
    i.osTimerListDelete                      0x0800617c   Section        0  los_task.o(i.osTimerListDelete)
    i.osTimesliceCheck                       0x080061b0   Section        0  los_timeslice.o(i.osTimesliceCheck)
    i.osTimesliceInit                        0x080061e8   Section        0  los_timeslice.o(i.osTimesliceInit)
    i.osTskStackInit                         0x080061f8   Section        0  los_hw.o(i.osTskStackInit)
    i.recv_Entry                             0x0800627c   Section        0  los_api_msgqueue.o(i.recv_Entry)
    recv_Entry                               0x0800627d   Thumb Code    98  los_api_msgqueue.o(i.recv_Entry)
    i.send_Entry                             0x08006358   Section        0  los_api_msgqueue.o(i.send_Entry)
    send_Entry                               0x08006359   Thumb Code    64  los_api_msgqueue.o(i.send_Entry)
    .constdata                               0x080063c0   Section       64  system_stm32l4xx.o(.constdata)
    .constdata                               0x08006400   Section        8  system_stm32l4xx.o(.constdata)
    .conststring                             0x08006408   Section       67  los_api_sem.o(.conststring)
    .data                                    0x20000000   Section        4  stm32l4xx_hal.o(.data)
    .data                                    0x20000004   Section        4  system_stm32l4xx.o(.data)
    .data                                    0x20000008   Section        4  los_init.o(.data)
    .data                                    0x2000000c   Section        8  los_priqueue.o(.data)
    g_uwPriQueueBitmap                       0x2000000c   Data           4  los_priqueue.o(.data)
    .data                                    0x20000014   Section       28  los_swtmr.o(.data)
    m_uwSwtimerRousesTime                    0x20000014   Data           4  los_swtmr.o(.data)
    m_pstRouses                              0x20000018   Data           4  los_swtmr.o(.data)
    m_pstRousesPrev                          0x2000001c   Data           4  los_swtmr.o(.data)
    .data                                    0x20000030   Section       72  los_task.o(.data)
    .data                                    0x20000078   Section        4  los_tick.o(.data)
    .data                                    0x20000080   Section       16  los_tick.o(.data)
    .data                                    0x20000090   Section        4  los_tick.o(.data)
    .data                                    0x20000094   Section        8  los_timeslice.o(.data)
    .data                                    0x2000009c   Section       12  los_mux.o(.data)
    .data                                    0x200000a8   Section       12  los_queue.o(.data)
    .data                                    0x200000b4   Section       12  los_sem.o(.data)
    .data                                    0x200000c0   Section        4  los_err.o(.data)
    .data                                    0x200000c4   Section       16  los_heap.o(.data)
    g_uwAllocCount                           0x200000c4   Data           4  los_heap.o(.data)
    g_uwFreeCount                            0x200000c8   Data           4  los_heap.o(.data)
    g_uwCurHeapUsed                          0x200000cc   Data           4  los_heap.o(.data)
    g_uwMaxHeapUsed                          0x200000d0   Data           4  los_heap.o(.data)
    .data                                    0x200000d4   Section        4  los_memory.o(.data)
    .data                                    0x200000d8   Section        4  los_api_event.o(.data)
    g_TestTaskID                             0x200000d8   Data           4  los_api_event.o(.data)
    .data                                    0x200000dc   Section       22  los_api_msgqueue.o(.data)
    g_uwQueue                                0x200000dc   Data           4  los_api_msgqueue.o(.data)
    abuf                                     0x200000e0   Data          18  los_api_msgqueue.o(.data)
    .data                                    0x200000f4   Section       12  los_api_mutex.o(.data)
    g_Testmux01                              0x200000f4   Data           4  los_api_mutex.o(.data)
    g_TestTaskID01                           0x200000f8   Data           4  los_api_mutex.o(.data)
    g_TestTaskID02                           0x200000fc   Data           4  los_api_mutex.o(.data)
    .data                                    0x20000100   Section       12  los_api_sem.o(.data)
    g_TestTaskID01                           0x20000100   Data           4  los_api_sem.o(.data)
    g_TestTaskID02                           0x20000104   Data           4  los_api_sem.o(.data)
    g_usSemID                                0x20000108   Data           4  los_api_sem.o(.data)
    .data                                    0x2000010c   Section        8  los_api_task.o(.data)
    g_uwTskHiID                              0x2000010c   Data           4  los_api_task.o(.data)
    g_uwTskLoID                              0x20000110   Data           4  los_api_task.o(.data)
    .data                                    0x20000114   Section        8  los_api_timer.o(.data)
    g_timercount1                            0x20000114   Data           4  los_api_timer.o(.data)
    g_timercount2                            0x20000118   Data           4  los_api_timer.o(.data)
    .data                                    0x2000011c   Section      168  los_inspect_entry.o(.data)
    gInspectErrCnt                           0x2000011c   Data           4  los_inspect_entry.o(.data)
    g_uwDemoTaskID                           0x20000120   Data           4  los_inspect_entry.o(.data)
    gInspect                                 0x20000124   Data         160  los_inspect_entry.o(.data)
    .data                                    0x200001c4   Section        4  stdout.o(.data)
    .bss                                     0x200001c8   Section      120  usart.o(.bss)
    .bss                                     0x20000240   Section       64  los_swtmr.o(.bss)
    .bss                                     0x20000280   Section      342  los_task.o(.bss)
    .bss                                     0x200003d8   Section      256  los_api_dynamic_mem.o(.bss)
    pDynMem                                  0x200003d8   Data         256  los_api_dynamic_mem.o(.bss)
    .bss                                     0x200004d8   Section       12  los_api_event.o(.bss)
    example_event                            0x200004d8   Data          12  los_api_event.o(.bss)
    .bss                                     0x200004e4   Section      576  los_api_static_mem.o(.bss)
    pBoxMem                                  0x200004e4   Data         576  los_api_static_mem.o(.bss)
    STACK                                    0x20000728   Section     1024  startup_stm32l476xx.o(STACK)

    Global Symbols

    Symbol Name                              Value     Ov Type        Size  Object(Section)

    BuildAttributes$$THM_ISAv4$E$P$D$K$B$S$7EM$VFPi3$EXTD16$VFPS$VFMA$PE$A:L22UL41UL21$X:L11$S22US41US21$IEEE1$IW$USESV6$~STKCKD$USESV7$~SHL$OSPACE$ROPI$EBA8$MICROLIB$REQ8$PRES8$EABIv2 0x00000000   Number         0  anon$$obj.o ABSOLUTE
    __ARM_use_no_argv                        0x00000000   Number         0  main.o ABSOLUTE
    _printf_a                                0x00000000   Number         0  stubs.o ABSOLUTE
    _printf_c                                0x00000000   Number         0  stubs.o ABSOLUTE
    _printf_charcount                        0x00000000   Number         0  stubs.o ABSOLUTE
    _printf_d                                0x00000000   Number         0  stubs.o ABSOLUTE
    _printf_e                                0x00000000   Number         0  stubs.o ABSOLUTE
    _printf_f                                0x00000000   Number         0  stubs.o ABSOLUTE
    _printf_flags                            0x00000000   Number         0  stubs.o ABSOLUTE
    _printf_fp_dec                           0x00000000   Number         0  stubs.o ABSOLUTE
    _printf_fp_hex                           0x00000000   Number         0  stubs.o ABSOLUTE
    _printf_g                                0x00000000   Number         0  stubs.o ABSOLUTE
    _printf_i                                0x00000000   Number         0  stubs.o ABSOLUTE
    _printf_int_dec                          0x00000000   Number         0  stubs.o ABSOLUTE
    _printf_l                                0x00000000   Number         0  stubs.o ABSOLUTE
    _printf_lc                               0x00000000   Number         0  stubs.o ABSOLUTE
    _printf_ll                               0x00000000   Number         0  stubs.o ABSOLUTE
    _printf_lld                              0x00000000   Number         0  stubs.o ABSOLUTE
    _printf_lli                              0x00000000   Number         0  stubs.o ABSOLUTE
    _printf_llo                              0x00000000   Number         0  stubs.o ABSOLUTE
    _printf_llu                              0x00000000   Number         0  stubs.o ABSOLUTE
    _printf_llx                              0x00000000   Number         0  stubs.o ABSOLUTE
    _printf_longlong_dec                     0x00000000   Number         0  stubs.o ABSOLUTE
    _printf_longlong_hex                     0x00000000   Number         0  stubs.o ABSOLUTE
    _printf_longlong_oct                     0x00000000   Number         0  stubs.o ABSOLUTE
    _printf_ls                               0x00000000   Number         0  stubs.o ABSOLUTE
    _printf_mbtowc                           0x00000000   Number         0  stubs.o ABSOLUTE
    _printf_n                                0x00000000   Number         0  stubs.o ABSOLUTE
    _printf_o                                0x00000000   Number         0  stubs.o ABSOLUTE
    _printf_p                                0x00000000   Number         0  stubs.o ABSOLUTE
    _printf_percent                          0x00000000   Number         0  stubs.o ABSOLUTE
    _printf_pre_padding                      0x00000000   Number         0  stubs.o ABSOLUTE
    _printf_return_value                     0x00000000   Number         0  stubs.o ABSOLUTE
    _printf_s                                0x00000000   Number         0  stubs.o ABSOLUTE
    _printf_sizespec                         0x00000000   Number         0  stubs.o ABSOLUTE
    _printf_str                              0x00000000   Number         0  stubs.o ABSOLUTE
    _printf_truncate_signed                  0x00000000   Number         0  stubs.o ABSOLUTE
    _printf_truncate_unsigned                0x00000000   Number         0  stubs.o ABSOLUTE
    _printf_u                                0x00000000   Number         0  stubs.o ABSOLUTE
    _printf_wc                               0x00000000   Number         0  stubs.o ABSOLUTE
    _printf_wctomb                           0x00000000   Number         0  stubs.o ABSOLUTE
    _printf_widthprec                        0x00000000   Number         0  stubs.o ABSOLUTE
    _printf_x                                0x00000000   Number         0  stubs.o ABSOLUTE
    __cpp_initialize__aeabi_                  - Undefined Weak Reference
    __cxa_finalize                            - Undefined Weak Reference
    _clock_init                               - Undefined Weak Reference
    _microlib_exit                            - Undefined Weak Reference
    __Vectors_Size                           0x00000188   Number         0  startup_stm32l476xx.o ABSOLUTE
    __Vectors                                0x08000000   Data           4  startup_stm32l476xx.o(RESET)
    __Vectors_End                            0x08000188   Data           0  startup_stm32l476xx.o(RESET)
    __main                                   0x08000189   Thumb Code     0  entry.o(.ARM.Collect$$$$00000000)
    _main_stk                                0x08000189   Thumb Code     0  entry2.o(.ARM.Collect$$$$00000001)
    _main_scatterload                        0x0800018d   Thumb Code     0  entry5.o(.ARM.Collect$$$$00000004)
    __main_after_scatterload                 0x08000191   Thumb Code     0  entry5.o(.ARM.Collect$$$$00000004)
    _main_clock                              0x08000191   Thumb Code     0  entry7b.o(.ARM.Collect$$$$00000008)
    _main_cpp_init                           0x08000191   Thumb Code     0  entry8b.o(.ARM.Collect$$$$0000000A)
    _main_init                               0x08000191   Thumb Code     0  entry9a.o(.ARM.Collect$$$$0000000B)
    __rt_final_cpp                           0x08000199   Thumb Code     0  entry10a.o(.ARM.Collect$$$$0000000D)
    __rt_final_exit                          0x08000199   Thumb Code     0  entry11a.o(.ARM.Collect$$$$0000000F)
    Reset_Handler                            0x0800019d   Thumb Code     8  startup_stm32l476xx.o(.text)
    ADC1_2_IRQHandler                        0x080001b7   Thumb Code     0  startup_stm32l476xx.o(.text)
    ADC3_IRQHandler                          0x080001b7   Thumb Code     0  startup_stm32l476xx.o(.text)
    CAN1_RX0_IRQHandler                      0x080001b7   Thumb Code     0  startup_stm32l476xx.o(.text)
    CAN1_RX1_IRQHandler                      0x080001b7   Thumb Code     0  startup_stm32l476xx.o(.text)
    CAN1_SCE_IRQHandler                      0x080001b7   Thumb Code     0  startup_stm32l476xx.o(.text)
    CAN1_TX_IRQHandler                       0x080001b7   Thumb Code     0  startup_stm32l476xx.o(.text)
    COMP_IRQHandler                          0x080001b7   Thumb Code     0  startup_stm32l476xx.o(.text)
    DFSDM1_FLT0_IRQHandler                   0x080001b7   Thumb Code     0  startup_stm32l476xx.o(.text)
    DFSDM1_FLT1_IRQHandler                   0x080001b7   Thumb Code     0  startup_stm32l476xx.o(.text)
    DFSDM1_FLT2_IRQHandler                   0x080001b7   Thumb Code     0  startup_stm32l476xx.o(.text)
    DFSDM1_FLT3_IRQHandler                   0x080001b7   Thumb Code     0  startup_stm32l476xx.o(.text)
    DMA1_Channel1_IRQHandler                 0x080001b7   Thumb Code     0  startup_stm32l476xx.o(.text)
    DMA1_Channel2_IRQHandler                 0x080001b7   Thumb Code     0  startup_stm32l476xx.o(.text)
    DMA1_Channel3_IRQHandler                 0x080001b7   Thumb Code     0  startup_stm32l476xx.o(.text)
    DMA1_Channel4_IRQHandler                 0x080001b7   Thumb Code     0  startup_stm32l476xx.o(.text)
    DMA1_Channel5_IRQHandler                 0x080001b7   Thumb Code     0  startup_stm32l476xx.o(.text)
    DMA1_Channel6_IRQHandler                 0x080001b7   Thumb Code     0  startup_stm32l476xx.o(.text)
    DMA1_Channel7_IRQHandler                 0x080001b7   Thumb Code     0  startup_stm32l476xx.o(.text)
    DMA2_Channel1_IRQHandler                 0x080001b7   Thumb Code     0  startup_stm32l476xx.o(.text)
    DMA2_Channel2_IRQHandler                 0x080001b7   Thumb Code     0  startup_stm32l476xx.o(.text)
    DMA2_Channel3_IRQHandler                 0x080001b7   Thumb Code     0  startup_stm32l476xx.o(.text)
    DMA2_Channel4_IRQHandler                 0x080001b7   Thumb Code     0  startup_stm32l476xx.o(.text)
    DMA2_Channel5_IRQHandler                 0x080001b7   Thumb Code     0  startup_stm32l476xx.o(.text)
    DMA2_Channel6_IRQHandler                 0x080001b7   Thumb Code     0  startup_stm32l476xx.o(.text)
    DMA2_Channel7_IRQHandler                 0x080001b7   Thumb Code     0  startup_stm32l476xx.o(.text)
    EXTI0_IRQHandler                         0x080001b7   Thumb Code     0  startup_stm32l476xx.o(.text)
    EXTI15_10_IRQHandler                     0x080001b7   Thumb Code     0  startup_stm32l476xx.o(.text)
    EXTI1_IRQHandler                         0x080001b7   Thumb Code     0  startup_stm32l476xx.o(.text)
    EXTI2_IRQHandler                         0x080001b7   Thumb Code     0  startup_stm32l476xx.o(.text)
    EXTI3_IRQHandler                         0x080001b7   Thumb Code     0  startup_stm32l476xx.o(.text)
    EXTI4_IRQHandler                         0x080001b7   Thumb Code     0  startup_stm32l476xx.o(.text)
    EXTI9_5_IRQHandler                       0x080001b7   Thumb Code     0  startup_stm32l476xx.o(.text)
    FLASH_IRQHandler                         0x080001b7   Thumb Code     0  startup_stm32l476xx.o(.text)
    FMC_IRQHandler                           0x080001b7   Thumb Code     0  startup_stm32l476xx.o(.text)
    FPU_IRQHandler                           0x080001b7   Thumb Code     0  startup_stm32l476xx.o(.text)
    I2C1_ER_IRQHandler                       0x080001b7   Thumb Code     0  startup_stm32l476xx.o(.text)
    I2C1_EV_IRQHandler                       0x080001b7   Thumb Code     0  startup_stm32l476xx.o(.text)
    I2C2_ER_IRQHandler                       0x080001b7   Thumb Code     0  startup_stm32l476xx.o(.text)
    I2C2_EV_IRQHandler                       0x080001b7   Thumb Code     0  startup_stm32l476xx.o(.text)
    I2C3_ER_IRQHandler                       0x080001b7   Thumb Code     0  startup_stm32l476xx.o(.text)
    I2C3_EV_IRQHandler                       0x080001b7   Thumb Code     0  startup_stm32l476xx.o(.text)
    LCD_IRQHandler                           0x080001b7   Thumb Code     0  startup_stm32l476xx.o(.text)
    LPTIM1_IRQHandler                        0x080001b7   Thumb Code     0  startup_stm32l476xx.o(.text)
    LPTIM2_IRQHandler                        0x080001b7   Thumb Code     0  startup_stm32l476xx.o(.text)
    LPUART1_IRQHandler                       0x080001b7   Thumb Code     0  startup_stm32l476xx.o(.text)
    OTG_FS_IRQHandler                        0x080001b7   Thumb Code     0  startup_stm32l476xx.o(.text)
    PVD_PVM_IRQHandler                       0x080001b7   Thumb Code     0  startup_stm32l476xx.o(.text)
    QUADSPI_IRQHandler                       0x080001b7   Thumb Code     0  startup_stm32l476xx.o(.text)
    RCC_IRQHandler                           0x080001b7   Thumb Code     0  startup_stm32l476xx.o(.text)
    RNG_IRQHandler                           0x080001b7   Thumb Code     0  startup_stm32l476xx.o(.text)
    RTC_Alarm_IRQHandler                     0x080001b7   Thumb Code     0  startup_stm32l476xx.o(.text)
    RTC_WKUP_IRQHandler                      0x080001b7   Thumb Code     0  startup_stm32l476xx.o(.text)
    SAI1_IRQHandler                          0x080001b7   Thumb Code     0  startup_stm32l476xx.o(.text)
    SAI2_IRQHandler                          0x080001b7   Thumb Code     0  startup_stm32l476xx.o(.text)
    SDMMC1_IRQHandler                        0x080001b7   Thumb Code     0  startup_stm32l476xx.o(.text)
    SPI1_IRQHandler                          0x080001b7   Thumb Code     0  startup_stm32l476xx.o(.text)
    SPI2_IRQHandler                          0x080001b7   Thumb Code     0  startup_stm32l476xx.o(.text)
    SPI3_IRQHandler                          0x080001b7   Thumb Code     0  startup_stm32l476xx.o(.text)
    SWPMI1_IRQHandler                        0x080001b7   Thumb Code     0  startup_stm32l476xx.o(.text)
    TAMP_STAMP_IRQHandler                    0x080001b7   Thumb Code     0  startup_stm32l476xx.o(.text)
    TIM1_BRK_TIM15_IRQHandler                0x080001b7   Thumb Code     0  startup_stm32l476xx.o(.text)
    TIM1_CC_IRQHandler                       0x080001b7   Thumb Code     0  startup_stm32l476xx.o(.text)
    TIM1_TRG_COM_TIM17_IRQHandler            0x080001b7   Thumb Code     0  startup_stm32l476xx.o(.text)
    TIM1_UP_TIM16_IRQHandler                 0x080001b7   Thumb Code     0  startup_stm32l476xx.o(.text)
    TIM2_IRQHandler                          0x080001b7   Thumb Code     0  startup_stm32l476xx.o(.text)
    TIM3_IRQHandler                          0x080001b7   Thumb Code     0  startup_stm32l476xx.o(.text)
    TIM4_IRQHandler                          0x080001b7   Thumb Code     0  startup_stm32l476xx.o(.text)
    TIM5_IRQHandler                          0x080001b7   Thumb Code     0  startup_stm32l476xx.o(.text)
    TIM6_DAC_IRQHandler                      0x080001b7   Thumb Code     0  startup_stm32l476xx.o(.text)
    TIM7_IRQHandler                          0x080001b7   Thumb Code     0  startup_stm32l476xx.o(.text)
    TIM8_BRK_IRQHandler                      0x080001b7   Thumb Code     0  startup_stm32l476xx.o(.text)
    TIM8_CC_IRQHandler                       0x080001b7   Thumb Code     0  startup_stm32l476xx.o(.text)
    TIM8_TRG_COM_IRQHandler                  0x080001b7   Thumb Code     0  startup_stm32l476xx.o(.text)
    TIM8_UP_IRQHandler                       0x080001b7   Thumb Code     0  startup_stm32l476xx.o(.text)
    TSC_IRQHandler                           0x080001b7   Thumb Code     0  startup_stm32l476xx.o(.text)
    UART4_IRQHandler                         0x080001b7   Thumb Code     0  startup_stm32l476xx.o(.text)
    UART5_IRQHandler                         0x080001b7   Thumb Code     0  startup_stm32l476xx.o(.text)
    USART1_IRQHandler                        0x080001b7   Thumb Code     0  startup_stm32l476xx.o(.text)
    USART2_IRQHandler                        0x080001b7   Thumb Code     0  startup_stm32l476xx.o(.text)
    USART3_IRQHandler                        0x080001b7   Thumb Code     0  startup_stm32l476xx.o(.text)
    WWDG_IRQHandler                          0x080001b7   Thumb Code     0  startup_stm32l476xx.o(.text)
    LOS_StartToRun                           0x080001c1   Thumb Code     0  los_dispatch_keil.o(.text)
    LOS_IntLock                              0x0800020d   Thumb Code     0  los_dispatch_keil.o(.text)
    LOS_IntUnLock                            0x08000215   Thumb Code     0  los_dispatch_keil.o(.text)
    LOS_IntRestore                           0x0800021d   Thumb Code     0  los_dispatch_keil.o(.text)
    osTaskSchedule                           0x08000223   Thumb Code     0  los_dispatch_keil.o(.text)
    PendSV_Handler                           0x0800022d   Thumb Code     0  los_dispatch_keil.o(.text)
    __aeabi_uldivmod                         0x080002c3   Thumb Code    98  uldiv.o(.text)
    __aeabi_memcpy                           0x0800032b   Thumb Code    36  memcpya.o(.text)
    __aeabi_memcpy4                          0x0800032b   Thumb Code     0  memcpya.o(.text)
    __aeabi_memcpy8                          0x0800032b   Thumb Code     0  memcpya.o(.text)
    __aeabi_memset                           0x0800034f   Thumb Code    14  memseta.o(.text)
    __aeabi_memset4                          0x0800034f   Thumb Code     0  memseta.o(.text)
    __aeabi_memset8                          0x0800034f   Thumb Code     0  memseta.o(.text)
    __aeabi_memclr                           0x0800035d   Thumb Code     4  memseta.o(.text)
    __aeabi_memclr4                          0x0800035d   Thumb Code     0  memseta.o(.text)
    __aeabi_memclr8                          0x0800035d   Thumb Code     0  memseta.o(.text)
    _memset$wrapper                          0x08000361   Thumb Code    18  memseta.o(.text)
    __aeabi_llsl                             0x08000373   Thumb Code    30  llshl.o(.text)
    _ll_shift_l                              0x08000373   Thumb Code     0  llshl.o(.text)
    __aeabi_llsr                             0x08000391   Thumb Code    32  llushr.o(.text)
    _ll_ushift_r                             0x08000391   Thumb Code     0  llushr.o(.text)
    __scatterload                            0x080003b1   Thumb Code    28  init.o(.text)
    __scatterload_rt2                        0x080003b1   Thumb Code     0  init.o(.text)
    __decompress                             0x080003d5   Thumb Code     0  __dczerorl2.o(.text)
    __decompress1                            0x080003d5   Thumb Code    86  __dczerorl2.o(.text)
    BusFault_Handler                         0x0800042b   Thumb Code     2  stm32l4xx_it.o(i.BusFault_Handler)
    DebugMon_Handler                         0x0800042d   Thumb Code     2  stm32l4xx_it.o(i.DebugMon_Handler)
    Error_Handler                            0x0800042f   Thumb Code     2  main.o(i.Error_Handler)
    Example_Dyn_Mem                          0x08000431   Thumb Code   120  los_api_dynamic_mem.o(i.Example_Dyn_Mem)
    Example_Event                            0x08000551   Thumb Code    68  los_api_event.o(i.Example_Event)
    Example_GetTick                          0x08000625   Thumb Code   120  los_api_systick.o(i.Example_GetTick)
    Example_MsgQueue                         0x0800071d   Thumb Code   116  los_api_msgqueue.o(i.Example_MsgQueue)
    Example_MutexLock                        0x0800083d   Thumb Code   130  los_api_mutex.o(i.Example_MutexLock)
    Example_Semphore                         0x08000d2d   Thumb Code   154  los_api_sem.o(i.Example_Semphore)
    Example_SndRcvEvent                      0x08000e35   Thumb Code   118  los_api_event.o(i.Example_SndRcvEvent)
    Example_StaticMem                        0x08000f45   Thumb Code   124  los_api_static_mem.o(i.Example_StaticMem)
    Example_TskCaseEntry                     0x080012d5   Thumb Code   134  los_api_task.o(i.Example_TskCaseEntry)
    Example_list                             0x08001441   Thumb Code   258  los_api_list.o(i.Example_list)
    Example_swTimer                          0x08001625   Thumb Code   224  los_api_timer.o(i.Example_swTimer)
    HAL_GPIO_Init                            0x0800187d   Thumb Code   414  stm32l4xx_hal_gpio.o(i.HAL_GPIO_Init)
    HAL_GPIO_WritePin                        0x08001a47   Thumb Code    10  stm32l4xx_hal_gpio.o(i.HAL_GPIO_WritePin)
    HAL_GetTick                              0x08001a51   Thumb Code     6  stm32l4xx_hal.o(i.HAL_GetTick)
    HAL_Init                                 0x08001a5d   Thumb Code    30  stm32l4xx_hal.o(i.HAL_Init)
    HAL_InitTick                             0x08001a7d   Thumb Code    42  stm32l4xx_hal.o(i.HAL_InitTick)
    HAL_MspInit                              0x08001aad   Thumb Code    38  stm32l4xx_hal_msp.o(i.HAL_MspInit)
    HAL_NVIC_SetPriority                     0x08001ad9   Thumb Code    60  stm32l4xx_hal_cortex.o(i.HAL_NVIC_SetPriority)
    HAL_NVIC_SetPriorityGrouping             0x08001b19   Thumb Code    26  stm32l4xx_hal_cortex.o(i.HAL_NVIC_SetPriorityGrouping)
    HAL_PWREx_ControlVoltageScaling          0x08001b3d   Thumb Code    90  stm32l4xx_hal_pwr_ex.o(i.HAL_PWREx_ControlVoltageScaling)
    HAL_PWREx_GetVoltageRange                0x08001ba5   Thumb Code    10  stm32l4xx_hal_pwr_ex.o(i.HAL_PWREx_GetVoltageRange)
    HAL_RCCEx_PeriphCLKConfig                0x08001bb5   Thumb Code   928  stm32l4xx_hal_rcc_ex.o(i.HAL_RCCEx_PeriphCLKConfig)
    HAL_RCC_ClockConfig                      0x08001f65   Thumb Code   264  stm32l4xx_hal_rcc.o(i.HAL_RCC_ClockConfig)
    HAL_RCC_GetPCLK1Freq                     0x0800207d   Thumb Code    24  stm32l4xx_hal_rcc.o(i.HAL_RCC_GetPCLK1Freq)
    HAL_RCC_GetPCLK2Freq                     0x080020a1   Thumb Code    24  stm32l4xx_hal_rcc.o(i.HAL_RCC_GetPCLK2Freq)
    HAL_RCC_GetSysClockFreq                  0x080020c5   Thumb Code   152  stm32l4xx_hal_rcc.o(i.HAL_RCC_GetSysClockFreq)
    HAL_RCC_OscConfig                        0x08002169   Thumb Code  1118  stm32l4xx_hal_rcc.o(i.HAL_RCC_OscConfig)
    HAL_SYSTICK_Config                       0x080025cd   Thumb Code    40  stm32l4xx_hal_cortex.o(i.HAL_SYSTICK_Config)
    HAL_UART_Init                            0x080025f5   Thumb Code   106  stm32l4xx_hal_uart.o(i.HAL_UART_Init)
    HAL_UART_MspInit                         0x08002661   Thumb Code    92  usart.o(i.HAL_UART_MspInit)
    HAL_UART_Transmit                        0x080026c5   Thumb Code   176  stm32l4xx_hal_uart.o(i.HAL_UART_Transmit)
    HardFault_Handler                        0x08002775   Thumb Code     2  stm32l4xx_it.o(i.HardFault_Handler)
    LOS_Align                                0x08002777   Thumb Code    20  los_misc.o(i.LOS_Align)
    LOS_CyclePerTickGet                      0x0800278d   Thumb Code    14  los_sys.o(i.LOS_CyclePerTickGet)
    LOS_ErrHandle                            0x080027a1   Thumb Code    22  los_err.o(i.LOS_ErrHandle)
    LOS_EventClear                           0x080027bd   Thumb Code    30  los_event.o(i.LOS_EventClear)
    LOS_EventInit                            0x080027e1   Thumb Code    18  los_event.o(i.LOS_EventInit)
    LOS_EventPoll                            0x080027f9   Thumb Code    70  los_event.o(i.LOS_EventPoll)
    LOS_EventRead                            0x08002841   Thumb Code   220  los_event.o(i.LOS_EventRead)
    LOS_EventWrite                           0x08002929   Thumb Code   138  los_event.o(i.LOS_EventWrite)
    LOS_InspectByID                          0x080029b9   Thumb Code   138  los_inspect_entry.o(i.LOS_InspectByID)
    LOS_InspectStatusSetByID                 0x08002ad9   Thumb Code    60  los_inspect_entry.o(i.LOS_InspectStatusSetByID)
    LOS_Inspect_Entry                        0x08002b55   Thumb Code    50  los_inspect_entry.o(i.LOS_Inspect_Entry)
    LOS_KernelInit                           0x08002c11   Thumb Code   130  los_init.o(i.LOS_KernelInit)
    LOS_MemAlloc                             0x08002d61   Thumb Code    40  los_memory.o(i.LOS_MemAlloc)
    LOS_MemAllocAlign                        0x08002d89   Thumb Code     4  los_memory.o(i.LOS_MemAllocAlign)
    LOS_MemFree                              0x08002d8d   Thumb Code    38  los_memory.o(i.LOS_MemFree)
    LOS_MemInit                              0x08002db5   Thumb Code   160  los_memory.o(i.LOS_MemInit)
    LOS_MemboxAlloc                          0x08002e99   Thumb Code    50  los_membox.o(i.LOS_MemboxAlloc)
    LOS_MemboxClr                            0x08002ed1   Thumb Code    22  los_membox.o(i.LOS_MemboxClr)
    LOS_MemboxFree                           0x08002ee9   Thumb Code    88  los_membox.o(i.LOS_MemboxFree)
    LOS_MemboxInit                           0x08002f45   Thumb Code    94  los_membox.o(i.LOS_MemboxInit)
    LOS_MuxCreate                            0x08002fa5   Thumb Code   102  los_mux.o(i.LOS_MuxCreate)
    LOS_MuxDelete                            0x0800302d   Thumb Code   118  los_mux.o(i.LOS_MuxDelete)
    LOS_MuxPend                              0x080030c5   Thumb Code   250  los_mux.o(i.LOS_MuxPend)
    LOS_MuxPost                              0x08003215   Thumb Code   156  los_mux.o(i.LOS_MuxPost)
    LOS_QueueCreate                          0x080032d5   Thumb Code   182  los_queue.o(i.LOS_QueueCreate)
    LOS_QueueDelete                          0x08003399   Thumb Code   138  los_queue.o(i.LOS_QueueDelete)
    LOS_QueueRead                            0x08003431   Thumb Code    38  los_queue.o(i.LOS_QueueRead)
    LOS_QueueReadCopy                        0x08003457   Thumb Code    34  los_queue.o(i.LOS_QueueReadCopy)
    LOS_QueueWrite                           0x08003479   Thumb Code    44  los_queue.o(i.LOS_QueueWrite)
    LOS_QueueWriteCopy                       0x080034a5   Thumb Code    38  los_queue.o(i.LOS_QueueWriteCopy)
    LOS_Schedule                             0x080034cd   Thumb Code    54  los_hw.o(i.LOS_Schedule)
    LOS_SemCreate                            0x0800350d   Thumb Code    10  los_sem.o(i.LOS_SemCreate)
    LOS_SemDelete                            0x08003519   Thumb Code   110  los_sem.o(i.LOS_SemDelete)
    LOS_SemPend                              0x080035a9   Thumb Code   208  los_sem.o(i.LOS_SemPend)
    LOS_SemPost                              0x080036f1   Thumb Code   140  los_sem.o(i.LOS_SemPost)
    LOS_Start                                0x0800379d   Thumb Code    32  los_init.o(i.LOS_Start)
    LOS_SwtmrCreate                          0x080037d9   Thumb Code   164  los_swtmr.o(i.LOS_SwtmrCreate)
    LOS_SwtmrDelete                          0x0800388d   Thumb Code   108  los_swtmr.o(i.LOS_SwtmrDelete)
    LOS_SwtmrStart                           0x08003901   Thumb Code   186  los_swtmr.o(i.LOS_SwtmrStart)
    LOS_SwtmrStop                            0x080039c9   Thumb Code   104  los_swtmr.o(i.LOS_SwtmrStop)
    LOS_TaskCreate                           0x08003a39   Thumb Code   106  los_task.o(i.LOS_TaskCreate)
    LOS_TaskCreateOnly                       0x08003aa9   Thumb Code   310  los_task.o(i.LOS_TaskCreateOnly)
    LOS_TaskDelay                            0x08003bf9   Thumb Code    94  los_task.o(i.LOS_TaskDelay)
    LOS_TaskDelete                           0x08003c65   Thumb Code   298  los_task.o(i.LOS_TaskDelete)
    LOS_TaskLock                             0x08003d9d   Thumb Code    22  los_task.o(i.LOS_TaskLock)
    LOS_TaskResume                           0x08003db9   Thumb Code   130  los_task.o(i.LOS_TaskResume)
    LOS_TaskSuspend                          0x08003e45   Thumb Code   166  los_task.o(i.LOS_TaskSuspend)
    LOS_TaskUnlock                           0x08003ef9   Thumb Code    42  los_task.o(i.LOS_TaskUnlock)
    LOS_TaskYield                            0x08003f29   Thumb Code   102  los_task.o(i.LOS_TaskYield)
    LOS_TickCountGet                         0x08003f99   Thumb Code     8  los_sys.o(i.LOS_TickCountGet)
    MX_GPIO_Init                             0x08003fa5   Thumb Code   100  gpio.o(i.MX_GPIO_Init)
    MX_USART1_UART_Init                      0x08004011   Thumb Code    52  usart.o(i.MX_USART1_UART_Init)
    MemManage_Handler                        0x0800404d   Thumb Code     2  stm32l4xx_it.o(i.MemManage_Handler)
    NMI_Handler                              0x0800404f   Thumb Code     2  stm32l4xx_it.o(i.NMI_Handler)
    SVC_Handler                              0x08004321   Thumb Code     2  stm32l4xx_it.o(i.SVC_Handler)
    SysTick_Handler                          0x08004325   Thumb Code    28  los_hwi.o(i.SysTick_Handler)
    SystemClock_Config                       0x08004349   Thumb Code   106  main.o(i.SystemClock_Config)
    SystemInit                               0x080043b5   Thumb Code    56  system_stm32l4xx.o(i.SystemInit)
    UART_AdvFeatureConfig                    0x080044d1   Thumb Code   200  stm32l4xx_hal_uart.o(i.UART_AdvFeatureConfig)
    UART_CheckIdleState                      0x08004599   Thumb Code    92  stm32l4xx_hal_uart.o(i.UART_CheckIdleState)
    UART_SetConfig                           0x080045f5   Thumb Code   622  stm32l4xx_hal_uart.o(i.UART_SetConfig)
    UART_WaitOnFlagUntilTimeout              0x08004895   Thumb Code   100  stm32l4xx_hal_uart.o(i.UART_WaitOnFlagUntilTimeout)
    UsageFault_Handler                       0x080048f9   Thumb Code     2  stm32l4xx_it.o(i.UsageFault_Handler)
    __0printf$8                              0x080048fd   Thumb Code    22  printf8.o(i.__0printf$8)
    __1printf$8                              0x080048fd   Thumb Code     0  printf8.o(i.__0printf$8)
    __2printf                                0x080048fd   Thumb Code     0  printf8.o(i.__0printf$8)
    __scatterload_copy                       0x0800491d   Thumb Code    14  handlers.o(i.__scatterload_copy)
    __scatterload_null                       0x0800492b   Thumb Code     2  handlers.o(i.__scatterload_null)
    __scatterload_zeroinit                   0x0800492d   Thumb Code    14  handlers.o(i.__scatterload_zeroinit)
    fputc                                    0x08004da5   Thumb Code    20  usart.o(i.fputc)
    main                                     0x08004dbd   Thumb Code    38  main.o(i.main)
    osAlarmHeapInfo                          0x08004de3   Thumb Code    26  los_heap.o(i.osAlarmHeapInfo)
    osAtomicBitsetClearBit                   0x08004dfd   Thumb Code    30  los_slab.o(i.osAtomicBitsetClearBit)
    osAtomicBitsetFindClearAndSet            0x08004e1b   Thumb Code    66  los_slab.o(i.osAtomicBitsetFindClearAndSet)
    osAtomicBitsetGetBit                     0x08004e5d   Thumb Code    34  los_slab.o(i.osAtomicBitsetGetBit)
    osAtomicBitsetInit                       0x08004e7f   Thumb Code    44  los_slab.o(i.osAtomicBitsetInit)
    osHeapAlloc                              0x08004ead   Thumb Code   228  los_heap.o(i.osHeapAlloc)
    osHeapAllocAlign                         0x08004fcd   Thumb Code    58  los_heap.o(i.osHeapAllocAlign)
    osHeapFree                               0x08005009   Thumb Code   226  los_heap.o(i.osHeapFree)
    osHeapInit                               0x0800510d   Thumb Code    58  los_heap.o(i.osHeapInit)
    osHeapPrvGetNext                         0x08005147   Thumb Code    22  los_heap.o(i.osHeapPrvGetNext)
    osHeapStatisticsGet                      0x0800515d   Thumb Code    66  los_heap.o(i.osHeapStatisticsGet)
    osIdleTask                               0x080051a5   Thumb Code     2  los_task.o(i.osIdleTask)
    osIdleTaskCreate                         0x080051a9   Thumb Code    44  los_task.o(i.osIdleTaskCreate)
    osIntNumGet                              0x080051e9   Thumb Code     6  los_hwi.o(i.osIntNumGet)
    osMemSystemInit                          0x080051f1   Thumb Code    10  los_memory.o(i.osMemSystemInit)
    osMuxInit                                0x08005205   Thumb Code    74  los_mux.o(i.osMuxInit)
    osPriqueueDequeue                        0x0800525d   Thumb Code    50  los_priqueue.o(i.osPriqueueDequeue)
    osPriqueueEnqueue                        0x08005295   Thumb Code    44  los_priqueue.o(i.osPriqueueEnqueue)
    osPriqueueInit                           0x080052c5   Thumb Code    42  los_priqueue.o(i.osPriqueueInit)
    osPriqueueSize                           0x080052f9   Thumb Code    30  los_priqueue.o(i.osPriqueueSize)
    osPriqueueTop                            0x0800531d   Thumb Code    24  los_priqueue.o(i.osPriqueueTop)
    osQueueInit                              0x08005409   Thumb Code    80  los_queue.o(i.osQueueInit)
    osQueueOperate                           0x08005465   Thumb Code   342  los_queue.o(i.osQueueOperate)
    osSchedule                               0x0800563d   Thumb Code     4  los_hw.o(i.osSchedule)
    osSemCreate                              0x08005641   Thumb Code   124  los_sem.o(i.osSemCreate)
    osSemInit                                0x080056dd   Thumb Code    72  los_sem.o(i.osSemInit)
    osSlabAllocatorAlloc                     0x08005731   Thumb Code    28  los_slab.o(i.osSlabAllocatorAlloc)
    osSlabAllocatorFree                      0x0800574d   Thumb Code    56  los_slab.o(i.osSlabAllocatorFree)
    osSlabAllocatorNew                       0x08005785   Thumb Code    70  los_slab.o(i.osSlabAllocatorNew)
    osSlabBlockHeadFill                      0x080057cb   Thumb Code    20  los_slabmem.o(i.osSlabBlockHeadFill)
    osSlabCtrlHdrGet                         0x080057df   Thumb Code     4  los_memory.o(i.osSlabCtrlHdrGet)
    osSlabMemAlloc                           0x080057e3   Thumb Code    98  los_slabmem.o(i.osSlabMemAlloc)
    osSlabMemFree                            0x08005845   Thumb Code    94  los_slabmem.o(i.osSlabMemFree)
    osSlabMemInit                            0x080058a5   Thumb Code    82  los_slabmem.o(i.osSlabMemInit)
    osSwTmrInit                              0x080058fd   Thumb Code   112  los_swtmr.o(i.osSwTmrInit)
    osSwTmrStart                             0x0800597d   Thumb Code   382  los_swtmr.o(i.osSwTmrStart)
    osSwTmrTask                              0x08005b0d   Thumb Code    56  los_swtmr.o(i.osSwTmrTask)
    osSwTmrTaskCreate                        0x08005b49   Thumb Code    44  los_swtmr.o(i.osSwTmrTaskCreate)
    osSwtmrScan                              0x08005c15   Thumb Code    24  los_swtmr.o(i.osSwtmrScan)
    osSwtmrStop                              0x08005c31   Thumb Code    76  los_swtmr.o(i.osSwtmrStop)
    osTaskAdd2TimerList                      0x08005c85   Thumb Code   126  los_task.o(i.osTaskAdd2TimerList)
    osTaskEntry                              0x08005d09   Thumb Code    38  los_task.o(i.osTaskEntry)
    osTaskExit                               0x08005d35   Thumb Code     4  los_hw.o(i.osTaskExit)
    osTaskInit                               0x08005d39   Thumb Code   200  los_task.o(i.osTaskInit)
    osTaskMonInit                            0x08005e0d   Thumb Code    30  los_task.o(i.osTaskMonInit)
    osTaskPriModify                          0x08005e39   Thumb Code    48  los_task.o(i.osTaskPriModify)
    osTaskScan                               0x08005e69   Thumb Code   174  los_task.o(i.osTaskScan)
    osTaskSwitchCheck                        0x08005f1d   Thumb Code   170  los_task.o(i.osTaskSwitchCheck)
    osTaskWait                               0x08006059   Thumb Code    70  los_task.o(i.osTaskWait)
    osTaskWake                               0x080060a5   Thumb Code    64  los_task.o(i.osTaskWake)
    osTickHandler                            0x080060e5   Thumb Code    34  los_tick.o(i.osTickHandler)
    osTickStart                              0x0800610d   Thumb Code    86  los_hw_tick.o(i.osTickStart)
    osTimerListDelete                        0x0800617d   Thumb Code    48  los_task.o(i.osTimerListDelete)
    osTimesliceCheck                         0x080061b1   Thumb Code    44  los_timeslice.o(i.osTimesliceCheck)
    osTimesliceInit                          0x080061e9   Thumb Code    12  los_timeslice.o(i.osTimesliceInit)
    osTskStackInit                           0x080061f9   Thumb Code   124  los_hw.o(i.osTskStackInit)
    AHBPrescTable                            0x080063c0   Data          16  system_stm32l4xx.o(.constdata)
    MSIRangeTable                            0x080063d0   Data          48  system_stm32l4xx.o(.constdata)
    APBPrescTable                            0x08006400   Data           8  system_stm32l4xx.o(.constdata)
    Region$$Table$$Base                      0x0800644c   Number         0  anon$$obj.o(Region$$Table)
    Region$$Table$$Limit                     0x0800646c   Number         0  anon$$obj.o(Region$$Table)
    uwTick                                   0x20000000   Data           4  stm32l4xx_hal.o(.data)
    SystemCoreClock                          0x20000004   Data           4  system_stm32l4xx.o(.data)
    m_aucSysMem0                             0x20000008   Data           4  los_init.o(.data)
    g_pstLosPriorityQueueList                0x20000010   Data           4  los_priqueue.o(.data)
    m_uwSwTmrHandlerQueue                    0x20000020   Data           4  los_swtmr.o(.data)
    m_pstSwtmrCBArray                        0x20000024   Data           4  los_swtmr.o(.data)
    m_pstSwtmrFreeList                       0x20000028   Data           4  los_swtmr.o(.data)
    m_pstSwtmrSortList                       0x2000002c   Data           4  los_swtmr.o(.data)
    g_usLosTaskLock                          0x20000030   Data           2  los_task.o(.data)
    g_pfnTskSwitchHook                       0x20000034   Data           4  los_task.o(.data)
    g_pfnUsrTskSwitchHook                    0x20000038   Data           4  los_task.o(.data)
    g_pstTaskCBArray                         0x2000003c   Data           4  los_task.o(.data)
    g_uwTskMaxNum                            0x20000040   Data           4  los_task.o(.data)
    g_uwIdleTaskID                           0x20000044   Data           4  los_task.o(.data)
    g_uwSwtmrTaskID                          0x20000048   Data           4  los_task.o(.data)
    g_bTaskScheduled                         0x2000004c   Data           4  los_task.o(.data)
    g_stLosTask                              0x20000050   Data           8  los_task.o(.data)
    g_stTaskTimerList                        0x20000058   Data           8  los_task.o(.data)
    g_stLosFreeTask                          0x20000060   Data           8  los_task.o(.data)
    g_stTskRecyleList                        0x20000068   Data           8  los_task.o(.data)
    g_stTskSortLink                          0x20000070   Data           8  los_task.o(.data)
    g_bSysTickStart                          0x20000078   Data           4  los_tick.o(.data)
    g_uwSysClock                             0x20000080   Data           4  los_tick.o(.data)
    g_ullTickCount                           0x20000088   Data           8  los_tick.o(.data)
    g_uwCyclesPerTick                        0x20000090   Data           4  los_tick.o(.data)
    g_stTaskTimeSlice                        0x20000094   Data           8  los_timeslice.o(.data)
    g_pstAllMux                              0x2000009c   Data           4  los_mux.o(.data)
    g_stUnusedMuxList                        0x200000a0   Data           8  los_mux.o(.data)
    g_pstAllQueue                            0x200000a8   Data           4  los_queue.o(.data)
    g_stFreeQueueList                        0x200000ac   Data           8  los_queue.o(.data)
    g_pstAllSem                              0x200000b4   Data           4  los_sem.o(.data)
    g_stUnusedSemList                        0x200000b8   Data           8  los_sem.o(.data)
    g_stUserErrFunc                          0x200000c0   Data           4  los_err.o(.data)
    g_pPoolHead                              0x200000d4   Data           4  los_memory.o(.data)
    __stdout                                 0x200001c4   Data           4  stdout.o(.data)
    huart1                                   0x200001c8   Data         120  usart.o(.bss)
    m_uwSwTmrAlignID                         0x20000240   Data          64  los_swtmr.o(.bss)
    g_astTskSwitchInfo                       0x20000280   Data         342  los_task.o(.bss)
    Image$$RW_IRAM1$$ZI$$Limit               0x20000b28   Number         0  anon$$obj.o ABSOLUTE
    __initial_sp                             0x20000b28   Data           0  startup_stm32l476xx.o(STACK)



==============================================================================

Memory Map of the image

  Image Entry point : 0x08000189

  Load Region LR_IROM1 (Base: 0x08000000, Size: 0x00006634, Max: 0x00100000, ABSOLUTE, COMPRESSED[0x000064fc])

    Execution Region ER_IROM1 (Exec base: 0x08000000, Load base: 0x08000000, Size: 0x0000646c, Max: 0x00100000, ABSOLUTE)

    Exec Addr    Load Addr    Size         Type   Attr      Idx    E Section Name        Object

    0x08000000   0x08000000   0x00000188   Data   RO            3    RESET               startup_stm32l476xx.o
    0x08000188   0x08000188   0x00000000   Code   RO         5079  * .ARM.Collect$$$$00000000  mc_w.l(entry.o)
    0x08000188   0x08000188   0x00000004   Code   RO         5361    .ARM.Collect$$$$00000001  mc_w.l(entry2.o)
    0x0800018c   0x0800018c   0x00000004   Code   RO         5364    .ARM.Collect$$$$00000004  mc_w.l(entry5.o)
    0x08000190   0x08000190   0x00000000   Code   RO         5366    .ARM.Collect$$$$00000008  mc_w.l(entry7b.o)
    0x08000190   0x08000190   0x00000000   Code   RO         5368    .ARM.Collect$$$$0000000A  mc_w.l(entry8b.o)
    0x08000190   0x08000190   0x00000008   Code   RO         5369    .ARM.Collect$$$$0000000B  mc_w.l(entry9a.o)
    0x08000198   0x08000198   0x00000000   Code   RO         5371    .ARM.Collect$$$$0000000D  mc_w.l(entry10a.o)
    0x08000198   0x08000198   0x00000000   Code   RO         5373    .ARM.Collect$$$$0000000F  mc_w.l(entry11a.o)
    0x08000198   0x08000198   0x00000004   Code   RO         5362    .ARM.Collect$$$$00002712  mc_w.l(entry2.o)
    0x0800019c   0x0800019c   0x00000024   Code   RO            4    .text               startup_stm32l476xx.o
    0x080001c0   0x080001c0   0x00000102   Code   RO         2892    .text               los_dispatch_keil.o
    0x080002c2   0x080002c2   0x00000068   Code   RO         5082    .text               mc_w.l(uldiv.o)
    0x0800032a   0x0800032a   0x00000024   Code   RO         5084    .text               mc_w.l(memcpya.o)
    0x0800034e   0x0800034e   0x00000024   Code   RO         5086    .text               mc_w.l(memseta.o)
    0x08000372   0x08000372   0x0000001e   Code   RO         5378    .text               mc_w.l(llshl.o)
    0x08000390   0x08000390   0x00000020   Code   RO         5380    .text               mc_w.l(llushr.o)
    0x080003b0   0x080003b0   0x00000024   Code   RO         5391    .text               mc_w.l(init.o)
    0x080003d4   0x080003d4   0x00000056   Code   RO         5403    .text               mc_w.l(__dczerorl2.o)
    0x0800042a   0x0800042a   0x00000002   Code   RO          271    i.BusFault_Handler  stm32l4xx_it.o
    0x0800042c   0x0800042c   0x00000002   Code   RO          272    i.DebugMon_Handler  stm32l4xx_it.o
    0x0800042e   0x0800042e   0x00000002   Code   RO           13    i.Error_Handler     main.o
    0x08000430   0x08000430   0x00000120   Code   RO         4567    i.Example_Dyn_Mem   los_api_dynamic_mem.o
    0x08000550   0x08000550   0x000000d4   Code   RO         4612    i.Example_Event     los_api_event.o
    0x08000624   0x08000624   0x000000f8   Code   RO         4874    i.Example_GetTick   los_api_systick.o
    0x0800071c   0x0800071c   0x00000120   Code   RO         4717    i.Example_MsgQueue  los_api_msgqueue.o
    0x0800083c   0x0800083c   0x000000e0   Code   RO         4759    i.Example_MutexLock  los_api_mutex.o
    0x0800091c   0x0800091c   0x00000144   Code   RO         4760    i.Example_MutexTask1  los_api_mutex.o
    0x08000a60   0x08000a60   0x000000f0   Code   RO         4761    i.Example_MutexTask2  los_api_mutex.o
    0x08000b50   0x08000b50   0x00000104   Code   RO         4798    i.Example_SemTask1  los_api_sem.o
    0x08000c54   0x08000c54   0x000000d8   Code   RO         4799    i.Example_SemTask2  los_api_sem.o
    0x08000d2c   0x08000d2c   0x00000108   Code   RO         4800    i.Example_Semphore  los_api_sem.o
    0x08000e34   0x08000e34   0x00000110   Code   RO         4613    i.Example_SndRcvEvent  los_api_event.o
    0x08000f44   0x08000f44   0x00000168   Code   RO         4838    i.Example_StaticMem  los_api_static_mem.o
    0x080010ac   0x080010ac   0x00000130   Code   RO         4907    i.Example_TaskHi    los_api_task.o
    0x080011dc   0x080011dc   0x000000f8   Code   RO         4908    i.Example_TaskLo    los_api_task.o
    0x080012d4   0x080012d4   0x0000016c   Code   RO         4909    i.Example_TskCaseEntry  los_api_task.o
    0x08001440   0x08001440   0x000001e4   Code   RO         4672    i.Example_list      los_api_list.o
    0x08001624   0x08001624   0x00000258   Code   RO         4963    i.Example_swTimer   los_api_timer.o
    0x0800187c   0x0800187c   0x000001ca   Code   RO         2002    i.HAL_GPIO_Init     stm32l4xx_hal_gpio.o
    0x08001a46   0x08001a46   0x0000000a   Code   RO         2006    i.HAL_GPIO_WritePin  stm32l4xx_hal_gpio.o
    0x08001a50   0x08001a50   0x0000000c   Code   RO          827    i.HAL_GetTick       stm32l4xx_hal.o
    0x08001a5c   0x08001a5c   0x0000001e   Code   RO          832    i.HAL_Init          stm32l4xx_hal.o
    0x08001a7a   0x08001a7a   0x00000002   PAD
    0x08001a7c   0x08001a7c   0x00000030   Code   RO          833    i.HAL_InitTick      stm32l4xx_hal.o
    0x08001aac   0x08001aac   0x0000002c   Code   RO          334    i.HAL_MspInit       stm32l4xx_hal_msp.o
    0x08001ad8   0x08001ad8   0x00000040   Code   RO         2549    i.HAL_NVIC_SetPriority  stm32l4xx_hal_cortex.o
    0x08001b18   0x08001b18   0x00000024   Code   RO         2550    i.HAL_NVIC_SetPriorityGrouping  stm32l4xx_hal_cortex.o
    0x08001b3c   0x08001b3c   0x00000068   Code   RO         2293    i.HAL_PWREx_ControlVoltageScaling  stm32l4xx_hal_pwr_ex.o
    0x08001ba4   0x08001ba4   0x00000010   Code   RO         2324    i.HAL_PWREx_GetVoltageRange  stm32l4xx_hal_pwr_ex.o
    0x08001bb4   0x08001bb4   0x000003ae   Code   RO         1659    i.HAL_RCCEx_PeriphCLKConfig  stm32l4xx_hal_rcc_ex.o
    0x08001f62   0x08001f62   0x00000002   PAD
    0x08001f64   0x08001f64   0x00000118   Code   RO         1544    i.HAL_RCC_ClockConfig  stm32l4xx_hal_rcc.o
    0x0800207c   0x0800207c   0x00000024   Code   RO         1550    i.HAL_RCC_GetPCLK1Freq  stm32l4xx_hal_rcc.o
    0x080020a0   0x080020a0   0x00000024   Code   RO         1551    i.HAL_RCC_GetPCLK2Freq  stm32l4xx_hal_rcc.o
    0x080020c4   0x080020c4   0x000000a4   Code   RO         1552    i.HAL_RCC_GetSysClockFreq  stm32l4xx_hal_rcc.o
    0x08002168   0x08002168   0x00000464   Code   RO         1555    i.HAL_RCC_OscConfig  stm32l4xx_hal_rcc.o
    0x080025cc   0x080025cc   0x00000028   Code   RO         2554    i.HAL_SYSTICK_Config  stm32l4xx_hal_cortex.o
    0x080025f4   0x080025f4   0x0000006a   Code   RO          420    i.HAL_UART_Init     stm32l4xx_hal_uart.o
    0x0800265e   0x0800265e   0x00000002   PAD
    0x08002660   0x08002660   0x00000064   Code   RO          224    i.HAL_UART_MspInit  usart.o
    0x080026c4   0x080026c4   0x000000b0   Code   RO          428    i.HAL_UART_Transmit  stm32l4xx_hal_uart.o
    0x08002774   0x08002774   0x00000002   Code   RO          273    i.HardFault_Handler  stm32l4xx_it.o
    0x08002776   0x08002776   0x00000014   Code   RO         4016    i.LOS_Align         los_misc.o
    0x0800278a   0x0800278a   0x00000002   PAD
    0x0800278c   0x0800278c   0x00000014   Code   RO         3232    i.LOS_CyclePerTickGet  los_sys.o
    0x080027a0   0x080027a0   0x0000001c   Code   RO         4046    i.LOS_ErrHandle     los_err.o
    0x080027bc   0x080027bc   0x00000024   Code   RO         3673    i.LOS_EventClear    los_event.o
    0x080027e0   0x080027e0   0x00000018   Code   RO         3675    i.LOS_EventInit     los_event.o
    0x080027f8   0x080027f8   0x00000046   Code   RO         3676    i.LOS_EventPoll     los_event.o
    0x0800283e   0x0800283e   0x00000002   PAD
    0x08002840   0x08002840   0x000000e8   Code   RO         3677    i.LOS_EventRead     los_event.o
    0x08002928   0x08002928   0x00000090   Code   RO         3678    i.LOS_EventWrite    los_event.o
    0x080029b8   0x080029b8   0x00000120   Code   RO         5039    i.LOS_InspectByID   los_inspect_entry.o
    0x08002ad8   0x08002ad8   0x0000007c   Code   RO         5040    i.LOS_InspectStatusSetByID  los_inspect_entry.o
    0x08002b54   0x08002b54   0x00000048   Code   RO         5041    i.LOS_Inspect_Entry  los_inspect_entry.o
    0x08002b9c   0x08002b9c   0x00000074   Code   RO         5042    i.LOS_Inspect_TskDeal  los_inspect_entry.o
    0x08002c10   0x08002c10   0x000000f0   Code   RO         2898    i.LOS_KernelInit    los_init.o
    0x08002d00   0x08002d00   0x0000000e   Code   RO         3295    i.LOS_ListAdd       los_task.o
    0x08002d0e   0x08002d0e   0x0000000e   Code   RO         3747    i.LOS_ListAdd       los_mux.o
    0x08002d1c   0x08002d1c   0x0000000e   Code   RO         3812    i.LOS_ListAdd       los_queue.o
    0x08002d2a   0x08002d2a   0x0000000e   Code   RO         3943    i.LOS_ListAdd       los_sem.o
    0x08002d38   0x08002d38   0x0000000e   Code   RO         4673    i.LOS_ListAdd       los_api_list.o
    0x08002d46   0x08002d46   0x00000014   Code   RO         3296    i.LOS_ListDelete    los_task.o
    0x08002d5a   0x08002d5a   0x00000006   Code   RO         3297    i.LOS_ListTailInsert  los_task.o
    0x08002d60   0x08002d60   0x00000028   Code   RO         4152    i.LOS_MemAlloc      los_memory.o
    0x08002d88   0x08002d88   0x00000004   Code   RO         4153    i.LOS_MemAllocAlign  los_memory.o
    0x08002d8c   0x08002d8c   0x00000026   Code   RO         4155    i.LOS_MemFree       los_memory.o
    0x08002db2   0x08002db2   0x00000002   PAD
    0x08002db4   0x08002db4   0x000000e2   Code   RO         4157    i.LOS_MemInit       los_memory.o
    0x08002e96   0x08002e96   0x00000002   PAD
    0x08002e98   0x08002e98   0x00000038   Code   RO         4488    i.LOS_MemboxAlloc   los_membox.o
    0x08002ed0   0x08002ed0   0x00000016   Code   RO         4489    i.LOS_MemboxClr     los_membox.o
    0x08002ee6   0x08002ee6   0x00000002   PAD
    0x08002ee8   0x08002ee8   0x0000005c   Code   RO         4490    i.LOS_MemboxFree    los_membox.o
    0x08002f44   0x08002f44   0x0000005e   Code   RO         4491    i.LOS_MemboxInit    los_membox.o
    0x08002fa2   0x08002fa2   0x00000002   PAD
    0x08002fa4   0x08002fa4   0x00000088   Code   RO         3748    i.LOS_MuxCreate     los_mux.o
    0x0800302c   0x0800302c   0x00000098   Code   RO         3749    i.LOS_MuxDelete     los_mux.o
    0x080030c4   0x080030c4   0x00000150   Code   RO         3750    i.LOS_MuxPend       los_mux.o
    0x08003214   0x08003214   0x000000c0   Code   RO         3751    i.LOS_MuxPost       los_mux.o
    0x080032d4   0x080032d4   0x000000c4   Code   RO         3813    i.LOS_QueueCreate   los_queue.o
    0x08003398   0x08003398   0x00000098   Code   RO         3814    i.LOS_QueueDelete   los_queue.o
    0x08003430   0x08003430   0x00000026   Code   RO         3816    i.LOS_QueueRead     los_queue.o
    0x08003456   0x08003456   0x00000022   Code   RO         3817    i.LOS_QueueReadCopy  los_queue.o
    0x08003478   0x08003478   0x0000002c   Code   RO         3818    i.LOS_QueueWrite    los_queue.o
    0x080034a4   0x080034a4   0x00000026   Code   RO         3819    i.LOS_QueueWriteCopy  los_queue.o
    0x080034ca   0x080034ca   0x00000002   PAD
    0x080034cc   0x080034cc   0x00000040   Code   RO         2711    i.LOS_Schedule      los_hw.o
    0x0800350c   0x0800350c   0x0000000a   Code   RO         3944    i.LOS_SemCreate     los_sem.o
    0x08003516   0x08003516   0x00000002   PAD
    0x08003518   0x08003518   0x00000090   Code   RO         3945    i.LOS_SemDelete     los_sem.o
    0x080035a8   0x080035a8   0x00000148   Code   RO         3946    i.LOS_SemPend       los_sem.o
    0x080036f0   0x080036f0   0x000000ac   Code   RO         3947    i.LOS_SemPost       los_sem.o
    0x0800379c   0x0800379c   0x0000003c   Code   RO         2900    i.LOS_Start         los_init.o
    0x080037d8   0x080037d8   0x000000b2   Code   RO         3040    i.LOS_SwtmrCreate   los_swtmr.o
    0x0800388a   0x0800388a   0x00000002   PAD
    0x0800388c   0x0800388c   0x00000074   Code   RO         3041    i.LOS_SwtmrDelete   los_swtmr.o
    0x08003900   0x08003900   0x000000c8   Code   RO         3042    i.LOS_SwtmrStart    los_swtmr.o
    0x080039c8   0x080039c8   0x00000070   Code   RO         3043    i.LOS_SwtmrStop     los_swtmr.o
    0x08003a38   0x08003a38   0x00000070   Code   RO         3300    i.LOS_TaskCreate    los_task.o
    0x08003aa8   0x08003aa8   0x00000150   Code   RO         3301    i.LOS_TaskCreateOnly  los_task.o
    0x08003bf8   0x08003bf8   0x0000006c   Code   RO         3302    i.LOS_TaskDelay     los_task.o
    0x08003c64   0x08003c64   0x00000138   Code   RO         3303    i.LOS_TaskDelete    los_task.o
    0x08003d9c   0x08003d9c   0x0000001c   Code   RO         3307    i.LOS_TaskLock      los_task.o
    0x08003db8   0x08003db8   0x0000008c   Code   RO         3311    i.LOS_TaskResume    los_task.o
    0x08003e44   0x08003e44   0x000000b4   Code   RO         3313    i.LOS_TaskSuspend   los_task.o
    0x08003ef8   0x08003ef8   0x00000030   Code   RO         3315    i.LOS_TaskUnlock    los_task.o
    0x08003f28   0x08003f28   0x00000070   Code   RO         3316    i.LOS_TaskYield     los_task.o
    0x08003f98   0x08003f98   0x0000000c   Code   RO         3235    i.LOS_TickCountGet  los_sys.o
    0x08003fa4   0x08003fa4   0x0000006c   Code   RO          199    i.MX_GPIO_Init      gpio.o
    0x08004010   0x08004010   0x0000003c   Code   RO          225    i.MX_USART1_UART_Init  usart.o
    0x0800404c   0x0800404c   0x00000002   Code   RO          274    i.MemManage_Handler  stm32l4xx_it.o
    0x0800404e   0x0800404e   0x00000002   Code   RO          275    i.NMI_Handler       stm32l4xx_it.o
    0x08004050   0x08004050   0x00000020   Code   RO         2556    i.NVIC_SetPriority  stm32l4xx_hal_cortex.o
    0x08004070   0x08004070   0x0000012c   Code   RO         1663    i.RCCEx_PLLSAI1_Config  stm32l4xx_hal_rcc_ex.o
    0x0800419c   0x0800419c   0x00000108   Code   RO         1664    i.RCCEx_PLLSAI2_Config  stm32l4xx_hal_rcc_ex.o
    0x080042a4   0x080042a4   0x0000007c   Code   RO         1556    i.RCC_SetFlashLatencyFromMSIRange  stm32l4xx_hal_rcc.o
    0x08004320   0x08004320   0x00000002   Code   RO          276    i.SVC_Handler       stm32l4xx_it.o
    0x08004322   0x08004322   0x00000002   PAD
    0x08004324   0x08004324   0x00000024   Code   RO         2862    i.SysTick_Handler   los_hwi.o
    0x08004348   0x08004348   0x0000006a   Code   RO           14    i.SystemClock_Config  main.o
    0x080043b2   0x080043b2   0x00000002   PAD
    0x080043b4   0x080043b4   0x00000044   Code   RO         2674    i.SystemInit        system_stm32l4xx.o
    0x080043f8   0x080043f8   0x00000054   Code   RO         4964    i.Timer1_Callback   los_api_timer.o
    0x0800444c   0x0800444c   0x00000084   Code   RO         4965    i.Timer2_Callback   los_api_timer.o
    0x080044d0   0x080044d0   0x000000c8   Code   RO          433    i.UART_AdvFeatureConfig  stm32l4xx_hal_uart.o
    0x08004598   0x08004598   0x0000005c   Code   RO          434    i.UART_CheckIdleState  stm32l4xx_hal_uart.o
    0x080045f4   0x080045f4   0x000002a0   Code   RO          449    i.UART_SetConfig    stm32l4xx_hal_uart.o
    0x08004894   0x08004894   0x00000064   Code   RO          452    i.UART_WaitOnFlagUntilTimeout  stm32l4xx_hal_uart.o
    0x080048f8   0x080048f8   0x00000002   Code   RO          277    i.UsageFault_Handler  stm32l4xx_it.o
    0x080048fa   0x080048fa   0x00000002   PAD
    0x080048fc   0x080048fc   0x00000020   Code   RO         5299    i.__0printf$8       mc_w.l(printf8.o)
    0x0800491c   0x0800491c   0x0000000e   Code   RO         5397    i.__scatterload_copy  mc_w.l(handlers.o)
    0x0800492a   0x0800492a   0x00000002   Code   RO         5398    i.__scatterload_null  mc_w.l(handlers.o)
    0x0800492c   0x0800492c   0x0000000e   Code   RO         5399    i.__scatterload_zeroinit  mc_w.l(handlers.o)
    0x0800493a   0x0800493a   0x00000002   PAD
    0x0800493c   0x0800493c   0x00000416   Code   RO         5306    i._printf_core      mc_w.l(printf8.o)
    0x08004d52   0x08004d52   0x00000024   Code   RO         5307    i._printf_post_padding  mc_w.l(printf8.o)
    0x08004d76   0x08004d76   0x0000002e   Code   RO         5308    i._printf_pre_padding  mc_w.l(printf8.o)
    0x08004da4   0x08004da4   0x00000018   Code   RO          226    i.fputc             usart.o
    0x08004dbc   0x08004dbc   0x00000026   Code   RO           15    i.main              main.o
    0x08004de2   0x08004de2   0x0000001a   Code   RO         4079    i.osAlarmHeapInfo   los_heap.o
    0x08004dfc   0x08004dfc   0x0000001e   Code   RO         4291    i.osAtomicBitsetClearBit  los_slab.o
    0x08004e1a   0x08004e1a   0x00000042   Code   RO         4293    i.osAtomicBitsetFindClearAndSet  los_slab.o
    0x08004e5c   0x08004e5c   0x00000022   Code   RO         4294    i.osAtomicBitsetGetBit  los_slab.o
    0x08004e7e   0x08004e7e   0x0000002c   Code   RO         4296    i.osAtomicBitsetInit  los_slab.o
    0x08004eaa   0x08004eaa   0x00000002   PAD
    0x08004eac   0x08004eac   0x00000120   Code   RO         4080    i.osHeapAlloc       los_heap.o
    0x08004fcc   0x08004fcc   0x0000003a   Code   RO         4081    i.osHeapAllocAlign  los_heap.o
    0x08005006   0x08005006   0x00000002   PAD
    0x08005008   0x08005008   0x00000104   Code   RO         4082    i.osHeapFree        los_heap.o
    0x0800510c   0x0800510c   0x0000003a   Code   RO         4085    i.osHeapInit        los_heap.o
    0x08005146   0x08005146   0x00000016   Code   RO         4086    i.osHeapPrvGetNext  los_heap.o
    0x0800515c   0x0800515c   0x00000048   Code   RO         4087    i.osHeapStatisticsGet  los_heap.o
    0x080051a4   0x080051a4   0x00000002   Code   RO         3320    i.osIdleTask        los_task.o
    0x080051a6   0x080051a6   0x00000002   PAD
    0x080051a8   0x080051a8   0x00000040   Code   RO         3321    i.osIdleTaskCreate  los_task.o
    0x080051e8   0x080051e8   0x00000006   Code   RO         2863    i.osIntNumGet       los_hwi.o
    0x080051ee   0x080051ee   0x00000002   PAD
    0x080051f0   0x080051f0   0x00000014   Code   RO         4161    i.osMemSystemInit   los_memory.o
    0x08005204   0x08005204   0x00000058   Code   RO         3752    i.osMuxInit         los_mux.o
    0x0800525c   0x0800525c   0x00000038   Code   RO         2947    i.osPriqueueDequeue  los_priqueue.o
    0x08005294   0x08005294   0x00000030   Code   RO         2948    i.osPriqueueEnqueue  los_priqueue.o
    0x080052c4   0x080052c4   0x00000034   Code   RO         2949    i.osPriqueueInit    los_priqueue.o
    0x080052f8   0x080052f8   0x00000024   Code   RO         2950    i.osPriqueueSize    los_priqueue.o
    0x0800531c   0x0800531c   0x0000001c   Code   RO         2951    i.osPriqueueTop     los_priqueue.o
    0x08005338   0x08005338   0x000000d0   Code   RO         3822    i.osQueueBufferOperate  los_queue.o
    0x08005408   0x08005408   0x0000005c   Code   RO         3823    i.osQueueInit       los_queue.o
    0x08005464   0x08005464   0x0000016e   Code   RO         3826    i.osQueueOperate    los_queue.o
    0x080055d2   0x080055d2   0x00000002   PAD
    0x080055d4   0x080055d4   0x00000034   Code   RO         3827    i.osQueueReadParameterCheck  los_queue.o
    0x08005608   0x08005608   0x00000034   Code   RO         3828    i.osQueueWriteParameterCheck  los_queue.o
    0x0800563c   0x0800563c   0x00000004   Code   RO         2713    i.osSchedule        los_hw.o
    0x08005640   0x08005640   0x0000009c   Code   RO         3948    i.osSemCreate       los_sem.o
    0x080056dc   0x080056dc   0x00000054   Code   RO         3949    i.osSemInit         los_sem.o
    0x08005730   0x08005730   0x0000001c   Code   RO         4297    i.osSlabAllocatorAlloc  los_slab.o
    0x0800574c   0x0800574c   0x00000038   Code   RO         4301    i.osSlabAllocatorFree  los_slab.o
    0x08005784   0x08005784   0x00000046   Code   RO         4308    i.osSlabAllocatorNew  los_slab.o
    0x080057ca   0x080057ca   0x00000014   Code   RO         4422    i.osSlabBlockHeadFill  los_slabmem.o
    0x080057de   0x080057de   0x00000004   Code   RO         4162    i.osSlabCtrlHdrGet  los_memory.o
    0x080057e2   0x080057e2   0x00000062   Code   RO         4424    i.osSlabMemAlloc    los_slabmem.o
    0x08005844   0x08005844   0x0000005e   Code   RO         4427    i.osSlabMemFree     los_slabmem.o
    0x080058a2   0x080058a2   0x00000002   PAD
    0x080058a4   0x080058a4   0x00000058   Code   RO         4428    i.osSlabMemInit     los_slabmem.o
    0x080058fc   0x080058fc   0x00000080   Code   RO         3046    i.osSwTmrInit       los_swtmr.o
    0x0800597c   0x0800597c   0x0000018e   Code   RO         3047    i.osSwTmrStart      los_swtmr.o
    0x08005b0a   0x08005b0a   0x00000002   PAD
    0x08005b0c   0x08005b0c   0x0000003c   Code   RO         3048    i.osSwTmrTask       los_swtmr.o
    0x08005b48   0x08005b48   0x00000040   Code   RO         3049    i.osSwTmrTaskCreate  los_swtmr.o
    0x08005b88   0x08005b88   0x00000068   Code   RO         3050    i.osSwTmrTimeoutHandle  los_swtmr.o
    0x08005bf0   0x08005bf0   0x00000024   Code   RO         3052    i.osSwtmrDelete     los_swtmr.o
    0x08005c14   0x08005c14   0x0000001c   Code   RO         3053    i.osSwtmrScan       los_swtmr.o
    0x08005c30   0x08005c30   0x00000054   Code   RO         3054    i.osSwtmrStop       los_swtmr.o
    0x08005c84   0x08005c84   0x00000084   Code   RO         3322    i.osTaskAdd2TimerList  los_task.o
    0x08005d08   0x08005d08   0x0000002c   Code   RO         3323    i.osTaskEntry       los_task.o
    0x08005d34   0x08005d34   0x00000004   Code   RO         2714    i.osTaskExit        los_hw.o
    0x08005d38   0x08005d38   0x000000d4   Code   RO         3324    i.osTaskInit        los_task.o
    0x08005e0c   0x08005e0c   0x0000002c   Code   RO         3325    i.osTaskMonInit     los_task.o
    0x08005e38   0x08005e38   0x00000030   Code   RO         3326    i.osTaskPriModify   los_task.o
    0x08005e68   0x08005e68   0x000000b4   Code   RO         3327    i.osTaskScan        los_task.o
    0x08005f1c   0x08005f1c   0x0000013c   Code   RO         3328    i.osTaskSwitchCheck  los_task.o
    0x08006058   0x08006058   0x0000004c   Code   RO         3329    i.osTaskWait        los_task.o
    0x080060a4   0x080060a4   0x00000040   Code   RO         3330    i.osTaskWake        los_task.o
    0x080060e4   0x080060e4   0x00000028   Code   RO         3585    i.osTickHandler     los_tick.o
    0x0800610c   0x0800610c   0x00000070   Code   RO         2812    i.osTickStart       los_hw_tick.o
    0x0800617c   0x0800617c   0x00000034   Code   RO         3331    i.osTimerListDelete  los_task.o
    0x080061b0   0x080061b0   0x00000038   Code   RO         3637    i.osTimesliceCheck  los_timeslice.o
    0x080061e8   0x080061e8   0x00000010   Code   RO         3638    i.osTimesliceInit   los_timeslice.o
    0x080061f8   0x080061f8   0x00000084   Code   RO         2715    i.osTskStackInit    los_hw.o
    0x0800627c   0x0800627c   0x000000dc   Code   RO         4718    i.recv_Entry        los_api_msgqueue.o
    0x08006358   0x08006358   0x00000068   Code   RO         4719    i.send_Entry        los_api_msgqueue.o
    0x080063c0   0x080063c0   0x00000040   Data   RO         2675    .constdata          system_stm32l4xx.o
    0x08006400   0x08006400   0x00000008   Data   RO         2676    .constdata          system_stm32l4xx.o
    0x08006408   0x08006408   0x00000043   Data   RO         4801    .conststring        los_api_sem.o
    0x0800644b   0x0800644b   0x00000001   PAD
    0x0800644c   0x0800644c   0x00000020   Data   RO         5395    Region$$Table       anon$$obj.o


    Execution Region RW_IRAM1 (Exec base: 0x20000000, Load base: 0x0800646c, Size: 0x00000b28, Max: 0x00018000, ABSOLUTE, COMPRESSED[0x00000090])

    Exec Addr    Load Addr    Size         Type   Attr      Idx    E Section Name        Object

    0x20000000   COMPRESSED   0x00000004   Data   RW          848    .data               stm32l4xx_hal.o
    0x20000004   COMPRESSED   0x00000004   Data   RW         2677    .data               system_stm32l4xx.o
    0x20000008   COMPRESSED   0x00000004   Data   RW         2902    .data               los_init.o
    0x2000000c   COMPRESSED   0x00000008   Data   RW         2953    .data               los_priqueue.o
    0x20000014   COMPRESSED   0x0000001c   Data   RW         3057    .data               los_swtmr.o
    0x20000030   COMPRESSED   0x00000048   Data   RW         3334    .data               los_task.o
    0x20000078   COMPRESSED   0x00000004   Data   RW         3586    .data               los_tick.o
    0x2000007c   COMPRESSED   0x00000004   PAD
    0x20000080   COMPRESSED   0x00000010   Data   RW         3587    .data               los_tick.o
    0x20000090   COMPRESSED   0x00000004   Data   RW         3590    .data               los_tick.o
    0x20000094   COMPRESSED   0x00000008   Data   RW         3639    .data               los_timeslice.o
    0x2000009c   COMPRESSED   0x0000000c   Data   RW         3753    .data               los_mux.o
    0x200000a8   COMPRESSED   0x0000000c   Data   RW         3829    .data               los_queue.o
    0x200000b4   COMPRESSED   0x0000000c   Data   RW         3950    .data               los_sem.o
    0x200000c0   COMPRESSED   0x00000004   Data   RW         4047    .data               los_err.o
    0x200000c4   COMPRESSED   0x00000010   Data   RW         4088    .data               los_heap.o
    0x200000d4   COMPRESSED   0x00000004   Data   RW         4163    .data               los_memory.o
    0x200000d8   COMPRESSED   0x00000004   Data   RW         4615    .data               los_api_event.o
    0x200000dc   COMPRESSED   0x00000016   Data   RW         4720    .data               los_api_msgqueue.o
    0x200000f2   COMPRESSED   0x00000002   PAD
    0x200000f4   COMPRESSED   0x0000000c   Data   RW         4762    .data               los_api_mutex.o
    0x20000100   COMPRESSED   0x0000000c   Data   RW         4802    .data               los_api_sem.o
    0x2000010c   COMPRESSED   0x00000008   Data   RW         4910    .data               los_api_task.o
    0x20000114   COMPRESSED   0x00000008   Data   RW         4966    .data               los_api_timer.o
    0x2000011c   COMPRESSED   0x000000a8   Data   RW         5043    .data               los_inspect_entry.o
    0x200001c4   COMPRESSED   0x00000004   Data   RW         5375    .data               mc_w.l(stdout.o)
    0x200001c8        -       0x00000078   Zero   RW          227    .bss                usart.o
    0x20000240        -       0x00000040   Zero   RW         3056    .bss                los_swtmr.o
    0x20000280        -       0x00000156   Zero   RW         3332    .bss                los_task.o
    0x200003d6   COMPRESSED   0x00000002   PAD
    0x200003d8        -       0x00000100   Zero   RW         4568    .bss                los_api_dynamic_mem.o
    0x200004d8        -       0x0000000c   Zero   RW         4614    .bss                los_api_event.o
    0x200004e4        -       0x00000240   Zero   RW         4839    .bss                los_api_static_mem.o
    0x20000724   COMPRESSED   0x00000004   PAD
    0x20000728        -       0x00000400   Zero   RW            1    STACK               startup_stm32l476xx.o


==============================================================================

Image component sizes


      Code (inc. data)   RO Data    RW Data    ZI Data      Debug   Object Name

       108          8          0          0          0        883   gpio.o
       288        168          0          0        256       1530   los_api_dynamic_mem.o
       484        298          0          4         12       1650   los_api_event.o
       498        226          0          0          0       1679   los_api_list.o
       612        334          0         22          0       3067   los_api_msgqueue.o
       788        498          0         12          0       2260   los_api_mutex.o
       740        442         67         12          0       2231   los_api_sem.o
       360        236          0          0        576       1548   los_api_static_mem.o
       248        128          0          0          0        830   los_api_systick.o
       916        604          0          8          0       2235   los_api_task.o
       816        502          0          8          0       2206   los_api_timer.o
       258         24          0          0          0        436   los_dispatch_keil.o
        28          6          0          4          0       2382   los_err.o
       506         30          0          0          0      13922   los_event.o
       784        100          0         16          0       7344   los_heap.o
       204         18          0          0          0      13682   los_hw.o
       112         26          0          0          0      27437   los_hw_tick.o
        42          8          0          0          0       5488   los_hwi.o
       300        138          0          4          0       1952   los_init.o
       600        308          0        168          0       4045   los_inspect_entry.o
       264         10          0          0          0       4760   los_membox.o
         0          0          0          0          0        728   los_memcheck.o
       332         70          0          4          0       5526   los_memory.o
        20          0          0          0          0        648   los_misc.o
       918        204          0         12          0       6748   los_mux.o
       220         30          0          8          0      15234   los_priqueue.o
      1286        108          0         12          0      20200   los_queue.o
       908        230          0         12          0       7502   los_sem.o
       328          0          0          0          0       6436   los_slab.o
       300          0          0          0          0       4211   los_slabmem.o
      1508        116          0         28         64      27430   los_swtmr.o
        32         10          0          0          0       1077   los_sys.o
      2650        326          0         72        342      29949   los_task.o
        40          6          0         24          0       1048   los_tick.o
        72         16          0          8          0       1337   los_timeslice.o
       146          0          0          0          0     793808   main.o
        36          8        392          0       1024        832   startup_stm32l476xx.o
        90         12          0          4          0       3005   stm32l4xx_hal.o
       172         14          0          0          0      29710   stm32l4xx_hal_cortex.o
       468         38          0          0          0       2436   stm32l4xx_hal_gpio.o
        44          6          0          0          0        814   stm32l4xx_hal_msp.o
       120         20          0          0          0       1358   stm32l4xx_hal_pwr_ex.o
      1764         86          0          0          0       6864   stm32l4xx_hal_rcc.o
      1506         44          0          0          0       4036   stm32l4xx_hal_rcc_ex.o
      1346         70          0          0          0       6353   stm32l4xx_hal_uart.o
        14          0          0          0          0       3147   stm32l4xx_it.o
        68         12         72          4          0       1197   system_stm32l4xx.o
       184         20          0          0        120       2422   usart.o

    ----------------------------------------------------------------------
     23572       5558        564        452       2400    1085623   Object Totals
         0          0         32          0          0          0   (incl. Generated)
        44          0          1          6          6          0   (incl. Padding)

    ----------------------------------------------------------------------

      Code (inc. data)   RO Data    RW Data    ZI Data      Debug   Library Member Name

        86          0          0          0          0          0   __dczerorl2.o
         0          0          0          0          0          0   entry.o
         0          0          0          0          0          0   entry10a.o
         0          0          0          0          0          0   entry11a.o
         8          4          0          0          0          0   entry2.o
         4          0          0          0          0          0   entry5.o
         0          0          0          0          0          0   entry7b.o
         0          0          0          0          0          0   entry8b.o
         8          4          0          0          0          0   entry9a.o
        30          0          0          0          0          0   handlers.o
        36          8          0          0          0         68   init.o
        30          0          0          0          0         68   llshl.o
        32          0          0          0          0         68   llushr.o
        36          0          0          0          0         68   memcpya.o
        36          0          0          0          0        108   memseta.o
      1160         54          0          0          0        352   printf8.o
         0          0          0          4          0          0   stdout.o
       104          0          0          0          0         92   uldiv.o

    ----------------------------------------------------------------------
      1572         70          0          4          0        824   Library Totals
         2          0          0          0          0          0   (incl. Padding)

    ----------------------------------------------------------------------

      Code (inc. data)   RO Data    RW Data    ZI Data      Debug   Library Name

      1570         70          0          4          0        824   mc_w.l

    ----------------------------------------------------------------------
      1572         70          0          4          0        824   Library Totals

    ----------------------------------------------------------------------

==============================================================================


      Code (inc. data)   RO Data    RW Data    ZI Data      Debug   

     25144       5628        564        456       2400    1068867   Grand Totals
     25144       5628        564        144       2400    1068867   ELF Image Totals (compressed)
     25144       5628        564        144          0          0   ROM Totals

==============================================================================

    Total RO  Size (Code + RO Data)                25708 (  25.11kB)
    Total RW  Size (RW Data + ZI Data)              2856 (   2.79kB)
    Total ROM Size (Code + RO Data + RW Data)      25852 (  25.25kB)

==============================================================================

