Component: ARM Compiler 5.06 update 6 (build 750) Tool: armlink [4d35ed]

==============================================================================

Section Cross References

    startup_stm32l476xx.o(RESET) refers to startup_stm32l476xx.o(STACK) for __initial_sp
    startup_stm32l476xx.o(RESET) refers to startup_stm32l476xx.o(.text) for Reset_Handler
    startup_stm32l476xx.o(RESET) refers to stm32l4xx_it.o(i.NMI_Handler) for NMI_Handler
    startup_stm32l476xx.o(RESET) refers to stm32l4xx_it.o(i.HardFault_Handler) for HardFault_Handler
    startup_stm32l476xx.o(RESET) refers to stm32l4xx_it.o(i.MemManage_Handler) for MemManage_Handler
    startup_stm32l476xx.o(RESET) refers to stm32l4xx_it.o(i.BusFault_Handler) for BusFault_Handler
    startup_stm32l476xx.o(RESET) refers to stm32l4xx_it.o(i.UsageFault_Handler) for UsageFault_Handler
    startup_stm32l476xx.o(RESET) refers to stm32l4xx_it.o(i.SVC_Handler) for SVC_Handler
    startup_stm32l476xx.o(RESET) refers to stm32l4xx_it.o(i.DebugMon_Handler) for DebugMon_Handler
    startup_stm32l476xx.o(RESET) refers to los_dispatch_keil.o(.text) for PendSV_Handler
    startup_stm32l476xx.o(RESET) refers to los_hwi.o(i.SysTick_Handler) for SysTick_Handler
    startup_stm32l476xx.o(.text) refers to system_stm32l4xx.o(i.SystemInit) for SystemInit
    startup_stm32l476xx.o(.text) refers to entry.o(.ARM.Collect$$$$00000000) for __main
    main.o(i.SystemClock_Config) refers to memseta.o(.text) for __aeabi_memclr4
    main.o(i.SystemClock_Config) refers to stm32l4xx_hal_rcc.o(i.HAL_RCC_OscConfig) for HAL_RCC_OscConfig
    main.o(i.SystemClock_Config) refers to stm32l4xx_hal_rcc.o(i.HAL_RCC_ClockConfig) for HAL_RCC_ClockConfig
    main.o(i.SystemClock_Config) refers to stm32l4xx_hal_rcc_ex.o(i.HAL_RCCEx_PeriphCLKConfig) for HAL_RCCEx_PeriphCLKConfig
    main.o(i.SystemClock_Config) refers to stm32l4xx_hal_pwr_ex.o(i.HAL_PWREx_ControlVoltageScaling) for HAL_PWREx_ControlVoltageScaling
    main.o(i.main) refers to stm32l4xx_hal.o(i.HAL_Init) for HAL_Init
    main.o(i.main) refers to main.o(i.SystemClock_Config) for SystemClock_Config
    main.o(i.main) refers to gpio.o(i.MX_GPIO_Init) for MX_GPIO_Init
    main.o(i.main) refers to usart.o(i.MX_USART1_UART_Init) for MX_USART1_UART_Init
    gpio.o(i.MX_GPIO_Init) refers to memseta.o(.text) for __aeabi_memclr4
    gpio.o(i.MX_GPIO_Init) refers to stm32l4xx_hal_gpio.o(i.HAL_GPIO_WritePin) for HAL_GPIO_WritePin
    gpio.o(i.MX_GPIO_Init) refers to stm32l4xx_hal_gpio.o(i.HAL_GPIO_Init) for HAL_GPIO_Init
    usart.o(i.HAL_UART_MspDeInit) refers to stm32l4xx_hal_gpio.o(i.HAL_GPIO_DeInit) for HAL_GPIO_DeInit
    usart.o(i.HAL_UART_MspInit) refers to memseta.o(.text) for __aeabi_memclr4
    usart.o(i.HAL_UART_MspInit) refers to stm32l4xx_hal_gpio.o(i.HAL_GPIO_Init) for HAL_GPIO_Init
    usart.o(i.MX_USART1_UART_Init) refers to stm32l4xx_hal_uart.o(i.HAL_UART_Init) for HAL_UART_Init
    usart.o(i.MX_USART1_UART_Init) refers to main.o(i.Error_Handler) for Error_Handler
    usart.o(i.MX_USART1_UART_Init) refers to usart.o(.bss) for .bss
    stm32l4xx_hal_uart.o(i.HAL_HalfDuplex_Init) refers to usart.o(i.HAL_UART_MspInit) for HAL_UART_MspInit
    stm32l4xx_hal_uart.o(i.HAL_HalfDuplex_Init) refers to stm32l4xx_hal_uart.o(i.UART_SetConfig) for UART_SetConfig
    stm32l4xx_hal_uart.o(i.HAL_HalfDuplex_Init) refers to stm32l4xx_hal_uart.o(i.UART_AdvFeatureConfig) for UART_AdvFeatureConfig
    stm32l4xx_hal_uart.o(i.HAL_HalfDuplex_Init) refers to stm32l4xx_hal_uart.o(i.UART_CheckIdleState) for UART_CheckIdleState
    stm32l4xx_hal_uart.o(i.HAL_LIN_Init) refers to usart.o(i.HAL_UART_MspInit) for HAL_UART_MspInit
    stm32l4xx_hal_uart.o(i.HAL_LIN_Init) refers to stm32l4xx_hal_uart.o(i.UART_SetConfig) for UART_SetConfig
    stm32l4xx_hal_uart.o(i.HAL_LIN_Init) refers to stm32l4xx_hal_uart.o(i.UART_AdvFeatureConfig) for UART_AdvFeatureConfig
    stm32l4xx_hal_uart.o(i.HAL_LIN_Init) refers to stm32l4xx_hal_uart.o(i.UART_CheckIdleState) for UART_CheckIdleState
    stm32l4xx_hal_uart.o(i.HAL_MultiProcessor_DisableMuteMode) refers to stm32l4xx_hal_uart.o(i.UART_CheckIdleState) for UART_CheckIdleState
    stm32l4xx_hal_uart.o(i.HAL_MultiProcessor_EnableMuteMode) refers to stm32l4xx_hal_uart.o(i.UART_CheckIdleState) for UART_CheckIdleState
    stm32l4xx_hal_uart.o(i.HAL_MultiProcessor_Init) refers to usart.o(i.HAL_UART_MspInit) for HAL_UART_MspInit
    stm32l4xx_hal_uart.o(i.HAL_MultiProcessor_Init) refers to stm32l4xx_hal_uart.o(i.UART_SetConfig) for UART_SetConfig
    stm32l4xx_hal_uart.o(i.HAL_MultiProcessor_Init) refers to stm32l4xx_hal_uart.o(i.UART_AdvFeatureConfig) for UART_AdvFeatureConfig
    stm32l4xx_hal_uart.o(i.HAL_MultiProcessor_Init) refers to stm32l4xx_hal_uart.o(i.UART_CheckIdleState) for UART_CheckIdleState
    stm32l4xx_hal_uart.o(i.HAL_UART_Abort) refers to stm32l4xx_hal_dma.o(i.HAL_DMA_Abort) for HAL_DMA_Abort
    stm32l4xx_hal_uart.o(i.HAL_UART_AbortReceive) refers to stm32l4xx_hal_dma.o(i.HAL_DMA_Abort) for HAL_DMA_Abort
[...]
    Removing stm32l4xx_hal_pwr.o(i.HAL_PWR_DeInit), (24 bytes).
    Removing stm32l4xx_hal_pwr.o(i.HAL_PWR_DisableBkUpAccess), (16 bytes).
    Removing stm32l4xx_hal_pwr.o(i.HAL_PWR_DisablePVD), (16 bytes).
    Removing stm32l4xx_hal_pwr.o(i.HAL_PWR_DisableSEVOnPend), (16 bytes).
    Removing stm32l4xx_hal_pwr.o(i.HAL_PWR_DisableSleepOnExit), (16 bytes).
    Removing stm32l4xx_hal_pwr.o(i.HAL_PWR_DisableWakeUpPin), (20 bytes).
    Removing stm32l4xx_hal_pwr.o(i.HAL_PWR_EnableBkUpAccess), (16 bytes).
    Removing stm32l4xx_hal_pwr.o(i.HAL_PWR_EnablePVD), (16 bytes).
    Removing stm32l4xx_hal_pwr.o(i.HAL_PWR_EnableSEVOnPend), (16 bytes).
    Removing stm32l4xx_hal_pwr.o(i.HAL_PWR_EnableSleepOnExit), (16 bytes).
    Removing stm32l4xx_hal_pwr.o(i.HAL_PWR_EnableWakeUpPin), (28 bytes).
    Removing stm32l4xx_hal_pwr.o(i.HAL_PWR_EnterSLEEPMode), (72 bytes).
    Removing stm32l4xx_hal_pwr.o(i.HAL_PWR_EnterSTANDBYMode), (36 bytes).
    Removing stm32l4xx_hal_pwr.o(i.HAL_PWR_EnterSTOPMode), (16 bytes).
    Removing stm32l4xx_hal_pwr.o(i.HAL_PWR_PVDCallback), (2 bytes).
    Removing stm32l4xx_hal_pwr_ex.o(.rev16_text), (4 bytes).
    Removing stm32l4xx_hal_pwr_ex.o(.revsh_text), (4 bytes).
    Removing stm32l4xx_hal_pwr_ex.o(.rrx_text), (6 bytes).
    Removing stm32l4xx_hal_pwr_ex.o(i.HAL_PWREx_ConfigPVM), (400 bytes).
    Removing stm32l4xx_hal_pwr_ex.o(i.HAL_PWREx_DisableBatteryCharging), (16 bytes).
    Removing stm32l4xx_hal_pwr_ex.o(i.HAL_PWREx_DisableGPIOPullDown), (108 bytes).
    Removing stm32l4xx_hal_pwr_ex.o(i.HAL_PWREx_DisableGPIOPullUp), (104 bytes).
    Removing stm32l4xx_hal_pwr_ex.o(i.HAL_PWREx_DisableInternalWakeUpLine), (16 bytes).
    Removing stm32l4xx_hal_pwr_ex.o(i.HAL_PWREx_DisableLowPowerRunMode), (68 bytes).
    Removing stm32l4xx_hal_pwr_ex.o(i.HAL_PWREx_DisablePVM1), (16 bytes).
    Removing stm32l4xx_hal_pwr_ex.o(i.HAL_PWREx_DisablePVM2), (16 bytes).
    Removing stm32l4xx_hal_pwr_ex.o(i.HAL_PWREx_DisablePVM3), (16 bytes).
    Removing stm32l4xx_hal_pwr_ex.o(i.HAL_PWREx_DisablePVM4), (16 bytes).
    Removing stm32l4xx_hal_pwr_ex.o(i.HAL_PWREx_DisablePullUpPullDownConfig), (16 bytes).
    Removing stm32l4xx_hal_pwr_ex.o(i.HAL_PWREx_DisableSRAM2ContentRetention), (16 bytes).
    Removing stm32l4xx_hal_pwr_ex.o(i.HAL_PWREx_DisableVddIO2), (16 bytes).
    Removing stm32l4xx_hal_pwr_ex.o(i.HAL_PWREx_DisableVddUSB), (16 bytes).
    Removing stm32l4xx_hal_pwr_ex.o(i.HAL_PWREx_EnableBatteryCharging), (28 bytes).
    Removing stm32l4xx_hal_pwr_ex.o(i.HAL_PWREx_EnableGPIOPullDown), (160 bytes).
    Removing stm32l4xx_hal_pwr_ex.o(i.HAL_PWREx_EnableGPIOPullUp), (160 bytes).
    Removing stm32l4xx_hal_pwr_ex.o(i.HAL_PWREx_EnableInternalWakeUpLine), (16 bytes).
    Removing stm32l4xx_hal_pwr_ex.o(i.HAL_PWREx_EnableLowPowerRunMode), (16 bytes).
    Removing stm32l4xx_hal_pwr_ex.o(i.HAL_PWREx_EnablePVM1), (16 bytes).
    Removing stm32l4xx_hal_pwr_ex.o(i.HAL_PWREx_EnablePVM2), (16 bytes).
    Removing stm32l4xx_hal_pwr_ex.o(i.HAL_PWREx_EnablePVM3), (16 bytes).
    Removing stm32l4xx_hal_pwr_ex.o(i.HAL_PWREx_EnablePVM4), (16 bytes).
    Removing stm32l4xx_hal_pwr_ex.o(i.HAL_PWREx_EnablePullUpPullDownConfig), (16 bytes).
    Removing stm32l4xx_hal_pwr_ex.o(i.HAL_PWREx_EnableSRAM2ContentRetention), (16 bytes).
    Removing stm32l4xx_hal_pwr_ex.o(i.HAL_PWREx_EnableVddIO2), (16 bytes).
    Removing stm32l4xx_hal_pwr_ex.o(i.HAL_PWREx_EnableVddUSB), (16 bytes).
    Removing stm32l4xx_hal_pwr_ex.o(i.HAL_PWREx_EnterSHUTDOWNMode), (36 bytes).
    Removing stm32l4xx_hal_pwr_ex.o(i.HAL_PWREx_EnterSTOP0Mode), (52 bytes).
    Removing stm32l4xx_hal_pwr_ex.o(i.HAL_PWREx_EnterSTOP1Mode), (56 bytes).
    Removing stm32l4xx_hal_pwr_ex.o(i.HAL_PWREx_EnterSTOP2Mode), (56 bytes).
    Removing stm32l4xx_hal_pwr_ex.o(i.HAL_PWREx_PVD_PVM_IRQHandler), (88 bytes).
    Removing stm32l4xx_hal_pwr_ex.o(i.HAL_PWREx_PVM1Callback), (2 bytes).
    Removing stm32l4xx_hal_pwr_ex.o(i.HAL_PWREx_PVM2Callback), (2 bytes).
    Removing stm32l4xx_hal_pwr_ex.o(i.HAL_PWREx_PVM3Callback), (2 bytes).
    Removing stm32l4xx_hal_pwr_ex.o(i.HAL_PWREx_PVM4Callback), (2 bytes).
    Removing stm32l4xx_hal_cortex.o(.rev16_text), (4 bytes).
    Removing stm32l4xx_hal_cortex.o(.revsh_text), (4 bytes).
    Removing stm32l4xx_hal_cortex.o(.rrx_text), (6 bytes).
    Removing stm32l4xx_hal_cortex.o(i.HAL_MPU_ConfigRegion), (84 bytes).
    Removing stm32l4xx_hal_cortex.o(i.HAL_MPU_Disable), (28 bytes).
    Removing stm32l4xx_hal_cortex.o(i.HAL_MPU_Enable), (36 bytes).
    Removing stm32l4xx_hal_cortex.o(i.HAL_NVIC_ClearPendingIRQ), (22 bytes).
    Removing stm32l4xx_hal_cortex.o(i.HAL_NVIC_DisableIRQ), (22 bytes).
    Removing stm32l4xx_hal_cortex.o(i.HAL_NVIC_EnableIRQ), (22 bytes).
    Removing stm32l4xx_hal_cortex.o(i.HAL_NVIC_GetActive), (32 bytes).
    Removing stm32l4xx_hal_cortex.o(i.HAL_NVIC_GetPendingIRQ), (32 bytes).
    Removing stm32l4xx_hal_cortex.o(i.HAL_NVIC_GetPriority), (82 bytes).
    Removing stm32l4xx_hal_cortex.o(i.HAL_NVIC_GetPriorityGrouping), (16 bytes).
    Removing stm32l4xx_hal_cortex.o(i.HAL_NVIC_SetPendingIRQ), (22 bytes).
    Removing stm32l4xx_hal_cortex.o(i.HAL_NVIC_SystemReset), (36 bytes).
    Removing stm32l4xx_hal_cortex.o(i.HAL_SYSTICK_CLKSourceConfig), (24 bytes).
    Removing stm32l4xx_hal_cortex.o(i.HAL_SYSTICK_Callback), (2 bytes).
    Removing stm32l4xx_hal_cortex.o(i.HAL_SYSTICK_IRQHandler), (8 bytes).
    Removing system_stm32l4xx.o(.rev16_text), (4 bytes).
    Removing system_stm32l4xx.o(.revsh_text), (4 bytes).
    Removing system_stm32l4xx.o(.rrx_text), (6 bytes).
    Removing system_stm32l4xx.o(i.SystemCoreClockUpdate), (168 bytes).
    Removing los_hw.o(.rev16_text), (4 bytes).
    Removing los_hw.o(.revsh_text), (4 bytes).
    Removing los_hw.o(.rrx_text), (6 bytes).
    Removing los_hw.o(i.osEnterSleep), (12 bytes).
    Removing los_hw.o(i.osSchedule), (4 bytes).
    Removing los_hw.o(i.osTaskExit), (4 bytes).
    Removing los_hw.o(i.osTskStackInit), (132 bytes).
    Removing los_hw_tick.o(.rev16_text), (4 bytes).
    Removing los_hw_tick.o(.revsh_text), (4 bytes).
    Removing los_hw_tick.o(.rrx_text), (6 bytes).
    Removing los_hw_tick.o(i.LOS_GetCpuCycle), (96 bytes).
    Removing los_hw_tick.o(i.LOS_GetSystickCycle), (88 bytes).
    Removing los_hw_tick.o(i.LOS_SysTickCurrCycleGet), (44 bytes).
    Removing los_hw_tick.o(i.osTickStart), (112 bytes).
    Removing los_hwi.o(.rev16_text), (4 bytes).
    Removing los_hwi.o(.revsh_text), (4 bytes).
    Removing los_hwi.o(.rrx_text), (6 bytes).
    Removing los_init.o(.rev16_text), (4 bytes).
    Removing los_init.o(.revsh_text), (4 bytes).
    Removing los_init.o(.rrx_text), (6 bytes).
    Removing los_init.o(i.LOS_KernelInit), (240 bytes).
    Removing los_init.o(i.LOS_Reboot), (6 bytes).
    Removing los_init.o(i.LOS_Start), (60 bytes).
    Removing los_init.o(i.osEnableFPU), (16 bytes).
    Removing los_init.o(.data), (4 bytes).
    Removing los_priqueue.o(.rev16_text), (4 bytes).
    Removing los_priqueue.o(.revsh_text), (4 bytes).
    Removing los_priqueue.o(.rrx_text), (6 bytes).
    Removing los_priqueue.o(i.osPriqueueInit), (52 bytes).
    Removing los_priqueue.o(i.osPriqueueTotalSize), (24 bytes).
    Removing los_swtmr.o(.rev16_text), (4 bytes).
    Removing los_swtmr.o(.revsh_text), (4 bytes).
    Removing los_swtmr.o(.rrx_text), (6 bytes).
    Removing los_swtmr.o(i.LOS_SwtmrCreate), (178 bytes).
    Removing los_swtmr.o(i.LOS_SwtmrDelete), (116 bytes).
    Removing los_swtmr.o(i.LOS_SwtmrStart), (200 bytes).
    Removing los_swtmr.o(i.LOS_SwtmrStop), (112 bytes).
    Removing los_swtmr.o(i.LOS_SwtmrTimeGet), (128 bytes).
    Removing los_swtmr.o(i.osSwTmrAdjust), (76 bytes).
    Removing los_swtmr.o(i.osSwTmrInit), (128 bytes).
    Removing los_swtmr.o(i.osSwTmrTask), (60 bytes).
    Removing los_swtmr.o(i.osSwTmrTaskCreate), (64 bytes).
    Removing los_swtmr.o(i.osSwtimerInsert), (62 bytes).
    Removing los_swtmr.o(i.osSwtmrStop), (84 bytes).
    Removing los_swtmr.o(i.osSwtmrTimeGet), (28 bytes).
    Removing los_sys.o(.rev16_text), (4 bytes).
    Removing los_sys.o(.revsh_text), (4 bytes).
    Removing los_sys.o(.rrx_text), (6 bytes).
    Removing los_sys.o(i.LOS_CyclePerTickGet), (20 bytes).
    Removing los_sys.o(i.LOS_MS2Tick), (28 bytes).
    Removing los_sys.o(i.LOS_Tick2MS), (18 bytes).
    Removing los_sys.o(i.LOS_TickCountGet), (12 bytes).
    Removing los_sys.o(i.osCpuTick2MS), (100 bytes).
    Removing los_sys.o(i.osCpuTick2US), (100 bytes).
    Removing los_task.o(.rev16_text), (4 bytes).
    Removing los_task.o(.revsh_text), (4 bytes).
    Removing los_task.o(.rrx_text), (6 bytes).
    Removing los_task.o(i.LOS_CurTaskIDGet), (24 bytes).
    Removing los_task.o(i.LOS_CurTaskNameGet), (20 bytes).
    Removing los_task.o(i.LOS_CurTaskPriSet), (16 bytes).
    Removing los_task.o(i.LOS_NewTaskIDGet), (24 bytes).
    Removing los_task.o(i.LOS_NextTaskIDGet), (24 bytes).
    Removing los_task.o(i.LOS_TaskCreate), (112 bytes).
    Removing los_task.o(i.LOS_TaskCreateOnly), (336 bytes).
    Removing los_task.o(i.LOS_TaskDelay), (108 bytes).
    Removing los_task.o(i.LOS_TaskDelete), (312 bytes).
    Removing los_task.o(i.LOS_TaskInfoGet), (240 bytes).
    Removing los_task.o(i.LOS_TaskInfoMonitor), (4 bytes).
    Removing los_task.o(i.LOS_TaskIsRunning), (12 bytes).
    Removing los_task.o(i.LOS_TaskLock), (28 bytes).
    Removing los_task.o(i.LOS_TaskNameGet), (56 bytes).
    Removing los_task.o(i.LOS_TaskPriGet), (64 bytes).
    Removing los_task.o(i.LOS_TaskPriSet), (160 bytes).
    Removing los_task.o(i.LOS_TaskResume), (140 bytes).
    Removing los_task.o(i.LOS_TaskStatusGet), (76 bytes).
    Removing los_task.o(i.LOS_TaskSuspend), (180 bytes).
    Removing los_task.o(i.LOS_TaskSwitchInfoGet), (68 bytes).
    Removing los_task.o(i.LOS_TaskUnlock), (48 bytes).
    Removing los_task.o(i.osConvertTskStatus), (164 bytes).
    Removing los_task.o(i.osGetAllTskInfo), (228 bytes).
    Removing los_task.o(i.osGetTaskWaterLine), (132 bytes).
    Removing los_task.o(i.osIdleTask), (2 bytes).
    Removing los_task.o(i.osIdleTaskCreate), (64 bytes).
    Removing los_task.o(i.osTaskEntry), (44 bytes).
    Removing los_task.o(i.osTaskInit), (212 bytes).
    Removing los_task.o(i.osTaskMonInit), (44 bytes).
    Removing los_task.o(i.osTaskPriModify), (48 bytes).
    Removing los_task.o(i.osTaskSwitchCheck), (316 bytes).
    Removing los_task.o(.bss), (342 bytes).
    Removing los_task.o(.conststring), (336 bytes).
    Removing los_tick.o(.rev16_text), (4 bytes).
    Removing los_tick.o(.revsh_text), (4 bytes).
    Removing los_tick.o(.rrx_text), (6 bytes).
    Removing los_tick.o(i.LOS_SysClockGet), (12 bytes).
    Removing los_tick.o(.data), (4 bytes).
    Removing los_tick.o(.data), (4 bytes).
    Removing los_tick.o(.data), (4 bytes).
    Removing los_timeslice.o(.rev16_text), (4 bytes).
    Removing los_timeslice.o(.revsh_text), (4 bytes).
    Removing los_timeslice.o(.rrx_text), (6 bytes).
    Removing los_timeslice.o(i.osTimesliceInit), (16 bytes).
    Removing los_event.o(.rev16_text), (4 bytes).
    Removing los_event.o(.revsh_text), (4 bytes).
    Removing los_event.o(.rrx_text), (6 bytes).
    Removing los_event.o(i.LOS_EventClear), (36 bytes).
    Removing los_event.o(i.LOS_EventDestory), (52 bytes).
    Removing los_event.o(i.LOS_EventInit), (24 bytes).
    Removing los_event.o(i.LOS_EventPoll), (70 bytes).
    Removing los_event.o(i.LOS_EventRead), (232 bytes).
    Removing los_event.o(i.LOS_EventWrite), (144 bytes).
    Removing los_mux.o(.rev16_text), (4 bytes).
    Removing los_mux.o(.revsh_text), (4 bytes).
    Removing los_mux.o(.rrx_text), (6 bytes).
    Removing los_mux.o(i.LOS_ListAdd), (14 bytes).
    Removing los_mux.o(i.LOS_MuxCreate), (136 bytes).
    Removing los_mux.o(i.LOS_MuxDelete), (152 bytes).
    Removing los_mux.o(i.LOS_MuxPend), (336 bytes).
    Removing los_mux.o(i.LOS_MuxPost), (192 bytes).
    Removing los_mux.o(i.osMuxInit), (88 bytes).
    Removing los_mux.o(.data), (12 bytes).
    Removing los_queue.o(.rev16_text), (4 bytes).
    Removing los_queue.o(.revsh_text), (4 bytes).
    Removing los_queue.o(.rrx_text), (6 bytes).
    Removing los_queue.o(i.LOS_ListAdd), (14 bytes).
    Removing los_queue.o(i.LOS_QueueCreate), (196 bytes).
    Removing los_queue.o(i.LOS_QueueDelete), (152 bytes).
    Removing los_queue.o(i.LOS_QueueInfoGet), (196 bytes).
    Removing los_queue.o(i.LOS_QueueRead), (38 bytes).
    Removing los_queue.o(i.LOS_QueueReadCopy), (34 bytes).
    Removing los_queue.o(i.LOS_QueueWrite), (44 bytes).
    Removing los_queue.o(i.LOS_QueueWriteHead), (28 bytes).
    Removing los_queue.o(i.LOS_QueueWriteHeadCopy), (38 bytes).
    Removing los_queue.o(i.osQueueInit), (92 bytes).
    Removing los_queue.o(i.osQueueMailAlloc), (144 bytes).
    Removing los_queue.o(i.osQueueMailFree), (148 bytes).
    Removing los_queue.o(i.osQueueReadParameterCheck), (52 bytes).
    Removing los_sem.o(.rev16_text), (4 bytes).
    Removing los_sem.o(.revsh_text), (4 bytes).
    Removing los_sem.o(.rrx_text), (6 bytes).
    Removing los_sem.o(i.LOS_BinarySemCreate), (8 bytes).
    Removing los_sem.o(i.LOS_ListAdd), (14 bytes).
    Removing los_sem.o(i.LOS_SemCreate), (10 bytes).
    Removing los_sem.o(i.LOS_SemDelete), (144 bytes).
    Removing los_sem.o(i.LOS_SemPend), (328 bytes).
    Removing los_sem.o(i.LOS_SemPost), (172 bytes).
    Removing los_sem.o(i.osSemCreate), (156 bytes).
    Removing los_sem.o(i.osSemInit), (84 bytes).
    Removing los_sem.o(.data), (12 bytes).
    Removing los_misc.o(.rev16_text), (4 bytes).
    Removing los_misc.o(.revsh_text), (4 bytes).
    Removing los_misc.o(.rrx_text), (6 bytes).
    Removing los_misc.o(i.LOS_Align), (20 bytes).
    Removing los_misc.o(i.LOS_Msleep), (40 bytes).
    Removing los_err.o(.rev16_text), (4 bytes).
    Removing los_err.o(.revsh_text), (4 bytes).
    Removing los_err.o(.rrx_text), (6 bytes).
    Removing los_err.o(i.LOS_ErrHandle), (28 bytes).
    Removing los_err.o(.data), (4 bytes).
    Removing los_heap.o(.rev16_text), (4 bytes).
    Removing los_heap.o(.revsh_text), (4 bytes).
    Removing los_heap.o(.rrx_text), (6 bytes).
    Removing los_heap.o(i.osAlarmHeapInfo), (26 bytes).
    Removing los_heap.o(i.osHeapAlloc), (288 bytes).
    Removing los_heap.o(i.osHeapAllocAlign), (58 bytes).
    Removing los_heap.o(i.osHeapFree), (260 bytes).
    Removing los_heap.o(i.osHeapGetHeapMemoryPeak), (12 bytes).
    Removing los_heap.o(i.osHeapGetMaxFreeBlkSize), (40 bytes).
    Removing los_heap.o(i.osHeapInit), (58 bytes).
    Removing los_heap.o(i.osHeapPrvGetNext), (22 bytes).
    Removing los_heap.o(i.osHeapStatisticsGet), (72 bytes).
    Removing los_heap.o(.data), (16 bytes).
    Removing los_memory.o(.rev16_text), (4 bytes).
    Removing los_memory.o(.revsh_text), (4 bytes).
    Removing los_memory.o(.rrx_text), (6 bytes).
    Removing los_memory.o(i.LOS_MemAlloc), (40 bytes).
    Removing los_memory.o(i.LOS_MemAllocAlign), (4 bytes).
    Removing los_memory.o(i.LOS_MemDeInit), (76 bytes).
    Removing los_memory.o(i.LOS_MemFree), (38 bytes).
    Removing los_memory.o(i.LOS_MemGetMaxFreeBlkSize), (24 bytes).
    Removing los_memory.o(i.LOS_MemInit), (226 bytes).
    Removing los_memory.o(i.LOS_MemPoolList), (32 bytes).
    Removing los_memory.o(i.LOS_MemRealloc), (126 bytes).
    Removing los_memory.o(i.LOS_MemStatisticsGet), (92 bytes).
    Removing los_memory.o(i.osMemSystemInit), (20 bytes).
    Removing los_memory.o(i.osSlabCtrlHdrGet), (4 bytes).
    Removing los_memory.o(.data), (4 bytes).
    Removing los_memcheck.o(.rev16_text), (4 bytes).
    Removing los_memcheck.o(.revsh_text), (4 bytes).
    Removing los_memcheck.o(.rrx_text), (6 bytes).
    Removing los_memcheck.o(.data), (4 bytes).
    Removing los_memstat.o(.rev16_text), (4 bytes).
    Removing los_memstat.o(.revsh_text), (4 bytes).
    Removing los_memstat.o(.rrx_text), (6 bytes).
    Removing los_slab.o(.rev16_text), (4 bytes).
    Removing los_slab.o(.revsh_text), (4 bytes).
    Removing los_slab.o(.rrx_text), (6 bytes).
    Removing los_slab.o(i.osAtomicBitsetClearBit), (30 bytes).
    Removing los_slab.o(i.osAtomicBitsetEmpty), (56 bytes).
    Removing los_slab.o(i.osAtomicBitsetFindClearAndSet), (66 bytes).
    Removing los_slab.o(i.osAtomicBitsetGetBit), (34 bytes).
    Removing los_slab.o(i.osAtomicBitsetIdxChgToNatural), (30 bytes).
    Removing los_slab.o(i.osAtomicBitsetInit), (44 bytes).
    Removing los_slab.o(i.osSlabAllocatorAlloc), (28 bytes).
    Removing los_slab.o(i.osSlabAllocatorCheck), (44 bytes).
    Removing los_slab.o(i.osSlabAllocatorDestroy), (4 bytes).
    Removing los_slab.o(i.osSlabAllocatorEmpty), (6 bytes).
    Removing los_slab.o(i.osSlabAllocatorFree), (56 bytes).
    Removing los_slab.o(i.osSlabAllocatorGetIdxP), (8 bytes).
    Removing los_slab.o(i.osSlabAllocatorGetIndex), (48 bytes).
    Removing los_slab.o(i.osSlabAllocatorGetNth), (26 bytes).
    Removing los_slab.o(i.osSlabAllocatorGetNumItems), (6 bytes).
    Removing los_slab.o(i.osSlabAllocatorGetSlabInfo), (22 bytes).
    Removing los_slab.o(i.osSlabAllocatorGetUsedItemCnt), (34 bytes).
    Removing los_slab.o(i.osSlabAllocatorNew), (70 bytes).
    Removing los_slabmem.o(.rev16_text), (4 bytes).
    Removing los_slabmem.o(.revsh_text), (4 bytes).
    Removing los_slabmem.o(.rrx_text), (6 bytes).
    Removing los_slabmem.o(i.osSlabBlockHeadFill), (20 bytes).
    Removing los_slabmem.o(i.osSlabGetMaxFreeBlkSize), (58 bytes).
    Removing los_slabmem.o(i.osSlabMemAlloc), (98 bytes).
    Removing los_slabmem.o(i.osSlabMemCheck), (86 bytes).
    Removing los_slabmem.o(i.osSlabMemDeinit), (68 bytes).
    Removing los_slabmem.o(i.osSlabMemFree), (94 bytes).
    Removing los_slabmem.o(i.osSlabMemInit), (88 bytes).
    Removing los_slabmem.o(i.osSlabStatisticsGet), (122 bytes).
    Removing los_membox.o(.rev16_text), (4 bytes).
    Removing los_membox.o(.revsh_text), (4 bytes).
    Removing los_membox.o(.rrx_text), (6 bytes).
    Removing los_membox.o(i.LOS_MemboxAlloc), (56 bytes).
    Removing los_membox.o(i.LOS_MemboxClr), (22 bytes).
    Removing los_membox.o(i.LOS_MemboxFree), (92 bytes).
    Removing los_membox.o(i.LOS_MemboxInit), (94 bytes).
    Removing los_membox.o(i.LOS_MemboxStatisticsGet), (30 bytes).
    Removing los_tickless.o(.rev16_text), (4 bytes).
    Removing los_tickless.o(.revsh_text), (4 bytes).
    Removing los_tickless.o(.rrx_text), (6 bytes).
    Removing ddiv.o(.text), (222 bytes).
    Removing dfltui.o(.text), (26 bytes).
    Removing dfltul.o(.text), (24 bytes).
    Removing dfixul.o(.text), (48 bytes).
    Removing depilogue.o(.text), (186 bytes).
    Removing dadd.o(.text), (350 bytes).
    Removing dmul.o(.text), (234 bytes).
    Removing cdrcmple.o(.text), (48 bytes).
    Removing los_slab.o(i.osAtomicBitsetGetNumBits), (4 bytes).

635 unused section(s) (total 53316 bytes) removed from the image.

==============================================================================

Image Symbol Table

    Local Symbols

    Symbol Name                              Value     Ov Type        Size  Object(Section)

    ../Drivers/STM32L4xx_HAL_Driver/Src/stm32l4xx_hal.c 0x00000000   Number         0  stm32l4xx_hal.o ABSOLUTE
    ../Drivers/STM32L4xx_HAL_Driver/Src/stm32l4xx_hal_cortex.c 0x00000000   Number         0  stm32l4xx_hal_cortex.o ABSOLUTE
    ../Drivers/STM32L4xx_HAL_Driver/Src/stm32l4xx_hal_dma.c 0x00000000   Number         0  stm32l4xx_hal_dma.o ABSOLUTE
    ../Drivers/STM32L4xx_HAL_Driver/Src/stm32l4xx_hal_dma_ex.c 0x00000000   Number         0  stm32l4xx_hal_dma_ex.o ABSOLUTE
    ../Drivers/STM32L4xx_HAL_Driver/Src/stm32l4xx_hal_flash.c 0x00000000   Number         0  stm32l4xx_hal_flash.o ABSOLUTE
    ../Drivers/STM32L4xx_HAL_Driver/Src/stm32l4xx_hal_flash_ex.c 0x00000000   Number         0  stm32l4xx_hal_flash_ex.o ABSOLUTE
    ../Drivers/STM32L4xx_HAL_Driver/Src/stm32l4xx_hal_flash_ramfunc.c 0x00000000   Number         0  stm32l4xx_hal_flash_ramfunc.o ABSOLUTE
    ../Drivers/STM32L4xx_HAL_Driver/Src/stm32l4xx_hal_gpio.c 0x00000000   Number         0  stm32l4xx_hal_gpio.o ABSOLUTE
    ../Drivers/STM32L4xx_HAL_Driver/Src/stm32l4xx_hal_i2c.c 0x00000000   Number         0  stm32l4xx_hal_i2c.o ABSOLUTE
    ../Drivers/STM32L4xx_HAL_Driver/Src/stm32l4xx_hal_i2c_ex.c 0x00000000   Number         0  stm32l4xx_hal_i2c_ex.o ABSOLUTE
    ../Drivers/STM32L4xx_HAL_Driver/Src/stm32l4xx_hal_pwr.c 0x00000000   Number         0  stm32l4xx_hal_pwr.o ABSOLUTE
    ../Drivers/STM32L4xx_HAL_Driver/Src/stm32l4xx_hal_pwr_ex.c 0x00000000   Number         0  stm32l4xx_hal_pwr_ex.o ABSOLUTE
    ../Drivers/STM32L4xx_HAL_Driver/Src/stm32l4xx_hal_rcc.c 0x00000000   Number         0  stm32l4xx_hal_rcc.o ABSOLUTE
    ../Drivers/STM32L4xx_HAL_Driver/Src/stm32l4xx_hal_rcc_ex.c 0x00000000   Number         0  stm32l4xx_hal_rcc_ex.o ABSOLUTE
    ../Drivers/STM32L4xx_HAL_Driver/Src/stm32l4xx_hal_tim.c 0x00000000   Number         0  stm32l4xx_hal_tim.o ABSOLUTE
    ../Drivers/STM32L4xx_HAL_Driver/Src/stm32l4xx_hal_tim_ex.c 0x00000000   Number         0  stm32l4xx_hal_tim_ex.o ABSOLUTE
    ../Drivers/STM32L4xx_HAL_Driver/Src/stm32l4xx_hal_uart.c 0x00000000   Number         0  stm32l4xx_hal_uart.o ABSOLUTE
    ../Drivers/STM32L4xx_HAL_Driver/Src/stm32l4xx_hal_uart_ex.c 0x00000000   Number         0  stm32l4xx_hal_uart_ex.o ABSOLUTE
    ../Src/gpio.c                            0x00000000   Number         0  gpio.o ABSOLUTE
    ../Src/main.c                            0x00000000   Number         0  main.o ABSOLUTE
    ../Src/stm32l4xx_hal_msp.c               0x00000000   Number         0  stm32l4xx_hal_msp.o ABSOLUTE
    ../Src/stm32l4xx_it.c                    0x00000000   Number         0  stm32l4xx_it.o ABSOLUTE
    ../Src/system_stm32l4xx.c                0x00000000   Number         0  system_stm32l4xx.o ABSOLUTE
    ../Src/usart.c                           0x00000000   Number         0  usart.o ABSOLUTE
    ../clib/microlib/division.c              0x00000000   Number         0  uidiv.o ABSOLUTE
    ../clib/microlib/division.c              0x00000000   Number         0  uldiv.o ABSOLUTE
    ../clib/microlib/init/entry.s            0x00000000   Number         0  entry7a.o ABSOLUTE
    ../clib/microlib/init/entry.s            0x00000000   Number         0  entry5.o ABSOLUTE
    ../clib/microlib/init/entry.s            0x00000000   Number         0  entry.o ABSOLUTE
    ../clib/microlib/init/entry.s            0x00000000   Number         0  entry2.o ABSOLUTE
    ../clib/microlib/init/entry.s            0x00000000   Number         0  entry8a.o ABSOLUTE
    ../clib/microlib/init/entry.s            0x00000000   Number         0  entry9b.o ABSOLUTE
    ../clib/microlib/init/entry.s            0x00000000   Number         0  entry11b.o ABSOLUTE
    ../clib/microlib/init/entry.s            0x00000000   Number         0  entry11a.o ABSOLUTE
    ../clib/microlib/init/entry.s            0x00000000   Number         0  entry10b.o ABSOLUTE
    ../clib/microlib/init/entry.s            0x00000000   Number         0  entry10a.o ABSOLUTE
    ../clib/microlib/init/entry.s            0x00000000   Number         0  entry9a.o ABSOLUTE
    ../clib/microlib/init/entry.s            0x00000000   Number         0  entry8b.o ABSOLUTE
    ../clib/microlib/init/entry.s            0x00000000   Number         0  entry7b.o ABSOLUTE
    ../clib/microlib/longlong.c              0x00000000   Number         0  llshl.o ABSOLUTE
    ../clib/microlib/longlong.c              0x00000000   Number         0  llushr.o ABSOLUTE
    ../clib/microlib/longlong.c              0x00000000   Number         0  llsshr.o ABSOLUTE
    ../clib/microlib/printf/printf.c         0x00000000   Number         0  printf3.o ABSOLUTE
    ../clib/microlib/printf/printf.c         0x00000000   Number         0  printf1.o ABSOLUTE
    ../clib/microlib/printf/printf.c         0x00000000   Number         0  printf0.o ABSOLUTE
    ../clib/microlib/printf/printf.c         0x00000000   Number         0  printf2.o ABSOLUTE
    ../clib/microlib/printf/printf.c         0x00000000   Number         0  printf5.o ABSOLUTE
    ../clib/microlib/printf/printf.c         0x00000000   Number         0  printf6.o ABSOLUTE
    ../clib/microlib/printf/printf.c         0x00000000   Number         0  printf4.o ABSOLUTE
    ../clib/microlib/printf/printf.c         0x00000000   Number         0  printf7.o ABSOLUTE
    ../clib/microlib/printf/printf.c         0x00000000   Number         0  printf8.o ABSOLUTE
    ../clib/microlib/printf/printf.c         0x00000000   Number         0  printfa.o ABSOLUTE
    ../clib/microlib/printf/printf.c         0x00000000   Number         0  printfb.o ABSOLUTE
    ../clib/microlib/printf/stubs.s          0x00000000   Number         0  stubs.o ABSOLUTE
    ../clib/microlib/stdio/fputc.c           0x00000000   Number         0  fputc.o ABSOLUTE
    ../clib/microlib/stdio/semi.s            0x00000000   Number         0  semi.o ABSOLUTE
    ../clib/microlib/stdio/streams.c         0x00000000   Number         0  stdout.o ABSOLUTE
    ../clib/microlib/string/memcpy.c         0x00000000   Number         0  memcpyb.o ABSOLUTE
    ../clib/microlib/string/memcpy.c         0x00000000   Number         0  memcpya.o ABSOLUTE
    ../clib/microlib/string/memset.c         0x00000000   Number         0  memseta.o ABSOLUTE
    ../clib/microlib/string/strncpy.c        0x00000000   Number         0  strncpy.o ABSOLUTE
    ../clib/microlib/stubs.s                 0x00000000   Number         0  iusefp.o ABSOLUTE
    ../clib/microlib/stubs.s                 0x00000000   Number         0  iusesemip.o ABSOLUTE
    ../fplib/microlib/fpadd.c                0x00000000   Number         0  dadd.o ABSOLUTE
    ../fplib/microlib/fpdiv.c                0x00000000   Number         0  ddiv.o ABSOLUTE
    ../fplib/microlib/fpepilogue.c           0x00000000   Number         0  depilogue.o ABSOLUTE
    ../fplib/microlib/fpfix.c                0x00000000   Number         0  dfixul.o ABSOLUTE
    ../fplib/microlib/fpflt.c                0x00000000   Number         0  dfltul.o ABSOLUTE
    ../fplib/microlib/fpflt.c                0x00000000   Number         0  dfltui.o ABSOLUTE
    ../fplib/microlib/fpmul.c                0x00000000   Number         0  dmul.o ABSOLUTE
    ..\Drivers\STM32L4xx_HAL_Driver\Src\stm32l4xx_hal.c 0x00000000   Number         0  stm32l4xx_hal.o ABSOLUTE
    ..\Drivers\STM32L4xx_HAL_Driver\Src\stm32l4xx_hal_cortex.c 0x00000000   Number         0  stm32l4xx_hal_cortex.o ABSOLUTE
    ..\Drivers\STM32L4xx_HAL_Driver\Src\stm32l4xx_hal_dma.c 0x00000000   Number         0  stm32l4xx_hal_dma.o ABSOLUTE
    ..\Drivers\STM32L4xx_HAL_Driver\Src\stm32l4xx_hal_dma_ex.c 0x00000000   Number         0  stm32l4xx_hal_dma_ex.o ABSOLUTE
    ..\Drivers\STM32L4xx_HAL_Driver\Src\stm32l4xx_hal_flash.c 0x00000000   Number         0  stm32l4xx_hal_flash.o ABSOLUTE
    ..\Drivers\STM32L4xx_HAL_Driver\Src\stm32l4xx_hal_flash_ex.c 0x00000000   Number         0  stm32l4xx_hal_flash_ex.o ABSOLUTE
    ..\Drivers\STM32L4xx_HAL_Driver\Src\stm32l4xx_hal_flash_ramfunc.c 0x00000000   Number         0  stm32l4xx_hal_flash_ramfunc.o ABSOLUTE
    ..\Drivers\STM32L4xx_HAL_Driver\Src\stm32l4xx_hal_gpio.c 0x00000000   Number         0  stm32l4xx_hal_gpio.o ABSOLUTE
    ..\Drivers\STM32L4xx_HAL_Driver\Src\stm32l4xx_hal_i2c.c 0x00000000   Number         0  stm32l4xx_hal_i2c.o ABSOLUTE
    ..\Drivers\STM32L4xx_HAL_Driver\Src\stm32l4xx_hal_i2c_ex.c 0x00000000   Number         0  stm32l4xx_hal_i2c_ex.o ABSOLUTE
    ..\Drivers\STM32L4xx_HAL_Driver\Src\stm32l4xx_hal_pwr.c 0x00000000   Number         0  stm32l4xx_hal_pwr.o ABSOLUTE
    ..\Drivers\STM32L4xx_HAL_Driver\Src\stm32l4xx_hal_pwr_ex.c 0x00000000   Number         0  stm32l4xx_hal_pwr_ex.o ABSOLUTE
    ..\Drivers\STM32L4xx_HAL_Driver\Src\stm32l4xx_hal_rcc.c 0x00000000   Number         0  stm32l4xx_hal_rcc.o ABSOLUTE
    ..\Drivers\STM32L4xx_HAL_Driver\Src\stm32l4xx_hal_rcc_ex.c 0x00000000   Number         0  stm32l4xx_hal_rcc_ex.o ABSOLUTE
    ..\Drivers\STM32L4xx_HAL_Driver\Src\stm32l4xx_hal_tim.c 0x00000000   Number         0  stm32l4xx_hal_tim.o ABSOLUTE
    ..\Drivers\STM32L4xx_HAL_Driver\Src\stm32l4xx_hal_tim_ex.c 0x00000000   Number         0  stm32l4xx_hal_tim_ex.o ABSOLUTE
    ..\Drivers\STM32L4xx_HAL_Driver\Src\stm32l4xx_hal_uart.c 0x00000000   Number         0  stm32l4xx_hal_uart.o ABSOLUTE
    ..\Drivers\STM32L4xx_HAL_Driver\Src\stm32l4xx_hal_uart_ex.c 0x00000000   Number         0  stm32l4xx_hal_uart_ex.o ABSOLUTE
    ..\MiddleWares\LiteOS\arch\arm\arm-m\cortex-m4\keil\los_dispatch_keil.S 0x00000000   Number         0  los_dispatch_keil.o ABSOLUTE
    ..\MiddleWares\LiteOS\arch\arm\arm-m\src\los_hw.c 0x00000000   Number         0  los_hw.o ABSOLUTE
    ..\MiddleWares\LiteOS\arch\arm\arm-m\src\los_hw_tick.c 0x00000000   Number         0  los_hw_tick.o ABSOLUTE
    ..\MiddleWares\LiteOS\arch\arm\arm-m\src\los_hwi.c 0x00000000   Number         0  los_hwi.o ABSOLUTE
    ..\MiddleWares\LiteOS\kernel\base\core\los_priqueue.c 0x00000000   Number         0  los_priqueue.o ABSOLUTE
    ..\MiddleWares\LiteOS\kernel\base\core\los_swtmr.c 0x00000000   Number         0  los_swtmr.o ABSOLUTE
    ..\MiddleWares\LiteOS\kernel\base\core\los_sys.c 0x00000000   Number         0  los_sys.o ABSOLUTE
    ..\MiddleWares\LiteOS\kernel\base\core\los_task.c 0x00000000   Number         0  los_task.o ABSOLUTE
    ..\MiddleWares\LiteOS\kernel\base\core\los_tick.c 0x00000000   Number         0  los_tick.o ABSOLUTE
    ..\MiddleWares\LiteOS\kernel\base\core\los_timeslice.c 0x00000000   Number         0  los_timeslice.o ABSOLUTE
    ..\MiddleWares\LiteOS\kernel\base\ipc\los_event.c 0x00000000   Number         0  los_event.o ABSOLUTE
    ..\MiddleWares\LiteOS\kernel\base\ipc\los_mux.c 0x00000000   Number         0  los_mux.o ABSOLUTE
    ..\MiddleWares\LiteOS\kernel\base\ipc\los_queue.c 0x00000000   Number         0  los_queue.o ABSOLUTE
    ..\MiddleWares\LiteOS\kernel\base\ipc\los_sem.c 0x00000000   Number         0  los_sem.o ABSOLUTE
    ..\MiddleWares\LiteOS\kernel\base\mem\bestfit_little\los_heap.c 0x00000000   Number         0  los_heap.o ABSOLUTE
    ..\MiddleWares\LiteOS\kernel\base\mem\bestfit_little\los_memory.c 0x00000000   Number         0  los_memory.o ABSOLUTE
    ..\MiddleWares\LiteOS\kernel\base\mem\common\los_memcheck.c 0x00000000   Number         0  los_memcheck.o ABSOLUTE
    ..\MiddleWares\LiteOS\kernel\base\mem\common\los_memstat.c 0x00000000   Number         0  los_memstat.o ABSOLUTE
    ..\MiddleWares\LiteOS\kernel\base\mem\common\los_slab.c 0x00000000   Number         0  los_slab.o ABSOLUTE
    ..\MiddleWares\LiteOS\kernel\base\mem\common\los_slabmem.c 0x00000000   Number         0  los_slabmem.o ABSOLUTE
    ..\MiddleWares\LiteOS\kernel\base\mem\membox\los_membox.c 0x00000000   Number         0  los_membox.o ABSOLUTE
    ..\MiddleWares\LiteOS\kernel\base\misc\los_misc.c 0x00000000   Number         0  los_misc.o ABSOLUTE
    ..\MiddleWares\LiteOS\kernel\base\om\los_err.c 0x00000000   Number         0  los_err.o ABSOLUTE
    ..\MiddleWares\LiteOS\kernel\extended\tickless\los_tickless.c 0x00000000   Number         0  los_tickless.o ABSOLUTE
    ..\MiddleWares\LiteOS\kernel\los_init.c  0x00000000   Number         0  los_init.o ABSOLUTE
    ..\Src\gpio.c                            0x00000000   Number         0  gpio.o ABSOLUTE
    ..\Src\main.c                            0x00000000   Number         0  main.o ABSOLUTE
    ..\Src\stm32l4xx_hal_msp.c               0x00000000   Number         0  stm32l4xx_hal_msp.o ABSOLUTE
    ..\Src\stm32l4xx_it.c                    0x00000000   Number         0  stm32l4xx_it.o ABSOLUTE
    ..\Src\system_stm32l4xx.c                0x00000000   Number         0  system_stm32l4xx.o ABSOLUTE
    ..\Src\usart.c                           0x00000000   Number         0  usart.o ABSOLUTE
    ..\\MiddleWares\\LiteOS\\arch\\arm\\arm-m\\src\\los_hw.c 0x00000000   Number         0  los_hw.o ABSOLUTE
    ..\\MiddleWares\\LiteOS\\arch\\arm\\arm-m\\src\\los_hw_tick.c 0x00000000   Number         0  los_hw_tick.o ABSOLUTE
    ..\\MiddleWares\\LiteOS\\arch\\arm\\arm-m\\src\\los_hwi.c 0x00000000   Number         0  los_hwi.o ABSOLUTE
    ..\\MiddleWares\\LiteOS\\kernel\\base\\core\\los_priqueue.c 0x00000000   Number         0  los_priqueue.o ABSOLUTE
    ..\\MiddleWares\\LiteOS\\kernel\\base\\core\\los_swtmr.c 0x00000000   Number         0  los_swtmr.o ABSOLUTE
    ..\\MiddleWares\\LiteOS\\kernel\\base\\core\\los_sys.c 0x00000000   Number         0  los_sys.o ABSOLUTE
    ..\\MiddleWares\\LiteOS\\kernel\\base\\core\\los_task.c 0x00000000   Number         0  los_task.o ABSOLUTE
    ..\\MiddleWares\\LiteOS\\kernel\\base\\core\\los_tick.c 0x00000000   Number         0  los_tick.o ABSOLUTE
    ..\\MiddleWares\\LiteOS\\kernel\\base\\core\\los_timeslice.c 0x00000000   Number         0  los_timeslice.o ABSOLUTE
    ..\\MiddleWares\\LiteOS\\kernel\\base\\ipc\\los_event.c 0x00000000   Number         0  los_event.o ABSOLUTE
    ..\\MiddleWares\\LiteOS\\kernel\\base\\ipc\\los_mux.c 0x00000000   Number         0  los_mux.o ABSOLUTE
    ..\\MiddleWares\\LiteOS\\kernel\\base\\ipc\\los_queue.c 0x00000000   Number         0  los_queue.o ABSOLUTE
    ..\\MiddleWares\\LiteOS\\kernel\\base\\ipc\\los_sem.c 0x00000000   Number         0  los_sem.o ABSOLUTE
    ..\\MiddleWares\\LiteOS\\kernel\\base\\mem\\bestfit_little\\los_heap.c 0x00000000   Number         0  los_heap.o ABSOLUTE
    ..\\MiddleWares\\LiteOS\\kernel\\base\\mem\\bestfit_little\\los_memory.c 0x00000000   Number         0  los_memory.o ABSOLUTE
    ..\\MiddleWares\\LiteOS\\kernel\\base\\mem\\common\\los_memcheck.c 0x00000000   Number         0  los_memcheck.o ABSOLUTE
    ..\\MiddleWares\\LiteOS\\kernel\\base\\mem\\common\\los_memstat.c 0x00000000   Number         0  los_memstat.o ABSOLUTE
    ..\\MiddleWares\\LiteOS\\kernel\\base\\mem\\common\\los_slab.c 0x00000000   Number         0  los_slab.o ABSOLUTE
    ..\\MiddleWares\\LiteOS\\kernel\\base\\mem\\common\\los_slabmem.c 0x00000000   Number         0  los_slabmem.o ABSOLUTE
    ..\\MiddleWares\\LiteOS\\kernel\\base\\mem\\membox\\los_membox.c 0x00000000   Number         0  los_membox.o ABSOLUTE
    ..\\MiddleWares\\LiteOS\\kernel\\base\\misc\\los_misc.c 0x00000000   Number         0  los_misc.o ABSOLUTE
    ..\\MiddleWares\\LiteOS\\kernel\\base\\om\\los_err.c 0x00000000   Number         0  los_err.o ABSOLUTE
    ..\\MiddleWares\\LiteOS\\kernel\\extended\\tickless\\los_tickless.c 0x00000000   Number         0  los_tickless.o ABSOLUTE
    ..\\MiddleWares\\LiteOS\\kernel\\los_init.c 0x00000000   Number         0  los_init.o ABSOLUTE
    cdrcmple.s                               0x00000000   Number         0  cdrcmple.o ABSOLUTE
    dc.s                                     0x00000000   Number         0  dc.o ABSOLUTE
    handlers.s                               0x00000000   Number         0  handlers.o ABSOLUTE
    init.s                                   0x00000000   Number         0  init.o ABSOLUTE
    startup_stm32l476xx.s                    0x00000000   Number         0  startup_stm32l476xx.o ABSOLUTE
    RESET                                    0x08000000   Section      392  startup_stm32l476xx.o(RESET)
    .ARM.Collect$$$$00000000                 0x08000188   Section        0  entry.o(.ARM.Collect$$$$00000000)
    .ARM.Collect$$$$00000001                 0x08000188   Section        4  entry2.o(.ARM.Collect$$$$00000001)
    .ARM.Collect$$$$00000004                 0x0800018c   Section        4  entry5.o(.ARM.Collect$$$$00000004)
    .ARM.Collect$$$$00000008                 0x08000190   Section        0  entry7b.o(.ARM.Collect$$$$00000008)
    .ARM.Collect$$$$0000000A                 0x08000190   Section        0  entry8b.o(.ARM.Collect$$$$0000000A)
    .ARM.Collect$$$$0000000B                 0x08000190   Section        8  entry9a.o(.ARM.Collect$$$$0000000B)
    .ARM.Collect$$$$0000000D                 0x08000198   Section        0  entry10a.o(.ARM.Collect$$$$0000000D)
    .ARM.Collect$$$$0000000F                 0x08000198   Section        0  entry11a.o(.ARM.Collect$$$$0000000F)
    .ARM.Collect$$$$00002712                 0x08000198   Section        4  entry2.o(.ARM.Collect$$$$00002712)
    __lit__00000000                          0x08000198   Data           4  entry2.o(.ARM.Collect$$$$00002712)
    .text                                    0x0800019c   Section       36  startup_stm32l476xx.o(.text)
    $v0                                      0x0800019c   Number         0  startup_stm32l476xx.o(.text)
    .text                                    0x080001c0   Section      236  los_dispatch_keil.o(.text)
    $v0                                      0x080001c0   Number         0  los_dispatch_keil.o(.text)
    .text                                    0x080002c2   Section        0  uldiv.o(.text)
    .text                                    0x0800032a   Section        0  memcpya.o(.text)
    .text                                    0x0800034e   Section        0  memseta.o(.text)
    .text                                    0x08000372   Section        0  llshl.o(.text)
    .text                                    0x08000390   Section        0  llushr.o(.text)
    .text                                    0x080003b0   Section       36  init.o(.text)
    .text                                    0x080003d4   Section        0  semi.o(.text)
    .text                                    0x080003d4   Section        0  iusesemip.o(.text)
    i.BusFault_Handler                       0x080003d4   Section        0  stm32l4xx_it.o(i.BusFault_Handler)
    i.DebugMon_Handler                       0x080003d6   Section        0  stm32l4xx_it.o(i.DebugMon_Handler)
    i.Error_Handler                          0x080003d8   Section        0  main.o(i.Error_Handler)
    i.HAL_GPIO_Init                          0x080003dc   Section        0  stm32l4xx_hal_gpio.o(i.HAL_GPIO_Init)
    i.HAL_GPIO_WritePin                      0x080005a6   Section        0  stm32l4xx_hal_gpio.o(i.HAL_GPIO_WritePin)
    i.HAL_GetTick                            0x080005b0   Section        0  stm32l4xx_hal.o(i.HAL_GetTick)
    i.HAL_Init                               0x080005bc   Section        0  stm32l4xx_hal.o(i.HAL_Init)
    i.HAL_InitTick                           0x080005dc   Section        0  stm32l4xx_hal.o(i.HAL_InitTick)
    i.HAL_MspInit                            0x0800060c   Section        0  stm32l4xx_hal_msp.o(i.HAL_MspInit)
    i.HAL_NVIC_SetPriority                   0x08000638   Section        0  stm32l4xx_hal_cortex.o(i.HAL_NVIC_SetPriority)
    i.HAL_NVIC_SetPriorityGrouping           0x08000678   Section        0  stm32l4xx_hal_cortex.o(i.HAL_NVIC_SetPriorityGrouping)
    i.HAL_PWREx_ControlVoltageScaling        0x0800069c   Section        0  stm32l4xx_hal_pwr_ex.o(i.HAL_PWREx_ControlVoltageScaling)
    i.HAL_PWREx_GetVoltageRange              0x08000704   Section        0  stm32l4xx_hal_pwr_ex.o(i.HAL_PWREx_GetVoltageRange)
    i.HAL_RCCEx_PeriphCLKConfig              0x08000714   Section        0  stm32l4xx_hal_rcc_ex.o(i.HAL_RCCEx_PeriphCLKConfig)
    i.HAL_RCC_ClockConfig                    0x08000ac4   Section        0  stm32l4xx_hal_rcc.o(i.HAL_RCC_ClockConfig)
    i.HAL_RCC_GetPCLK1Freq                   0x08000bdc   Section        0  stm32l4xx_hal_rcc.o(i.HAL_RCC_GetPCLK1Freq)
    i.HAL_RCC_GetPCLK2Freq                   0x08000c00   Section        0  stm32l4xx_hal_rcc.o(i.HAL_RCC_GetPCLK2Freq)
    i.HAL_RCC_GetSysClockFreq                0x08000c24   Section        0  stm32l4xx_hal_rcc.o(i.HAL_RCC_GetSysClockFreq)
    i.HAL_RCC_OscConfig                      0x08000cc8   Section        0  stm32l4xx_hal_rcc.o(i.HAL_RCC_OscConfig)
    i.HAL_SYSTICK_Config                     0x0800112c   Section        0  stm32l4xx_hal_cortex.o(i.HAL_SYSTICK_Config)
    i.HAL_UART_Init                          0x08001154   Section        0  stm32l4xx_hal_uart.o(i.HAL_UART_Init)
    i.HAL_UART_MspInit                       0x080011c0   Section        0  usart.o(i.HAL_UART_MspInit)
    i.HardFault_Handler                      0x08001224   Section        0  stm32l4xx_it.o(i.HardFault_Handler)
    i.LOS_ListAdd                            0x08001226   Section        0  los_task.o(i.LOS_ListAdd)
    LOS_ListAdd                              0x08001227   Thumb Code    14  los_task.o(i.LOS_ListAdd)
    i.LOS_ListDelete                         0x08001234   Section        0  los_task.o(i.LOS_ListDelete)
    LOS_ListDelete                           0x08001235   Thumb Code    20  los_task.o(i.LOS_ListDelete)
    i.LOS_ListTailInsert                     0x08001248   Section        0  los_task.o(i.LOS_ListTailInsert)
    LOS_ListTailInsert                       0x08001249   Thumb Code     6  los_task.o(i.LOS_ListTailInsert)
    i.LOS_QueueWriteCopy                     0x0800124e   Section        0  los_queue.o(i.LOS_QueueWriteCopy)
    i.LOS_Schedule                           0x08001274   Section        0  los_hw.o(i.LOS_Schedule)
    i.LOS_TaskYield                          0x080012b4   Section        0  los_task.o(i.LOS_TaskYield)
    i.MX_GPIO_Init                           0x08001324   Section        0  gpio.o(i.MX_GPIO_Init)
    i.MX_USART1_UART_Init                    0x08001390   Section        0  usart.o(i.MX_USART1_UART_Init)
    i.MemManage_Handler                      0x080013cc   Section        0  stm32l4xx_it.o(i.MemManage_Handler)
    i.NMI_Handler                            0x080013ce   Section        0  stm32l4xx_it.o(i.NMI_Handler)
    i.NVIC_SetPriority                       0x080013d0   Section        0  stm32l4xx_hal_cortex.o(i.NVIC_SetPriority)
    NVIC_SetPriority                         0x080013d1   Thumb Code    32  stm32l4xx_hal_cortex.o(i.NVIC_SetPriority)
    i.RCCEx_PLLSAI1_Config                   0x080013f0   Section        0  stm32l4xx_hal_rcc_ex.o(i.RCCEx_PLLSAI1_Config)
    RCCEx_PLLSAI1_Config                     0x080013f1   Thumb Code   278  stm32l4xx_hal_rcc_ex.o(i.RCCEx_PLLSAI1_Config)
    i.RCCEx_PLLSAI2_Config                   0x0800151c   Section        0  stm32l4xx_hal_rcc_ex.o(i.RCCEx_PLLSAI2_Config)
    RCCEx_PLLSAI2_Config                     0x0800151d   Thumb Code   250  stm32l4xx_hal_rcc_ex.o(i.RCCEx_PLLSAI2_Config)
    i.RCC_SetFlashLatencyFromMSIRange        0x08001624   Section        0  stm32l4xx_hal_rcc.o(i.RCC_SetFlashLatencyFromMSIRange)
    RCC_SetFlashLatencyFromMSIRange          0x08001625   Thumb Code   116  stm32l4xx_hal_rcc.o(i.RCC_SetFlashLatencyFromMSIRange)
    i.SVC_Handler                            0x080016a0   Section        0  stm32l4xx_it.o(i.SVC_Handler)
    i.SysTick_Handler                        0x080016a4   Section        0  los_hwi.o(i.SysTick_Handler)
    i.SystemClock_Config                     0x080016c8   Section        0  main.o(i.SystemClock_Config)
    i.SystemInit                             0x08001734   Section        0  system_stm32l4xx.o(i.SystemInit)
    i.UART_AdvFeatureConfig                  0x08001778   Section        0  stm32l4xx_hal_uart.o(i.UART_AdvFeatureConfig)
    i.UART_CheckIdleState                    0x08001840   Section        0  stm32l4xx_hal_uart.o(i.UART_CheckIdleState)
    i.UART_SetConfig                         0x0800189c   Section        0  stm32l4xx_hal_uart.o(i.UART_SetConfig)
    i.UART_WaitOnFlagUntilTimeout            0x08001b3c   Section        0  stm32l4xx_hal_uart.o(i.UART_WaitOnFlagUntilTimeout)
    i.UsageFault_Handler                     0x08001ba0   Section        0  stm32l4xx_it.o(i.UsageFault_Handler)
    i.__0printf$8                            0x08001ba4   Section        0  printf8.o(i.__0printf$8)
    i.__scatterload_copy                     0x08001bc4   Section       14  handlers.o(i.__scatterload_copy)
    i.__scatterload_null                     0x08001bd2   Section        2  handlers.o(i.__scatterload_null)
    i.__scatterload_zeroinit                 0x08001bd4   Section       14  handlers.o(i.__scatterload_zeroinit)
    i._printf_core                           0x08001be4   Section        0  printf8.o(i._printf_core)
    _printf_core                             0x08001be5   Thumb Code   996  printf8.o(i._printf_core)
    i._printf_post_padding                   0x08001ffa   Section        0  printf8.o(i._printf_post_padding)
    _printf_post_padding                     0x08001ffb   Thumb Code    36  printf8.o(i._printf_post_padding)
    i._printf_pre_padding                    0x0800201e   Section        0  printf8.o(i._printf_pre_padding)
    _printf_pre_padding                      0x0800201f   Thumb Code    46  printf8.o(i._printf_pre_padding)
    i.fputc                                  0x0800204c   Section        0  fputc.o(i.fputc)
    i.main                                   0x0800205e   Section        0  main.o(i.main)
    i.osIntNumGet                            0x08002070   Section        0  los_hwi.o(i.osIntNumGet)
    i.osPriqueueDequeue                      0x08002078   Section        0  los_priqueue.o(i.osPriqueueDequeue)
    i.osPriqueueEnqueue                      0x080020b0   Section        0  los_priqueue.o(i.osPriqueueEnqueue)
    i.osPriqueueSize                         0x080020e0   Section        0  los_priqueue.o(i.osPriqueueSize)
    i.osPriqueueTop                          0x08002104   Section        0  los_priqueue.o(i.osPriqueueTop)
    i.osQueueBufferOperate                   0x08002120   Section        0  los_queue.o(i.osQueueBufferOperate)
    osQueueBufferOperate                     0x08002121   Thumb Code   168  los_queue.o(i.osQueueBufferOperate)
    i.osQueueOperate                         0x080021f0   Section        0  los_queue.o(i.osQueueOperate)
    i.osQueueWriteParameterCheck             0x08002360   Section        0  los_queue.o(i.osQueueWriteParameterCheck)
    osQueueWriteParameterCheck               0x08002361   Thumb Code    46  los_queue.o(i.osQueueWriteParameterCheck)
    i.osSwTmrStart                           0x08002394   Section        0  los_swtmr.o(i.osSwTmrStart)
    i.osSwTmrTimeoutHandle                   0x08002524   Section        0  los_swtmr.o(i.osSwTmrTimeoutHandle)
    osSwTmrTimeoutHandle                     0x08002525   Thumb Code    98  los_swtmr.o(i.osSwTmrTimeoutHandle)
    i.osSwtmrDelete                          0x0800258c   Section        0  los_swtmr.o(i.osSwtmrDelete)
    osSwtmrDelete                            0x0800258d   Thumb Code    26  los_swtmr.o(i.osSwtmrDelete)
    i.osSwtmrScan                            0x080025b0   Section        0  los_swtmr.o(i.osSwtmrScan)
    i.osTaskAdd2TimerList                    0x080025cc   Section        0  los_task.o(i.osTaskAdd2TimerList)
    i.osTaskScan                             0x08002650   Section        0  los_task.o(i.osTaskScan)
    i.osTaskWait                             0x08002704   Section        0  los_task.o(i.osTaskWait)
    i.osTaskWake                             0x08002750   Section        0  los_task.o(i.osTaskWake)
    i.osTickHandler                          0x08002790   Section        0  los_tick.o(i.osTickHandler)
    i.osTimerListDelete                      0x080027b8   Section        0  los_task.o(i.osTimerListDelete)
    i.osTimesliceCheck                       0x080027ec   Section        0  los_timeslice.o(i.osTimesliceCheck)
    .constdata                               0x08002824   Section       64  system_stm32l4xx.o(.constdata)
    .constdata                               0x08002864   Section        8  system_stm32l4xx.o(.constdata)
    .data                                    0x20000000   Section        4  stm32l4xx_hal.o(.data)
    .data                                    0x20000004   Section        4  system_stm32l4xx.o(.data)
    .data                                    0x20000008   Section        8  los_priqueue.o(.data)
    g_uwPriQueueBitmap                       0x20000008   Data           4  los_priqueue.o(.data)
    .data                                    0x20000010   Section       28  los_swtmr.o(.data)
    m_uwSwtimerRousesTime                    0x20000010   Data           4  los_swtmr.o(.data)
    m_pstRouses                              0x20000014   Data           4  los_swtmr.o(.data)
    m_pstRousesPrev                          0x20000018   Data           4  los_swtmr.o(.data)
    .data                                    0x2000002c   Section       72  los_task.o(.data)
    .data                                    0x20000074   Section        4  los_tick.o(.data)
    .data                                    0x20000078   Section       16  los_tick.o(.data)
    .data                                    0x20000088   Section        8  los_timeslice.o(.data)
    .data                                    0x20000090   Section       12  los_queue.o(.data)
    .data                                    0x2000009c   Section        4  stdout.o(.data)
    .bss                                     0x200000a0   Section      120  usart.o(.bss)
    .bss                                     0x20000118   Section       64  los_swtmr.o(.bss)
    STACK                                    0x20000158   Section     1024  startup_stm32l476xx.o(STACK)

    Global Symbols

    Symbol Name                              Value     Ov Type        Size  Object(Section)

    BuildAttributes$$THM_ISAv4$E$P$D$K$B$S$7EM$VFPi3$EXTD16$VFPS$VFMA$PE$A:L22UL41UL21$X:L11$S22US41US21$IEEE1$IW$USESV6$~STKCKD$USESV7$~SHL$OSPACE$ROPI$EBA8$MICROLIB$REQ8$PRES8$EABIv2 0x00000000   Number         0  anon$$obj.o ABSOLUTE
    __ARM_use_no_argv                        0x00000000   Number         0  main.o ABSOLUTE
    _printf_a                                0x00000000   Number         0  stubs.o ABSOLUTE
    _printf_c                                0x00000000   Number         0  stubs.o ABSOLUTE
    _printf_charcount                        0x00000000   Number         0  stubs.o ABSOLUTE
    _printf_d                                0x00000000   Number         0  stubs.o ABSOLUTE
    _printf_e                                0x00000000   Number         0  stubs.o ABSOLUTE
    _printf_f                                0x00000000   Number         0  stubs.o ABSOLUTE
    _printf_flags                            0x00000000   Number         0  stubs.o ABSOLUTE
    _printf_fp_dec                           0x00000000   Number         0  stubs.o ABSOLUTE
    _printf_fp_hex                           0x00000000   Number         0  stubs.o ABSOLUTE
    _printf_g                                0x00000000   Number         0  stubs.o ABSOLUTE
    _printf_i                                0x00000000   Number         0  stubs.o ABSOLUTE
    _printf_int_dec                          0x00000000   Number         0  stubs.o ABSOLUTE
    _printf_l                                0x00000000   Number         0  stubs.o ABSOLUTE
    _printf_lc                               0x00000000   Number         0  stubs.o ABSOLUTE
    _printf_ll                               0x00000000   Number         0  stubs.o ABSOLUTE
    _printf_lld                              0x00000000   Number         0  stubs.o ABSOLUTE
    _printf_lli                              0x00000000   Number         0  stubs.o ABSOLUTE
    _printf_llo                              0x00000000   Number         0  stubs.o ABSOLUTE
    _printf_llu                              0x00000000   Number         0  stubs.o ABSOLUTE
    _printf_llx                              0x00000000   Number         0  stubs.o ABSOLUTE
    _printf_longlong_dec                     0x00000000   Number         0  stubs.o ABSOLUTE
    _printf_longlong_hex                     0x00000000   Number         0  stubs.o ABSOLUTE
    _printf_longlong_oct                     0x00000000   Number         0  stubs.o ABSOLUTE
    _printf_ls                               0x00000000   Number         0  stubs.o ABSOLUTE
    _printf_mbtowc                           0x00000000   Number         0  stubs.o ABSOLUTE
    _printf_n                                0x00000000   Number         0  stubs.o ABSOLUTE
    _printf_o                                0x00000000   Number         0  stubs.o ABSOLUTE
    _printf_p                                0x00000000   Number         0  stubs.o ABSOLUTE
    _printf_percent                          0x00000000   Number         0  stubs.o ABSOLUTE
    _printf_pre_padding                      0x00000000   Number         0  stubs.o ABSOLUTE
    _printf_return_value                     0x00000000   Number         0  stubs.o ABSOLUTE
    _printf_s                                0x00000000   Number         0  stubs.o ABSOLUTE
    _printf_sizespec                         0x00000000   Number         0  stubs.o ABSOLUTE
    _printf_str                              0x00000000   Number         0  stubs.o ABSOLUTE
    _printf_truncate_signed                  0x00000000   Number         0  stubs.o ABSOLUTE
    _printf_truncate_unsigned                0x00000000   Number         0  stubs.o ABSOLUTE
    _printf_u                                0x00000000   Number         0  stubs.o ABSOLUTE
    _printf_wc                               0x00000000   Number         0  stubs.o ABSOLUTE
    _printf_wctomb                           0x00000000   Number         0  stubs.o ABSOLUTE
    _printf_widthprec                        0x00000000   Number         0  stubs.o ABSOLUTE
    _printf_x                                0x00000000   Number         0  stubs.o ABSOLUTE
    __cpp_initialize__aeabi_                  - Undefined Weak Reference
    __cxa_finalize                            - Undefined Weak Reference
    __decompress                              - Undefined Weak Reference
    _clock_init                               - Undefined Weak Reference
    _microlib_exit                            - Undefined Weak Reference
    __Vectors_Size                           0x00000188   Number         0  startup_stm32l476xx.o ABSOLUTE
    __Vectors                                0x08000000   Data           4  startup_stm32l476xx.o(RESET)
    __Vectors_End                            0x08000188   Data           0  startup_stm32l476xx.o(RESET)
    __main                                   0x08000189   Thumb Code     0  entry.o(.ARM.Collect$$$$00000000)
    _main_stk                                0x08000189   Thumb Code     0  entry2.o(.ARM.Collect$$$$00000001)
    _main_scatterload                        0x0800018d   Thumb Code     0  entry5.o(.ARM.Collect$$$$00000004)
    __main_after_scatterload                 0x08000191   Thumb Code     0  entry5.o(.ARM.Collect$$$$00000004)
    _main_clock                              0x08000191   Thumb Code     0  entry7b.o(.ARM.Collect$$$$00000008)
    _main_cpp_init                           0x08000191   Thumb Code     0  entry8b.o(.ARM.Collect$$$$0000000A)
    _main_init                               0x08000191   Thumb Code     0  entry9a.o(.ARM.Collect$$$$0000000B)
    __rt_final_cpp                           0x08000199   Thumb Code     0  entry10a.o(.ARM.Collect$$$$0000000D)
    __rt_final_exit                          0x08000199   Thumb Code     0  entry11a.o(.ARM.Collect$$$$0000000F)
    Reset_Handler                            0x0800019d   Thumb Code     8  startup_stm32l476xx.o(.text)
    ADC1_2_IRQHandler                        0x080001b7   Thumb Code     0  startup_stm32l476xx.o(.text)
    ADC3_IRQHandler                          0x080001b7   Thumb Code     0  startup_stm32l476xx.o(.text)
    CAN1_RX0_IRQHandler                      0x080001b7   Thumb Code     0  startup_stm32l476xx.o(.text)
    CAN1_RX1_IRQHandler                      0x080001b7   Thumb Code     0  startup_stm32l476xx.o(.text)
    CAN1_SCE_IRQHandler                      0x080001b7   Thumb Code     0  startup_stm32l476xx.o(.text)
    CAN1_TX_IRQHandler                       0x080001b7   Thumb Code     0  startup_stm32l476xx.o(.text)
    COMP_IRQHandler                          0x080001b7   Thumb Code     0  startup_stm32l476xx.o(.text)
    DFSDM1_FLT0_IRQHandler                   0x080001b7   Thumb Code     0  startup_stm32l476xx.o(.text)
    DFSDM1_FLT1_IRQHandler                   0x080001b7   Thumb Code     0  startup_stm32l476xx.o(.text)
    DFSDM1_FLT2_IRQHandler                   0x080001b7   Thumb Code     0  startup_stm32l476xx.o(.text)
    DFSDM1_FLT3_IRQHandler                   0x080001b7   Thumb Code     0  startup_stm32l476xx.o(.text)
    DMA1_Channel1_IRQHandler                 0x080001b7   Thumb Code     0  startup_stm32l476xx.o(.text)
    DMA1_Channel2_IRQHandler                 0x080001b7   Thumb Code     0  startup_stm32l476xx.o(.text)
    DMA1_Channel3_IRQHandler                 0x080001b7   Thumb Code     0  startup_stm32l476xx.o(.text)
    DMA1_Channel4_IRQHandler                 0x080001b7   Thumb Code     0  startup_stm32l476xx.o(.text)
    DMA1_Channel5_IRQHandler                 0x080001b7   Thumb Code     0  startup_stm32l476xx.o(.text)
    DMA1_Channel6_IRQHandler                 0x080001b7   Thumb Code     0  startup_stm32l476xx.o(.text)
    DMA1_Channel7_IRQHandler                 0x080001b7   Thumb Code     0  startup_stm32l476xx.o(.text)
    DMA2_Channel1_IRQHandler                 0x080001b7   Thumb Code     0  startup_stm32l476xx.o(.text)
    DMA2_Channel2_IRQHandler                 0x080001b7   Thumb Code     0  startup_stm32l476xx.o(.text)
    DMA2_Channel3_IRQHandler                 0x080001b7   Thumb Code     0  startup_stm32l476xx.o(.text)
    DMA2_Channel4_IRQHandler                 0x080001b7   Thumb Code     0  startup_stm32l476xx.o(.text)
    DMA2_Channel5_IRQHandler                 0x080001b7   Thumb Code     0  startup_stm32l476xx.o(.text)
    DMA2_Channel6_IRQHandler                 0x080001b7   Thumb Code     0  startup_stm32l476xx.o(.text)
    DMA2_Channel7_IRQHandler                 0x080001b7   Thumb Code     0  startup_stm32l476xx.o(.text)
    EXTI0_IRQHandler                         0x080001b7   Thumb Code     0  startup_stm32l476xx.o(.text)
    EXTI15_10_IRQHandler                     0x080001b7   Thumb Code     0  startup_stm32l476xx.o(.text)
    EXTI1_IRQHandler                         0x080001b7   Thumb Code     0  startup_stm32l476xx.o(.text)
    EXTI2_IRQHandler                         0x080001b7   Thumb Code     0  startup_stm32l476xx.o(.text)
    EXTI3_IRQHandler                         0x080001b7   Thumb Code     0  startup_stm32l476xx.o(.text)
    EXTI4_IRQHandler                         0x080001b7   Thumb Code     0  startup_stm32l476xx.o(.text)
    EXTI9_5_IRQHandler                       0x080001b7   Thumb Code     0  startup_stm32l476xx.o(.text)
    FLASH_IRQHandler                         0x080001b7   Thumb Code     0  startup_stm32l476xx.o(.text)
    FMC_IRQHandler                           0x080001b7   Thumb Code     0  startup_stm32l476xx.o(.text)
    FPU_IRQHandler                           0x080001b7   Thumb Code     0  startup_stm32l476xx.o(.text)
    I2C1_ER_IRQHandler                       0x080001b7   Thumb Code     0  startup_stm32l476xx.o(.text)
    I2C1_EV_IRQHandler                       0x080001b7   Thumb Code     0  startup_stm32l476xx.o(.text)
    I2C2_ER_IRQHandler                       0x080001b7   Thumb Code     0  startup_stm32l476xx.o(.text)
    I2C2_EV_IRQHandler                       0x080001b7   Thumb Code     0  startup_stm32l476xx.o(.text)
    I2C3_ER_IRQHandler                       0x080001b7   Thumb Code     0  startup_stm32l476xx.o(.text)
    I2C3_EV_IRQHandler                       0x080001b7   Thumb Code     0  startup_stm32l476xx.o(.text)
    LCD_IRQHandler                           0x080001b7   Thumb Code     0  startup_stm32l476xx.o(.text)
    LPTIM1_IRQHandler                        0x080001b7   Thumb Code     0  startup_stm32l476xx.o(.text)
    LPTIM2_IRQHandler                        0x080001b7   Thumb Code     0  startup_stm32l476xx.o(.text)
    LPUART1_IRQHandler                       0x080001b7   Thumb Code     0  startup_stm32l476xx.o(.text)
    OTG_FS_IRQHandler                        0x080001b7   Thumb Code     0  startup_stm32l476xx.o(.text)
    PVD_PVM_IRQHandler                       0x080001b7   Thumb Code     0  startup_stm32l476xx.o(.text)
    QUADSPI_IRQHandler                       0x080001b7   Thumb Code     0  startup_stm32l476xx.o(.text)
    RCC_IRQHandler                           0x080001b7   Thumb Code     0  startup_stm32l476xx.o(.text)
    RNG_IRQHandler                           0x080001b7   Thumb Code     0  startup_stm32l476xx.o(.text)
    RTC_Alarm_IRQHandler                     0x080001b7   Thumb Code     0  startup_stm32l476xx.o(.text)
    RTC_WKUP_IRQHandler                      0x080001b7   Thumb Code     0  startup_stm32l476xx.o(.text)
    SAI1_IRQHandler                          0x080001b7   Thumb Code     0  startup_stm32l476xx.o(.text)
    SAI2_IRQHandler                          0x080001b7   Thumb Code     0  startup_stm32l476xx.o(.text)
    SDMMC1_IRQHandler                        0x080001b7   Thumb Code     0  startup_stm32l476xx.o(.text)
    SPI1_IRQHandler                          0x080001b7   Thumb Code     0  startup_stm32l476xx.o(.text)
    SPI2_IRQHandler                          0x080001b7   Thumb Code     0  startup_stm32l476xx.o(.text)
    SPI3_IRQHandler                          0x080001b7   Thumb Code     0  startup_stm32l476xx.o(.text)
    SWPMI1_IRQHandler                        0x080001b7   Thumb Code     0  startup_stm32l476xx.o(.text)
    TAMP_STAMP_IRQHandler                    0x080001b7   Thumb Code     0  startup_stm32l476xx.o(.text)
    TIM1_BRK_TIM15_IRQHandler                0x080001b7   Thumb Code     0  startup_stm32l476xx.o(.text)
    TIM1_CC_IRQHandler                       0x080001b7   Thumb Code     0  startup_stm32l476xx.o(.text)
    TIM1_TRG_COM_TIM17_IRQHandler            0x080001b7   Thumb Code     0  startup_stm32l476xx.o(.text)
    TIM1_UP_TIM16_IRQHandler                 0x080001b7   Thumb Code     0  startup_stm32l476xx.o(.text)
    TIM2_IRQHandler                          0x080001b7   Thumb Code     0  startup_stm32l476xx.o(.text)
    TIM3_IRQHandler                          0x080001b7   Thumb Code     0  startup_stm32l476xx.o(.text)
    TIM4_IRQHandler                          0x080001b7   Thumb Code     0  startup_stm32l476xx.o(.text)
    TIM5_IRQHandler                          0x080001b7   Thumb Code     0  startup_stm32l476xx.o(.text)
    TIM6_DAC_IRQHandler                      0x080001b7   Thumb Code     0  startup_stm32l476xx.o(.text)
    TIM7_IRQHandler                          0x080001b7   Thumb Code     0  startup_stm32l476xx.o(.text)
    TIM8_BRK_IRQHandler                      0x080001b7   Thumb Code     0  startup_stm32l476xx.o(.text)
    TIM8_CC_IRQHandler                       0x080001b7   Thumb Code     0  startup_stm32l476xx.o(.text)
    TIM8_TRG_COM_IRQHandler                  0x080001b7   Thumb Code     0  startup_stm32l476xx.o(.text)
    TIM8_UP_IRQHandler                       0x080001b7   Thumb Code     0  startup_stm32l476xx.o(.text)
    TSC_IRQHandler                           0x080001b7   Thumb Code     0  startup_stm32l476xx.o(.text)
    UART4_IRQHandler                         0x080001b7   Thumb Code     0  startup_stm32l476xx.o(.text)
    UART5_IRQHandler                         0x080001b7   Thumb Code     0  startup_stm32l476xx.o(.text)
    USART1_IRQHandler                        0x080001b7   Thumb Code     0  startup_stm32l476xx.o(.text)
    USART2_IRQHandler                        0x080001b7   Thumb Code     0  startup_stm32l476xx.o(.text)
    USART3_IRQHandler                        0x080001b7   Thumb Code     0  startup_stm32l476xx.o(.text)
    WWDG_IRQHandler                          0x080001b7   Thumb Code     0  startup_stm32l476xx.o(.text)
    LOS_StartToRun                           0x080001c1   Thumb Code     0  los_dispatch_keil.o(.text)
    LOS_IntLock                              0x0800020d   Thumb Code     0  los_dispatch_keil.o(.text)
    LOS_IntUnLock                            0x08000215   Thumb Code     0  los_dispatch_keil.o(.text)
    LOS_IntRestore                           0x0800021d   Thumb Code     0  los_dispatch_keil.o(.text)
    osTaskSchedule                           0x08000223   Thumb Code     0  los_dispatch_keil.o(.text)
    PendSV_Handler                           0x0800022d   Thumb Code     0  los_dispatch_keil.o(.text)
    __aeabi_uldivmod                         0x080002c3   Thumb Code    98  uldiv.o(.text)
    __aeabi_memcpy                           0x0800032b   Thumb Code    36  memcpya.o(.text)
    __aeabi_memcpy4                          0x0800032b   Thumb Code     0  memcpya.o(.text)
    __aeabi_memcpy8                          0x0800032b   Thumb Code     0  memcpya.o(.text)
    __aeabi_memset                           0x0800034f   Thumb Code    14  memseta.o(.text)
    __aeabi_memset4                          0x0800034f   Thumb Code     0  memseta.o(.text)
    __aeabi_memset8                          0x0800034f   Thumb Code     0  memseta.o(.text)
    __aeabi_memclr                           0x0800035d   Thumb Code     4  memseta.o(.text)
    __aeabi_memclr4                          0x0800035d   Thumb Code     0  memseta.o(.text)
    __aeabi_memclr8                          0x0800035d   Thumb Code     0  memseta.o(.text)
    _memset$wrapper                          0x08000361   Thumb Code    18  memseta.o(.text)
    __aeabi_llsl                             0x08000373   Thumb Code    30  llshl.o(.text)
    _ll_shift_l                              0x08000373   Thumb Code     0  llshl.o(.text)
    __aeabi_llsr                             0x08000391   Thumb Code    32  llushr.o(.text)
    _ll_ushift_r                             0x08000391   Thumb Code     0  llushr.o(.text)
    __scatterload                            0x080003b1   Thumb Code    28  init.o(.text)
    __scatterload_rt2                        0x080003b1   Thumb Code     0  init.o(.text)
    BusFault_Handler                         0x080003d5   Thumb Code     2  stm32l4xx_it.o(i.BusFault_Handler)
    __I$use$semihosting$fputc                0x080003d5   Thumb Code     0  iusesemip.o(.text)
    __semihosting_library_function           0x080003d5   Thumb Code     0  semi.o(.text)
    DebugMon_Handler                         0x080003d7   Thumb Code     2  stm32l4xx_it.o(i.DebugMon_Handler)
    Error_Handler                            0x080003d9   Thumb Code     2  main.o(i.Error_Handler)
    HAL_GPIO_Init                            0x080003dd   Thumb Code   414  stm32l4xx_hal_gpio.o(i.HAL_GPIO_Init)
    HAL_GPIO_WritePin                        0x080005a7   Thumb Code    10  stm32l4xx_hal_gpio.o(i.HAL_GPIO_WritePin)
    HAL_GetTick                              0x080005b1   Thumb Code     6  stm32l4xx_hal.o(i.HAL_GetTick)
    HAL_Init                                 0x080005bd   Thumb Code    30  stm32l4xx_hal.o(i.HAL_Init)
    HAL_InitTick                             0x080005dd   Thumb Code    42  stm32l4xx_hal.o(i.HAL_InitTick)
    HAL_MspInit                              0x0800060d   Thumb Code    38  stm32l4xx_hal_msp.o(i.HAL_MspInit)
    HAL_NVIC_SetPriority                     0x08000639   Thumb Code    60  stm32l4xx_hal_cortex.o(i.HAL_NVIC_SetPriority)
    HAL_NVIC_SetPriorityGrouping             0x08000679   Thumb Code    26  stm32l4xx_hal_cortex.o(i.HAL_NVIC_SetPriorityGrouping)
    HAL_PWREx_ControlVoltageScaling          0x0800069d   Thumb Code    90  stm32l4xx_hal_pwr_ex.o(i.HAL_PWREx_ControlVoltageScaling)
    HAL_PWREx_GetVoltageRange                0x08000705   Thumb Code    10  stm32l4xx_hal_pwr_ex.o(i.HAL_PWREx_GetVoltageRange)
    HAL_RCCEx_PeriphCLKConfig                0x08000715   Thumb Code   928  stm32l4xx_hal_rcc_ex.o(i.HAL_RCCEx_PeriphCLKConfig)
    HAL_RCC_ClockConfig                      0x08000ac5   Thumb Code   264  stm32l4xx_hal_rcc.o(i.HAL_RCC_ClockConfig)
    HAL_RCC_GetPCLK1Freq                     0x08000bdd   Thumb Code    24  stm32l4xx_hal_rcc.o(i.HAL_RCC_GetPCLK1Freq)
    HAL_RCC_GetPCLK2Freq                     0x08000c01   Thumb Code    24  stm32l4xx_hal_rcc.o(i.HAL_RCC_GetPCLK2Freq)
    HAL_RCC_GetSysClockFreq                  0x08000c25   Thumb Code   152  stm32l4xx_hal_rcc.o(i.HAL_RCC_GetSysClockFreq)
    HAL_RCC_OscConfig                        0x08000cc9   Thumb Code  1118  stm32l4xx_hal_rcc.o(i.HAL_RCC_OscConfig)
    HAL_SYSTICK_Config                       0x0800112d   Thumb Code    40  stm32l4xx_hal_cortex.o(i.HAL_SYSTICK_Config)
    HAL_UART_Init                            0x08001155   Thumb Code   106  stm32l4xx_hal_uart.o(i.HAL_UART_Init)
    HAL_UART_MspInit                         0x080011c1   Thumb Code    92  usart.o(i.HAL_UART_MspInit)
    HardFault_Handler                        0x08001225   Thumb Code     2  stm32l4xx_it.o(i.HardFault_Handler)
    LOS_QueueWriteCopy                       0x0800124f   Thumb Code    38  los_queue.o(i.LOS_QueueWriteCopy)
    LOS_Schedule                             0x08001275   Thumb Code    54  los_hw.o(i.LOS_Schedule)
    LOS_TaskYield                            0x080012b5   Thumb Code   102  los_task.o(i.LOS_TaskYield)
    MX_GPIO_Init                             0x08001325   Thumb Code   100  gpio.o(i.MX_GPIO_Init)
    MX_USART1_UART_Init                      0x08001391   Thumb Code    52  usart.o(i.MX_USART1_UART_Init)
    MemManage_Handler                        0x080013cd   Thumb Code     2  stm32l4xx_it.o(i.MemManage_Handler)
    NMI_Handler                              0x080013cf   Thumb Code     2  stm32l4xx_it.o(i.NMI_Handler)
    SVC_Handler                              0x080016a1   Thumb Code     2  stm32l4xx_it.o(i.SVC_Handler)
    SysTick_Handler                          0x080016a5   Thumb Code    28  los_hwi.o(i.SysTick_Handler)
    SystemClock_Config                       0x080016c9   Thumb Code   106  main.o(i.SystemClock_Config)
    SystemInit                               0x08001735   Thumb Code    56  system_stm32l4xx.o(i.SystemInit)
    UART_AdvFeatureConfig                    0x08001779   Thumb Code   200  stm32l4xx_hal_uart.o(i.UART_AdvFeatureConfig)
    UART_CheckIdleState                      0x08001841   Thumb Code    92  stm32l4xx_hal_uart.o(i.UART_CheckIdleState)
    UART_SetConfig                           0x0800189d   Thumb Code   622  stm32l4xx_hal_uart.o(i.UART_SetConfig)
    UART_WaitOnFlagUntilTimeout              0x08001b3d   Thumb Code   100  stm32l4xx_hal_uart.o(i.UART_WaitOnFlagUntilTimeout)
    UsageFault_Handler                       0x08001ba1   Thumb Code     2  stm32l4xx_it.o(i.UsageFault_Handler)
    __0printf$8                              0x08001ba5   Thumb Code    22  printf8.o(i.__0printf$8)
    __1printf$8                              0x08001ba5   Thumb Code     0  printf8.o(i.__0printf$8)
    __2printf                                0x08001ba5   Thumb Code     0  printf8.o(i.__0printf$8)
    __scatterload_copy                       0x08001bc5   Thumb Code    14  handlers.o(i.__scatterload_copy)
    __scatterload_null                       0x08001bd3   Thumb Code     2  handlers.o(i.__scatterload_null)
    __scatterload_zeroinit                   0x08001bd5   Thumb Code    14  handlers.o(i.__scatterload_zeroinit)
    fputc                                    0x0800204d   Thumb Code    18  fputc.o(i.fputc)
    main                                     0x0800205f   Thumb Code    18  main.o(i.main)
    osIntNumGet                              0x08002071   Thumb Code     6  los_hwi.o(i.osIntNumGet)
    osPriqueueDequeue                        0x08002079   Thumb Code    50  los_priqueue.o(i.osPriqueueDequeue)
    osPriqueueEnqueue                        0x080020b1   Thumb Code    44  los_priqueue.o(i.osPriqueueEnqueue)
    osPriqueueSize                           0x080020e1   Thumb Code    30  los_priqueue.o(i.osPriqueueSize)
    osPriqueueTop                            0x08002105   Thumb Code    24  los_priqueue.o(i.osPriqueueTop)
    osQueueOperate                           0x080021f1   Thumb Code   342  los_queue.o(i.osQueueOperate)
    osSwTmrStart                             0x08002395   Thumb Code   382  los_swtmr.o(i.osSwTmrStart)
    osSwtmrScan                              0x080025b1   Thumb Code    24  los_swtmr.o(i.osSwtmrScan)
    osTaskAdd2TimerList                      0x080025cd   Thumb Code   126  los_task.o(i.osTaskAdd2TimerList)
    osTaskScan                               0x08002651   Thumb Code   174  los_task.o(i.osTaskScan)
    osTaskWait                               0x08002705   Thumb Code    70  los_task.o(i.osTaskWait)
    osTaskWake                               0x08002751   Thumb Code    64  los_task.o(i.osTaskWake)
    osTickHandler                            0x08002791   Thumb Code    34  los_tick.o(i.osTickHandler)
    osTimerListDelete                        0x080027b9   Thumb Code    48  los_task.o(i.osTimerListDelete)
    osTimesliceCheck                         0x080027ed   Thumb Code    44  los_timeslice.o(i.osTimesliceCheck)
    AHBPrescTable                            0x08002824   Data          16  system_stm32l4xx.o(.constdata)
    MSIRangeTable                            0x08002834   Data          48  system_stm32l4xx.o(.constdata)
    APBPrescTable                            0x08002864   Data           8  system_stm32l4xx.o(.constdata)
    Region$$Table$$Base                      0x0800286c   Number         0  anon$$obj.o(Region$$Table)
    Region$$Table$$Limit                     0x0800288c   Number         0  anon$$obj.o(Region$$Table)
    uwTick                                   0x20000000   Data           4  stm32l4xx_hal.o(.data)
    SystemCoreClock                          0x20000004   Data           4  system_stm32l4xx.o(.data)
    g_pstLosPriorityQueueList                0x2000000c   Data           4  los_priqueue.o(.data)
    m_uwSwTmrHandlerQueue                    0x2000001c   Data           4  los_swtmr.o(.data)
    m_pstSwtmrCBArray                        0x20000020   Data           4  los_swtmr.o(.data)
    m_pstSwtmrFreeList                       0x20000024   Data           4  los_swtmr.o(.data)
    m_pstSwtmrSortList                       0x20000028   Data           4  los_swtmr.o(.data)
    g_usLosTaskLock                          0x2000002c   Data           2  los_task.o(.data)
    g_pfnTskSwitchHook                       0x20000030   Data           4  los_task.o(.data)
    g_pfnUsrTskSwitchHook                    0x20000034   Data           4  los_task.o(.data)
    g_pstTaskCBArray                         0x20000038   Data           4  los_task.o(.data)
    g_uwTskMaxNum                            0x2000003c   Data           4  los_task.o(.data)
    g_uwIdleTaskID                           0x20000040   Data           4  los_task.o(.data)
    g_uwSwtmrTaskID                          0x20000044   Data           4  los_task.o(.data)
    g_bTaskScheduled                         0x20000048   Data           4  los_task.o(.data)
    g_stLosTask                              0x2000004c   Data           8  los_task.o(.data)
    g_stTaskTimerList                        0x20000054   Data           8  los_task.o(.data)
    g_stLosFreeTask                          0x2000005c   Data           8  los_task.o(.data)
    g_stTskRecyleList                        0x20000064   Data           8  los_task.o(.data)
    g_stTskSortLink                          0x2000006c   Data           8  los_task.o(.data)
    g_bSysTickStart                          0x20000074   Data           4  los_tick.o(.data)
    g_uwSysClock                             0x20000078   Data           4  los_tick.o(.data)
    g_ullTickCount                           0x20000080   Data           8  los_tick.o(.data)
    g_stTaskTimeSlice                        0x20000088   Data           8  los_timeslice.o(.data)
    g_pstAllQueue                            0x20000090   Data           4  los_queue.o(.data)
    g_stFreeQueueList                        0x20000094   Data           8  los_queue.o(.data)
    __stdout                                 0x2000009c   Data           4  stdout.o(.data)
    huart1                                   0x200000a0   Data         120  usart.o(.bss)
    m_uwSwTmrAlignID                         0x20000118   Data          64  los_swtmr.o(.bss)
    Image$$RW_IRAM1$$ZI$$Limit               0x20000558   Number         0  anon$$obj.o ABSOLUTE
    __initial_sp                             0x20000558   Data           0  startup_stm32l476xx.o(STACK)



==============================================================================

Memory Map of the image

  Image Entry point : 0x08000189

  Load Region LR_IROM1 (Base: 0x08000000, Size: 0x0000292c, Max: 0x00100000, ABSOLUTE)

    Execution Region ER_IROM1 (Exec base: 0x08000000, Load base: 0x08000000, Size: 0x0000288c, Max: 0x00100000, ABSOLUTE)

    Exec Addr    Load Addr    Size         Type   Attr      Idx    E Section Name        Object

    0x08000000   0x08000000   0x00000188   Data   RO            3    RESET               startup_stm32l476xx.o
    0x08000188   0x08000188   0x00000000   Code   RO         4551  * .ARM.Collect$$$$00000000  mc_w.l(entry.o)
    0x08000188   0x08000188   0x00000004   Code   RO         4833    .ARM.Collect$$$$00000001  mc_w.l(entry2.o)
    0x0800018c   0x0800018c   0x00000004   Code   RO         4836    .ARM.Collect$$$$00000004  mc_w.l(entry5.o)
    0x08000190   0x08000190   0x00000000   Code   RO         4838    .ARM.Collect$$$$00000008  mc_w.l(entry7b.o)
    0x08000190   0x08000190   0x00000000   Code   RO         4840    .ARM.Collect$$$$0000000A  mc_w.l(entry8b.o)
    0x08000190   0x08000190   0x00000008   Code   RO         4841    .ARM.Collect$$$$0000000B  mc_w.l(entry9a.o)
    0x08000198   0x08000198   0x00000000   Code   RO         4843    .ARM.Collect$$$$0000000D  mc_w.l(entry10a.o)
    0x08000198   0x08000198   0x00000000   Code   RO         4845    .ARM.Collect$$$$0000000F  mc_w.l(entry11a.o)
    0x08000198   0x08000198   0x00000004   Code   RO         4834    .ARM.Collect$$$$00002712  mc_w.l(entry2.o)
    0x0800019c   0x0800019c   0x00000024   Code   RO            4    .text               startup_stm32l476xx.o
    0x080001c0   0x080001c0   0x00000102   Code   RO         2861    .text               los_dispatch_keil.o
    0x080002c2   0x080002c2   0x00000068   Code   RO         4554    .text               mc_w.l(uldiv.o)
    0x0800032a   0x0800032a   0x00000024   Code   RO         4556    .text               mc_w.l(memcpya.o)
    0x0800034e   0x0800034e   0x00000024   Code   RO         4558    .text               mc_w.l(memseta.o)
    0x08000372   0x08000372   0x0000001e   Code   RO         4852    .text               mc_w.l(llshl.o)
    0x08000390   0x08000390   0x00000020   Code   RO         4854    .text               mc_w.l(llushr.o)
    0x080003b0   0x080003b0   0x00000024   Code   RO         4865    .text               mc_w.l(init.o)
    0x080003d4   0x080003d4   0x00000000   Code   RO         4867    .text               mc_w.l(semi.o)
    0x080003d4   0x080003d4   0x00000000   Code   RO         4870    .text               mc_w.l(iusesemip.o)
    0x080003d4   0x080003d4   0x00000002   Code   RO          219    i.BusFault_Handler  stm32l4xx_it.o
    0x080003d6   0x080003d6   0x00000002   Code   RO          220    i.DebugMon_Handler  stm32l4xx_it.o
    0x080003d8   0x080003d8   0x00000002   Code   RO           13    i.Error_Handler     main.o
    0x080003da   0x080003da   0x00000002   PAD
    0x080003dc   0x080003dc   0x000001ca   Code   RO         1950    i.HAL_GPIO_Init     stm32l4xx_hal_gpio.o
    0x080005a6   0x080005a6   0x0000000a   Code   RO         1954    i.HAL_GPIO_WritePin  stm32l4xx_hal_gpio.o
    0x080005b0   0x080005b0   0x0000000c   Code   RO          775    i.HAL_GetTick       stm32l4xx_hal.o
    0x080005bc   0x080005bc   0x0000001e   Code   RO          780    i.HAL_Init          stm32l4xx_hal.o
    0x080005da   0x080005da   0x00000002   PAD
    0x080005dc   0x080005dc   0x00000030   Code   RO          781    i.HAL_InitTick      stm32l4xx_hal.o
    0x0800060c   0x0800060c   0x0000002c   Code   RO          282    i.HAL_MspInit       stm32l4xx_hal_msp.o
    0x08000638   0x08000638   0x00000040   Code   RO         2497    i.HAL_NVIC_SetPriority  stm32l4xx_hal_cortex.o
    0x08000678   0x08000678   0x00000024   Code   RO         2498    i.HAL_NVIC_SetPriorityGrouping  stm32l4xx_hal_cortex.o
    0x0800069c   0x0800069c   0x00000068   Code   RO         2241    i.HAL_PWREx_ControlVoltageScaling  stm32l4xx_hal_pwr_ex.o
    0x08000704   0x08000704   0x00000010   Code   RO         2272    i.HAL_PWREx_GetVoltageRange  stm32l4xx_hal_pwr_ex.o
    0x08000714   0x08000714   0x000003ae   Code   RO         1607    i.HAL_RCCEx_PeriphCLKConfig  stm32l4xx_hal_rcc_ex.o
    0x08000ac2   0x08000ac2   0x00000002   PAD
    0x08000ac4   0x08000ac4   0x00000118   Code   RO         1492    i.HAL_RCC_ClockConfig  stm32l4xx_hal_rcc.o
    0x08000bdc   0x08000bdc   0x00000024   Code   RO         1498    i.HAL_RCC_GetPCLK1Freq  stm32l4xx_hal_rcc.o
    0x08000c00   0x08000c00   0x00000024   Code   RO         1499    i.HAL_RCC_GetPCLK2Freq  stm32l4xx_hal_rcc.o
    0x08000c24   0x08000c24   0x000000a4   Code   RO         1500    i.HAL_RCC_GetSysClockFreq  stm32l4xx_hal_rcc.o
    0x08000cc8   0x08000cc8   0x00000464   Code   RO         1503    i.HAL_RCC_OscConfig  stm32l4xx_hal_rcc.o
    0x0800112c   0x0800112c   0x00000028   Code   RO         2502    i.HAL_SYSTICK_Config  stm32l4xx_hal_cortex.o
    0x08001154   0x08001154   0x0000006a   Code   RO          368    i.HAL_UART_Init     stm32l4xx_hal_uart.o
    0x080011be   0x080011be   0x00000002   PAD
    0x080011c0   0x080011c0   0x00000064   Code   RO          178    i.HAL_UART_MspInit  usart.o
    0x08001224   0x08001224   0x00000002   Code   RO          221    i.HardFault_Handler  stm32l4xx_it.o
    0x08001226   0x08001226   0x0000000e   Code   RO         3282    i.LOS_ListAdd       los_task.o
    0x08001234   0x08001234   0x00000014   Code   RO         3283    i.LOS_ListDelete    los_task.o
    0x08001248   0x08001248   0x00000006   Code   RO         3284    i.LOS_ListTailInsert  los_task.o
    0x0800124e   0x0800124e   0x00000026   Code   RO         3806    i.LOS_QueueWriteCopy  los_queue.o
    0x08001274   0x08001274   0x00000040   Code   RO         2659    i.LOS_Schedule      los_hw.o
    0x080012b4   0x080012b4   0x00000070   Code   RO         3303    i.LOS_TaskYield     los_task.o
    0x08001324   0x08001324   0x0000006c   Code   RO          153    i.MX_GPIO_Init      gpio.o
    0x08001390   0x08001390   0x0000003c   Code   RO          179    i.MX_USART1_UART_Init  usart.o
    0x080013cc   0x080013cc   0x00000002   Code   RO          222    i.MemManage_Handler  stm32l4xx_it.o
    0x080013ce   0x080013ce   0x00000002   Code   RO          223    i.NMI_Handler       stm32l4xx_it.o
    0x080013d0   0x080013d0   0x00000020   Code   RO         2504    i.NVIC_SetPriority  stm32l4xx_hal_cortex.o
    0x080013f0   0x080013f0   0x0000012c   Code   RO         1611    i.RCCEx_PLLSAI1_Config  stm32l4xx_hal_rcc_ex.o
    0x0800151c   0x0800151c   0x00000108   Code   RO         1612    i.RCCEx_PLLSAI2_Config  stm32l4xx_hal_rcc_ex.o
    0x08001624   0x08001624   0x0000007c   Code   RO         1504    i.RCC_SetFlashLatencyFromMSIRange  stm32l4xx_hal_rcc.o
    0x080016a0   0x080016a0   0x00000002   Code   RO          224    i.SVC_Handler       stm32l4xx_it.o
    0x080016a2   0x080016a2   0x00000002   PAD
    0x080016a4   0x080016a4   0x00000024   Code   RO         2831    i.SysTick_Handler   los_hwi.o
    0x080016c8   0x080016c8   0x0000006a   Code   RO           14    i.SystemClock_Config  main.o
    0x08001732   0x08001732   0x00000002   PAD
    0x08001734   0x08001734   0x00000044   Code   RO         2622    i.SystemInit        system_stm32l4xx.o
    0x08001778   0x08001778   0x000000c8   Code   RO          381    i.UART_AdvFeatureConfig  stm32l4xx_hal_uart.o
    0x08001840   0x08001840   0x0000005c   Code   RO          382    i.UART_CheckIdleState  stm32l4xx_hal_uart.o
    0x0800189c   0x0800189c   0x000002a0   Code   RO          397    i.UART_SetConfig    stm32l4xx_hal_uart.o
    0x08001b3c   0x08001b3c   0x00000064   Code   RO          400    i.UART_WaitOnFlagUntilTimeout  stm32l4xx_hal_uart.o
    0x08001ba0   0x08001ba0   0x00000002   Code   RO          225    i.UsageFault_Handler  stm32l4xx_it.o
    0x08001ba2   0x08001ba2   0x00000002   PAD
    0x08001ba4   0x08001ba4   0x00000020   Code   RO         4771    i.__0printf$8       mc_w.l(printf8.o)
    0x08001bc4   0x08001bc4   0x0000000e   Code   RO         4873    i.__scatterload_copy  mc_w.l(handlers.o)
    0x08001bd2   0x08001bd2   0x00000002   Code   RO         4874    i.__scatterload_null  mc_w.l(handlers.o)
    0x08001bd4   0x08001bd4   0x0000000e   Code   RO         4875    i.__scatterload_zeroinit  mc_w.l(handlers.o)
    0x08001be2   0x08001be2   0x00000002   PAD
    0x08001be4   0x08001be4   0x00000416   Code   RO         4778    i._printf_core      mc_w.l(printf8.o)
    0x08001ffa   0x08001ffa   0x00000024   Code   RO         4779    i._printf_post_padding  mc_w.l(printf8.o)
    0x0800201e   0x0800201e   0x0000002e   Code   RO         4780    i._printf_pre_padding  mc_w.l(printf8.o)
    0x0800204c   0x0800204c   0x00000012   Code   RO         4847    i.fputc             mc_w.l(fputc.o)
    0x0800205e   0x0800205e   0x00000012   Code   RO           15    i.main              main.o
    0x08002070   0x08002070   0x00000006   Code   RO         2832    i.osIntNumGet       los_hwi.o
    0x08002076   0x08002076   0x00000002   PAD
    0x08002078   0x08002078   0x00000038   Code   RO         2916    i.osPriqueueDequeue  los_priqueue.o
    0x080020b0   0x080020b0   0x00000030   Code   RO         2917    i.osPriqueueEnqueue  los_priqueue.o
    0x080020e0   0x080020e0   0x00000024   Code   RO         2919    i.osPriqueueSize    los_priqueue.o
    0x08002104   0x08002104   0x0000001c   Code   RO         2920    i.osPriqueueTop     los_priqueue.o
    0x08002120   0x08002120   0x000000d0   Code   RO         3809    i.osQueueBufferOperate  los_queue.o
    0x080021f0   0x080021f0   0x0000016e   Code   RO         3813    i.osQueueOperate    los_queue.o
    0x0800235e   0x0800235e   0x00000002   PAD
    0x08002360   0x08002360   0x00000034   Code   RO         3815    i.osQueueWriteParameterCheck  los_queue.o
    0x08002394   0x08002394   0x0000018e   Code   RO         3016    i.osSwTmrStart      los_swtmr.o
    0x08002522   0x08002522   0x00000002   PAD
    0x08002524   0x08002524   0x00000068   Code   RO         3019    i.osSwTmrTimeoutHandle  los_swtmr.o
    0x0800258c   0x0800258c   0x00000024   Code   RO         3021    i.osSwtmrDelete     los_swtmr.o
    0x080025b0   0x080025b0   0x0000001c   Code   RO         3022    i.osSwtmrScan       los_swtmr.o
    0x080025cc   0x080025cc   0x00000084   Code   RO         3309    i.osTaskAdd2TimerList  los_task.o
    0x08002650   0x08002650   0x000000b4   Code   RO         3314    i.osTaskScan        los_task.o
    0x08002704   0x08002704   0x0000004c   Code   RO         3316    i.osTaskWait        los_task.o
    0x08002750   0x08002750   0x00000040   Code   RO         3317    i.osTaskWake        los_task.o
    0x08002790   0x08002790   0x00000028   Code   RO         3572    i.osTickHandler     los_tick.o
    0x080027b8   0x080027b8   0x00000034   Code   RO         3318    i.osTimerListDelete  los_task.o
    0x080027ec   0x080027ec   0x00000038   Code   RO         3624    i.osTimesliceCheck  los_timeslice.o
    0x08002824   0x08002824   0x00000040   Data   RO         2623    .constdata          system_stm32l4xx.o
    0x08002864   0x08002864   0x00000008   Data   RO         2624    .constdata          system_stm32l4xx.o
    0x0800286c   0x0800286c   0x00000020   Data   RO         4871    Region$$Table       anon$$obj.o


    Execution Region RW_IRAM1 (Exec base: 0x20000000, Load base: 0x0800288c, Size: 0x00000558, Max: 0x00018000, ABSOLUTE)

    Exec Addr    Load Addr    Size         Type   Attr      Idx    E Section Name        Object

    0x20000000   0x0800288c   0x00000004   Data   RW          796    .data               stm32l4xx_hal.o
    0x20000004   0x08002890   0x00000004   Data   RW         2625    .data               system_stm32l4xx.o
    0x20000008   0x08002894   0x00000008   Data   RW         2922    .data               los_priqueue.o
    0x20000010   0x0800289c   0x0000001c   Data   RW         3026    .data               los_swtmr.o
    0x2000002c   0x080028b8   0x00000048   Data   RW         3321    .data               los_task.o
    0x20000074   0x08002900   0x00000004   Data   RW         3573    .data               los_tick.o
    0x20000078   0x08002904   0x00000010   Data   RW         3574    .data               los_tick.o
    0x20000088   0x08002914   0x00000008   Data   RW         3626    .data               los_timeslice.o
    0x20000090   0x0800291c   0x0000000c   Data   RW         3816    .data               los_queue.o
    0x2000009c   0x08002928   0x00000004   Data   RW         4849    .data               mc_w.l(stdout.o)
    0x200000a0        -       0x00000078   Zero   RW          180    .bss                usart.o
    0x20000118        -       0x00000040   Zero   RW         3025    .bss                los_swtmr.o
    0x20000158        -       0x00000400   Zero   RW            1    STACK               startup_stm32l476xx.o


==============================================================================

Image component sizes


      Code (inc. data)   RO Data    RW Data    ZI Data      Debug   Object Name

       108          8          0          0          0        899   gpio.o
       258         24          0          0          0        444   los_dispatch_keil.o
        64         10          0          0          0      10483   los_hw.o
        42          8          0          0          0       5512   los_hwi.o
       168         20          0          8          0      12509   los_priqueue.o
       664         64          0         12          0      13333   los_queue.o
       566         30          0         28         64      12519   los_swtmr.o
       656         32          0         72          0      17234   los_task.o
        40          6          0         20          0       1064   los_tick.o
        56         12          0          8          0        831   los_timeslice.o
       126          0          0          0          0     790152   main.o
        36          8        392          0       1024        840   startup_stm32l476xx.o
        90         12          0          4          0       3045   stm32l4xx_hal.o
       172         14          0          0          0      29750   stm32l4xx_hal_cortex.o
       468         38          0          0          0       2460   stm32l4xx_hal_gpio.o
        44          6          0          0          0        830   stm32l4xx_hal_msp.o
       120         20          0          0          0       1374   stm32l4xx_hal_pwr_ex.o
      1764         86          0          0          0       6920   stm32l4xx_hal_rcc.o
      1506         44          0          0          0       4068   stm32l4xx_hal_rcc_ex.o
      1170         70          0          0          0       5301   stm32l4xx_hal_uart.o
        14          0          0          0          0       3203   stm32l4xx_it.o
        68         12         72          4          0       1221   system_stm32l4xx.o
       160         16          0          0        120       1694   usart.o

    ----------------------------------------------------------------------
      8380        540        496        156       1208     925686   Object Totals
         0          0         32          0          0          0   (incl. Generated)
        20          0          0          0          0          0   (incl. Padding)

    ----------------------------------------------------------------------

      Code (inc. data)   RO Data    RW Data    ZI Data      Debug   Library Member Name

         0          0          0          0          0          0   entry.o
         0          0          0          0          0          0   entry10a.o
         0          0          0          0          0          0   entry11a.o
         8          4          0          0          0          0   entry2.o
         4          0          0          0          0          0   entry5.o
         0          0          0          0          0          0   entry7b.o
         0          0          0          0          0          0   entry8b.o
         8          4          0          0          0          0   entry9a.o
        18          0          0          0          0         80   fputc.o
        30          0          0          0          0          0   handlers.o
        36          8          0          0          0         68   init.o
         0          0          0          0          0          0   iusesemip.o
        30          0          0          0          0         68   llshl.o
        32          0          0          0          0         68   llushr.o
        36          0          0          0          0         68   memcpya.o
        36          0          0          0          0        108   memseta.o
      1160         54          0          0          0        352   printf8.o
         0          0          0          0          0          0   semi.o
         0          0          0          4          0          0   stdout.o
       104          0          0          0          0         92   uldiv.o

    ----------------------------------------------------------------------
      1504         70          0          4          0        904   Library Totals
         2          0          0          0          0          0   (incl. Padding)

    ----------------------------------------------------------------------

      Code (inc. data)   RO Data    RW Data    ZI Data      Debug   Library Name

      1502         70          0          4          0        904   mc_w.l

    ----------------------------------------------------------------------
      1504         70          0          4          0        904   Library Totals

    ----------------------------------------------------------------------

==============================================================================


      Code (inc. data)   RO Data    RW Data    ZI Data      Debug   

      9884        610        496        160       1208     920578   Grand Totals
      9884        610        496        160       1208     920578   ELF Image Totals
      9884        610        496        160          0          0   ROM Totals

==============================================================================

    Total RO  Size (Code + RO Data)                10380 (  10.14kB)
    Total RW  Size (RW Data + ZI Data)              1368 (   1.34kB)
    Total ROM Size (Code + RO Data + RW Data)      10540 (  10.29kB)

==============================================================================

