<html>
<body>
<pre>
<h1>µVision Build Log</h1>
<h2>Tool Versions:</h2>
IDE-Version: ¦ÌVision V5.25.2.0
Copyright (C) 2018 ARM Ltd and ARM Germany GmbH. All rights reserved.
License Information: a a, a, LIC=03CSB-2J71Z-CJ06Z-JH09G-2FW8V-JBI13
 
Tool Versions:
Toolchain:       MDK-ARM Plus  Version: 5.25.2.0
Toolchain Path:  E:\Keil_MDK_ARM_5_25\ARM\ARMCC\Bin
C Compiler:      Armcc.exe V5.06 update 6 (build 750)
Assembler:       Armasm.exe V5.06 update 6 (build 750)
Linker/Locator:  ArmLink.exe V5.06 update 6 (build 750)
Library Manager: ArmAr.exe V5.06 update 6 (build 750)
Hex Converter:   FromElf.exe V5.06 update 6 (build 750)
CPU DLL:         SARMCM3.DLL V5.25.2.0
Dialog DLL:      DCM.DLL V1.17.1.0
Target DLL:      STLink\ST-LINKIII-KEIL_SWO.dll V3.0.1.0
Dialog DLL:      TCM.DLL V1.35.1.0
 
<h2>Project:</h2>
E:\STM32L476\clion_test\STM32L476LiteOS\MDK-ARM\STM32L476LiteOS.uvprojx
Project File Date:  02/03/2019

<h2>Output:</h2>
*** Using Compiler 'V5.06 update 6 (build 750)', folder: 'E:\Keil_MDK_ARM_5_25\ARM\ARMCC\Bin'
Rebuild target 'STM32L476LiteOS'
assembling startup_stm32l476xx.s...
compiling usart.c...
compiling gpio.c...
compiling stm32l4xx_hal_uart_ex.c...
compiling stm32l4xx_hal_uart.c...
compiling stm32l4xx_it.c...
compiling main.c...
compiling stm32l4xx_hal.c...
compiling stm32l4xx_hal_i2c_ex.c...
compiling stm32l4xx_hal_msp.c...
compiling stm32l4xx_hal_tim.c...
compiling stm32l4xx_hal_tim_ex.c...
compiling stm32l4xx_hal_i2c.c...
compiling stm32l4xx_hal_flash_ex.c...
compiling stm32l4xx_hal_rcc.c...
compiling stm32l4xx_hal_flash.c...
compiling stm32l4xx_hal_rcc_ex.c...
compiling system_stm32l4xx.c...
assembling los_dispatch_keil.S...
compiling stm32l4xx_hal_flash_ramfunc.c...
compiling stm32l4xx_hal_dma_ex.c...
compiling stm32l4xx_hal_cortex.c...
compiling stm32l4xx_hal_dma.c...
compiling stm32l4xx_hal_pwr_ex.c...
compiling stm32l4xx_hal_gpio.c...
compiling stm32l4xx_hal_pwr.c...
compiling los_hw_tick.c...
compiling los_hw.c...
compiling los_priqueue.c...
compiling los_mux.c...
compiling los_task.c...
compiling los_init.c...
compiling los_hwi.c...
compiling los_timeslice.c...
compiling los_swtmr.c...
compiling los_sys.c...
compiling los_event.c...
compiling los_tick.c...
compiling los_queue.c...
compiling los_err.c...
compiling los_misc.c...
compiling los_slabmem.c...
compiling los_tickless.c...
compiling los_memcheck.c...
compiling los_slab.c...
compiling los_heap.c...
compiling los_sem.c...
compiling los_memstat.c...
compiling los_memory.c...
compiling los_membox.c...
linking...
Program Size: Code=9884 RO-data=496 RW-data=160 ZI-data=1208  
FromELF: creating hex file...
"STM32L476LiteOS\STM32L476LiteOS.axf" - 0 Error(s), 0 Warning(s).

<h2>Software Packages used:</h2>

Package Vendor: ARM
                http://www.keil.com/pack/ARM.CMSIS.5.3.0.pack
                ARM.CMSIS.5.3.0
                CMSIS (Cortex Microcontroller Software Interface Standard)
   * Component: CORE Version: 5.1.1

Package Vendor: Keil
                http://www.keil.com/pack/Keil.STM32L4xx_DFP.2.0.0.pack
                Keil.STM32L4xx_DFP.2.0.0
                STMicroelectronics STM32L4 Series Device Support, Drivers and Examples

<h2>Collection of Component include folders:</h2>
  .\RTE\_STM32L476LiteOS
  E:\Keil_MDK_ARM_5_25\ARM\PACK\ARM\CMSIS\5.3.0\CMSIS\Include
  E:\Keil_MDK_ARM_5_25\ARM\PACK\Keil\STM32L4xx_DFP\2.0.0\Drivers\CMSIS\Device\ST\STM32L4xx\Include

<h2>Collection of Component Files used:</h2>

   * Component: ARM::CMSIS:CORE:5.1.1
Build Time Elapsed:  00:01:46
</pre>
</body>
</html>
